<html>
<body>
<pre>
<h1>µVision Build Log</h1>
<h2>Tool Versions:</h2>
IDE-Version: ¦ÌVision V5.38.0.0
Copyright (C) 2022 ARM Ltd and ARM Germany GmbH. All rights reserved.
License Information: l lyl, ll, LIC=YA39H-W9EC1-8TI3P-MMA02-N50I2-YZTLE
 
Tool Versions:
Toolchain:       MDK-ARM Plus  Version: 5.38.0.0
Toolchain Path:  D:\KEIL\keil\ARM\ARMCC\Bin
C Compiler:      Armcc.exe V5.06 update 7 (build 960)
Assembler:       Armasm.exe V5.06 update 7 (build 960)
Linker/Locator:  ArmLink.exe V5.06 update 7 (build 960)
Library Manager: ArmAr.exe V5.06 update 7 (build 960)
Hex Converter:   FromElf.exe V5.06 update 7 (build 960)
CPU DLL:         SARMCM3.DLL V5.38.0.0
Dialog DLL:      DCM.DLL V1.17.5.0
Target DLL:      Segger\JL2CM3.dll V2.99.26.0
Dialog DLL:      TCM.DLL V1.56.4.0
 
<h2>Project:</h2>
D:\GITHUB_PUSH\GD32\Basics\Basics.uvprojx
Project File Date:  10/10/2024

<h2>Output:</h2>
*** Using Compiler 'V5.06 update 7 (build 960)', folder: 'D:\KEIL\keil\ARM\ARMCC\Bin'
Rebuild target 'Basics'
compiling usb_drv.c...
compiling main.c...
compiling led_drv.c...
assembling startup_gd32f30x_hd.s...
compiling queue.c...
compiling Hmi_App.c...
compiling usb_APP.c...
compiling gd32f30x_timer.c...
compiling system_gd32f30x.c...
compiling systick.c...
compiling gd32f30x_misc.c...
compiling gd32f30x_exti.c...
compiling key_drv.c...
compiling gd32f30x_usart.c...
compiling gd32f30x_gpio.c...
compiling gd32f30x_rcu.c...
linking...
Program Size: Code=6818 RO-data=406 RW-data=164 ZI-data=2564  
".\Objects\Basics.axf" - 0 Error(s), 0 Warning(s).

<h2>Software Packages used:</h2>

Package Vendor: GigaDevice
                https://gd32mcu.com/data/documents/pack/GigaDevice.GD32F30x_DFP.2.2.1.pack
                GigaDevice.GD32F30x_DFP.2.2.1
                GigaDevice GD32F30x Series Device Support and Examples

<h2>Collection of Component include folders:</h2>
  D:/KEIL/keil/GigaDevice/GD32F30x_DFP/2.2.1/Device/Include

<h2>Collection of Component Files used:</h2>
Build Time Elapsed:  00:00:02
</pre>
</body>
</html>
