Component: ARM Compiler 5.06 update 7 (build 960) Tool: armlink [4d3601]

==============================================================================

Section Cross References

    main.o(i.appInit) refers to usbapp.o(i.usbAppInit) for usbAppInit
    main.o(i.driverInit) refers to systick.o(i.SystickInit) for SystickInit
    main.o(i.driverInit) refers to led_drv.o(i.LedDrvInit) for LedDrvInit
    main.o(i.driverInit) refers to key_drv.o(i.KeyDrvInit) for KeyDrvInit
    main.o(i.driverInit) refers to usb_drv.o(i.UsbDrvInit) for UsbDrvInit
    main.o(i.main) refers to main.o(i.driverInit) for driverInit
    main.o(i.main) refers to main.o(i.appInit) for appInit
    main.o(i.main) refers to usbapp.o(i.UsbTask) for UsbTask
    usbapp.o(i.CtrlLed) refers to led_drv.o(i.TurnOnLed) for TurnOnLed
    usbapp.o(i.CtrlLed) refers to led_drv.o(i.TurnOffLed) for TurnOffLed
    usbapp.o(i.ProcUartData) refers to queue.o(i.QueuePush) for QueuePush
    usbapp.o(i.ProcUartData) refers to usbapp.o(.bss) for g_rcvQueue
    usbapp.o(i.UsbTask) refers to _printf_pad.o(.text) for _printf_pre_padding
    usbapp.o(i.UsbTask) refers to _printf_percent.o(.ARM.Collect$$_printf_percent$$00000000) for _printf_percent
    usbapp.o(i.UsbTask) refers to _printf_x.o(.ARM.Collect$$_printf_percent$$0000000C) for _printf_x
    usbapp.o(i.UsbTask) refers to _printf_hex_int.o(.text) for _printf_longlong_hex
    usbapp.o(i.UsbTask) refers to queue.o(i.QueuePop) for QueuePop
    usbapp.o(i.UsbTask) refers to queue.o(i.QueuePopArray) for QueuePopArray
    usbapp.o(i.UsbTask) refers to usbapp.o(i.CalXorSum) for CalXorSum
    usbapp.o(i.UsbTask) refers to usbapp.o(i.CtrlLed) for CtrlLed
    usbapp.o(i.UsbTask) refers to noretval__2printf.o(.text) for __2printf
    usbapp.o(i.UsbTask) refers to usbapp.o(.bss) for g_rcvQueue
    usbapp.o(i.usbAppInit) refers to usb_drv.o(i.regUsb2ComCb) for regUsb2ComCb
    usbapp.o(i.usbAppInit) refers to queue.o(i.QueueInit) for QueueInit
    usbapp.o(i.usbAppInit) refers to usbapp.o(i.ProcUartData) for ProcUartData
    usbapp.o(i.usbAppInit) refers to usbapp.o(.bss) for g_rcvDataBuf
    led_drv.o(i.LedDrvInit) refers to gd32f30x_rcu.o(i.rcu_periph_clock_enable) for rcu_periph_clock_enable
    led_drv.o(i.LedDrvInit) refers to gd32f30x_gpio.o(i.gpio_init) for gpio_init
    led_drv.o(i.LedDrvInit) refers to gd32f30x_gpio.o(i.gpio_bit_reset) for gpio_bit_reset
    led_drv.o(i.LedDrvInit) refers to led_drv.o(.data) for g_gpioList
    led_drv.o(i.ToggleLed) refers to gd32f30x_gpio.o(i.gpio_input_bit_get) for gpio_input_bit_get
    led_drv.o(i.ToggleLed) refers to gd32f30x_gpio.o(i.gpio_bit_write) for gpio_bit_write
    led_drv.o(i.ToggleLed) refers to led_drv.o(.data) for g_gpioList
    led_drv.o(i.TurnOffLed) refers to gd32f30x_gpio.o(i.gpio_bit_reset) for gpio_bit_reset
    led_drv.o(i.TurnOffLed) refers to led_drv.o(.data) for g_gpioList
    led_drv.o(i.TurnOnLed) refers to gd32f30x_gpio.o(i.gpio_bit_set) for gpio_bit_set
    led_drv.o(i.TurnOnLed) refers to led_drv.o(.data) for g_gpioList
    key_drv.o(i.GetKeyVal) refers to key_drv.o(i.KeyScan) for KeyScan
    key_drv.o(i.KeyDrvInit) refers to gd32f30x_rcu.o(i.rcu_periph_clock_enable) for rcu_periph_clock_enable
    key_drv.o(i.KeyDrvInit) refers to gd32f30x_gpio.o(i.gpio_init) for gpio_init
    key_drv.o(i.KeyDrvInit) refers to key_drv.o(.data) for g_gpioList
    key_drv.o(i.KeyScan) refers to gd32f30x_gpio.o(i.gpio_input_bit_get) for gpio_input_bit_get
    key_drv.o(i.KeyScan) refers to systick.o(i.GetSysRunTime) for GetSysRunTime
    key_drv.o(i.KeyScan) refers to key_drv.o(.data) for g_gpioList
    key_drv.o(i.KeyScan) refers to key_drv.o(.bss) for g_keyInfo
    systick.o(i.GetSysRunTime) refers to systick.o(.data) for g_sysRunTime
    systick.o(i.SysTick_Handler) refers to systick.o(.data) for g_sysRunTime
    systick.o(i.SystickInit) refers to gd32f30x_rcu.o(i.rcu_clock_freq_get) for rcu_clock_freq_get
    usb_drv.o(i.USART0_IRQHandler) refers to gd32f30x_usart.o(i.usart_interrupt_flag_get) for usart_interrupt_flag_get
    usb_drv.o(i.USART0_IRQHandler) refers to gd32f30x_usart.o(i.usart_interrupt_flag_clear) for usart_interrupt_flag_clear
    usb_drv.o(i.USART0_IRQHandler) refers to gd32f30x_usart.o(i.usart_data_receive) for usart_data_receive
    usb_drv.o(i.USART0_IRQHandler) refers to usb_drv.o(.data) for g_uartHwInfo
    usb_drv.o(i.UsbDrvInit) refers to usb_drv.o(i.UsbGpioInit) for UsbGpioInit
    usb_drv.o(i.UsbDrvInit) refers to usb_drv.o(i.UsbUartInit) for UsbUartInit
    usb_drv.o(i.UsbGpioInit) refers to gd32f30x_rcu.o(i.rcu_periph_clock_enable) for rcu_periph_clock_enable
    usb_drv.o(i.UsbGpioInit) refers to gd32f30x_gpio.o(i.gpio_init) for gpio_init
    usb_drv.o(i.UsbGpioInit) refers to usb_drv.o(.data) for g_uartHwInfo
    usb_drv.o(i.UsbUartInit) refers to gd32f30x_rcu.o(i.rcu_periph_clock_enable) for rcu_periph_clock_enable
    usb_drv.o(i.UsbUartInit) refers to gd32f30x_usart.o(i.usart_deinit) for usart_deinit
[...]
    Removing gd32f30x_timer.o(i.timer_interrupt_enable), (8 bytes).
    Removing gd32f30x_timer.o(i.timer_interrupt_flag_clear), (6 bytes).
    Removing gd32f30x_timer.o(i.timer_interrupt_flag_get), (24 bytes).
    Removing gd32f30x_timer.o(i.timer_master_output_trigger_source_select), (16 bytes).
    Removing gd32f30x_timer.o(i.timer_master_slave_mode_config), (26 bytes).
    Removing gd32f30x_timer.o(i.timer_output_value_selection_config), (34 bytes).
    Removing gd32f30x_timer.o(i.timer_prescaler_config), (14 bytes).
    Removing gd32f30x_timer.o(i.timer_prescaler_read), (10 bytes).
    Removing gd32f30x_timer.o(i.timer_primary_output_config), (24 bytes).
    Removing gd32f30x_timer.o(i.timer_quadrature_decoder_mode_config), (64 bytes).
    Removing gd32f30x_timer.o(i.timer_repetition_value_config), (4 bytes).
    Removing gd32f30x_timer.o(i.timer_single_pulse_mode_config), (26 bytes).
    Removing gd32f30x_timer.o(i.timer_slave_mode_select), (16 bytes).
    Removing gd32f30x_timer.o(i.timer_struct_para_init), (22 bytes).
    Removing gd32f30x_timer.o(i.timer_update_event_disable), (10 bytes).
    Removing gd32f30x_timer.o(i.timer_update_event_enable), (10 bytes).
    Removing gd32f30x_timer.o(i.timer_update_source_config), (26 bytes).
    Removing gd32f30x_timer.o(i.timer_write_chxval_register_config), (34 bytes).
    Removing system_gd32f30x.o(.rev16_text), (4 bytes).
    Removing system_gd32f30x.o(.revsh_text), (4 bytes).
    Removing system_gd32f30x.o(i.SystemCoreClockUpdate), (316 bytes).
    Removing system_gd32f30x.o(.data), (4 bytes).

213 unused section(s) (total 7864 bytes) removed from the image.

==============================================================================

Image Symbol Table

    Local Symbols

    Symbol Name                              Value     Ov Type        Size  Object(Section)

    ../clib/angel/boardlib.s                 0x00000000   Number         0  boardinit1.o ABSOLUTE
    ../clib/angel/boardlib.s                 0x00000000   Number         0  boardinit2.o ABSOLUTE
    ../clib/angel/boardlib.s                 0x00000000   Number         0  boardinit3.o ABSOLUTE
    ../clib/angel/boardlib.s                 0x00000000   Number         0  boardshut.o ABSOLUTE
    ../clib/angel/handlers.s                 0x00000000   Number         0  __scatter_zi.o ABSOLUTE
    ../clib/angel/handlers.s                 0x00000000   Number         0  __scatter_copy.o ABSOLUTE
    ../clib/angel/kernel.s                   0x00000000   Number         0  __rtentry4.o ABSOLUTE
    ../clib/angel/kernel.s                   0x00000000   Number         0  rtexit2.o ABSOLUTE
    ../clib/angel/kernel.s                   0x00000000   Number         0  __rtentry.o ABSOLUTE
    ../clib/angel/kernel.s                   0x00000000   Number         0  rtexit.o ABSOLUTE
    ../clib/angel/kernel.s                   0x00000000   Number         0  __rtentry2.o ABSOLUTE
    ../clib/angel/rt.s                       0x00000000   Number         0  rt_errno_addr_intlibspace.o ABSOLUTE
    ../clib/angel/rt.s                       0x00000000   Number         0  rt_raise.o ABSOLUTE
    ../clib/angel/rt.s                       0x00000000   Number         0  rt_heap_descriptor.o ABSOLUTE
    ../clib/angel/rt.s                       0x00000000   Number         0  rt_heap_descriptor_intlibspace.o ABSOLUTE
    ../clib/angel/rt.s                       0x00000000   Number         0  rt_errno_addr.o ABSOLUTE
    ../clib/angel/scatter.s                  0x00000000   Number         0  __scatter.o ABSOLUTE
    ../clib/angel/startup.s                  0x00000000   Number         0  __main.o ABSOLUTE
    ../clib/angel/sys.s                      0x00000000   Number         0  libspace.o ABSOLUTE
    ../clib/angel/sys.s                      0x00000000   Number         0  use_no_semi.o ABSOLUTE
    ../clib/angel/sys.s                      0x00000000   Number         0  indicate_semi.o ABSOLUTE
    ../clib/angel/sys.s                      0x00000000   Number         0  sys_stackheap_outer.o ABSOLUTE
    ../clib/angel/sys.s                      0x00000000   Number         0  mutex_dummy.o ABSOLUTE
    ../clib/angel/sysapp.c                   0x00000000   Number         0  sys_io.o ABSOLUTE
    ../clib/angel/sysapp.c                   0x00000000   Number         0  sys_wrch.o ABSOLUTE
    ../clib/angel/sysapp.c                   0x00000000   Number         0  sys_command.o ABSOLUTE
    ../clib/angel/sysapp.c                   0x00000000   Number         0  sys_exit.o ABSOLUTE
    ../clib/armsys.c                         0x00000000   Number         0  no_argv.o ABSOLUTE
    ../clib/armsys.c                         0x00000000   Number         0  argv_veneer.o ABSOLUTE
    ../clib/armsys.c                         0x00000000   Number         0  _get_argv.o ABSOLUTE
    ../clib/armsys.c                         0x00000000   Number         0  _get_argv_nomalloc.o ABSOLUTE
    ../clib/armsys.c                         0x00000000   Number         0  argv_veneer.o ABSOLUTE
    ../clib/heap1.c                          0x00000000   Number         0  h1_free_mt.o ABSOLUTE
    ../clib/heap1.c                          0x00000000   Number         0  h1_free.o ABSOLUTE
    ../clib/heap1.c                          0x00000000   Number         0  h1_extend_mt.o ABSOLUTE
    ../clib/heap1.c                          0x00000000   Number         0  h1_init_mt.o ABSOLUTE
    ../clib/heap1.c                          0x00000000   Number         0  h1_final_mt.o ABSOLUTE
    ../clib/heap1.c                          0x00000000   Number         0  h1_final.o ABSOLUTE
    ../clib/heap1.c                          0x00000000   Number         0  h1_alloc.o ABSOLUTE
    ../clib/heap1.c                          0x00000000   Number         0  h1_alloc_mt.o ABSOLUTE
    ../clib/heap1.c                          0x00000000   Number         0  h1_init.o ABSOLUTE
    ../clib/heap1.c                          0x00000000   Number         0  h1_extend.o ABSOLUTE
    ../clib/heap2.c                          0x00000000   Number         0  heap2mt.o ABSOLUTE
    ../clib/heap2.c                          0x00000000   Number         0  fdtree.o ABSOLUTE
    ../clib/heap2.c                          0x00000000   Number         0  heap2.o ABSOLUTE
    ../clib/heapalloc.c                      0x00000000   Number         0  heapstubs.o ABSOLUTE
    ../clib/heapalloc.c                      0x00000000   Number         0  hguard.o ABSOLUTE
    ../clib/heapalloc.c                      0x00000000   Number         0  hrguard.o ABSOLUTE
    ../clib/heapalloc.c                      0x00000000   Number         0  maybetermalloc1.o ABSOLUTE
    ../clib/heapalloc.c                      0x00000000   Number         0  maybetermalloc1.o ABSOLUTE
    ../clib/heapalloc.c                      0x00000000   Number         0  malloc.o ABSOLUTE
    ../clib/heapalloc.c                      0x00000000   Number         0  maybetermalloc2.o ABSOLUTE
    ../clib/heapalloc.c                      0x00000000   Number         0  free.o ABSOLUTE
    ../clib/heapalloc.c                      0x00000000   Number         0  init_alloc.o ABSOLUTE
    ../clib/heapalloc.c                      0x00000000   Number         0  maybetermalloc2.o ABSOLUTE
    ../clib/heapalloc.c                      0x00000000   Number         0  term_alloc.o ABSOLUTE
    ../clib/heapaux.c                        0x00000000   Number         0  heapauxi.o ABSOLUTE
    ../clib/heapaux.c                        0x00000000   Number         0  heapauxa.o ABSOLUTE
    ../clib/libinit.s                        0x00000000   Number         0  libshutdown2.o ABSOLUTE
    ../clib/libinit.s                        0x00000000   Number         0  libinit2.o ABSOLUTE
    ../clib/libinit.s                        0x00000000   Number         0  libinit.o ABSOLUTE
    ../clib/libinit.s                        0x00000000   Number         0  libshutdown.o ABSOLUTE
    ../clib/memcpset.s                       0x00000000   Number         0  rt_memcpy_w.o ABSOLUTE
    ../clib/memcpset.s                       0x00000000   Number         0  rt_memclr_w.o ABSOLUTE
    ../clib/misc.s                           0x00000000   Number         0  printf_stubs.o ABSOLUTE
    ../clib/printf.c                         0x00000000   Number         0  _printf_hex_ll.o ABSOLUTE
    ../clib/printf.c                         0x00000000   Number         0  _printf_char_common.o ABSOLUTE
    ../clib/printf.c                         0x00000000   Number         0  noretval__2printf.o ABSOLUTE
    ../clib/printf.c                         0x00000000   Number         0  __printf_flags.o ABSOLUTE
    ../clib/printf.c                         0x00000000   Number         0  __printf_ss.o ABSOLUTE
    ../clib/printf.c                         0x00000000   Number         0  __printf_flags_ss.o ABSOLUTE
    ../clib/printf.c                         0x00000000   Number         0  _printf_hex_int.o ABSOLUTE
    ../clib/printf.c                         0x00000000   Number         0  __printf_wp.o ABSOLUTE
    ../clib/printf.c                         0x00000000   Number         0  _printf_hex_ll_ptr.o ABSOLUTE
    ../clib/printf.c                         0x00000000   Number         0  __printf_ss_wp.o ABSOLUTE
    ../clib/printf.c                         0x00000000   Number         0  __printf_flags_ss_wp.o ABSOLUTE
    ../clib/printf.c                         0x00000000   Number         0  _printf_hex_int_ll_ptr.o ABSOLUTE
    ../clib/printf.c                         0x00000000   Number         0  __printf.o ABSOLUTE
    ../clib/printf.c                         0x00000000   Number         0  _printf_pad.o ABSOLUTE
    ../clib/printf.c                         0x00000000   Number         0  __printf_flags_wp.o ABSOLUTE
    ../clib/printf.c                         0x00000000   Number         0  _printf_intcommon.o ABSOLUTE
    ../clib/printf.c                         0x00000000   Number         0  _printf_char_file.o ABSOLUTE
    ../clib/printf.c                         0x00000000   Number         0  __printf_nopercent.o ABSOLUTE
    ../clib/printf.c                         0x00000000   Number         0  __2printf.o ABSOLUTE
    ../clib/printf.c                         0x00000000   Number         0  _printf_hex_int_ll.o ABSOLUTE
    ../clib/printf.c                         0x00000000   Number         0  _printf_hex_ptr.o ABSOLUTE
    ../clib/printf.c                         0x00000000   Number         0  _printf_hex_int_ptr.o ABSOLUTE
    ../clib/printf_percent.s                 0x00000000   Number         0  _printf_x.o ABSOLUTE
    ../clib/printf_percent.s                 0x00000000   Number         0  _printf_percent.o ABSOLUTE
    ../clib/printf_percent.s                 0x00000000   Number         0  _printf_percent_end.o ABSOLUTE
    ../clib/signal.c                         0x00000000   Number         0  defsig_general.o ABSOLUTE
    ../clib/signal.c                         0x00000000   Number         0  defsig_segv_inner.o ABSOLUTE
    ../clib/signal.c                         0x00000000   Number         0  defsig_rtmem_outer.o ABSOLUTE
    ../clib/signal.c                         0x00000000   Number         0  defsig_rtred_formal.o ABSOLUTE
    ../clib/signal.c                         0x00000000   Number         0  defsig_rtmem_formal.o ABSOLUTE
    ../clib/signal.c                         0x00000000   Number         0  defsig_rtred_outer.o ABSOLUTE
    ../clib/signal.c                         0x00000000   Number         0  defsig_rtmem_inner.o ABSOLUTE
    ../clib/signal.c                         0x00000000   Number         0  defsig_other.o ABSOLUTE
    ../clib/signal.c                         0x00000000   Number         0  defsig_abrt_inner.o ABSOLUTE
    ../clib/signal.c                         0x00000000   Number         0  defsig_fpe_inner.o ABSOLUTE
    ../clib/signal.c                         0x00000000   Number         0  __raise.o ABSOLUTE
    ../clib/signal.c                         0x00000000   Number         0  defsig_stak_inner.o ABSOLUTE
    ../clib/signal.c                         0x00000000   Number         0  defsig_pvfn_inner.o ABSOLUTE
    ../clib/signal.c                         0x00000000   Number         0  defsig_cppl_inner.o ABSOLUTE
    ../clib/signal.c                         0x00000000   Number         0  defsig_rtred_inner.o ABSOLUTE
    ../clib/signal.c                         0x00000000   Number         0  defsig_exit.o ABSOLUTE
    ../clib/signal.s                         0x00000000   Number         0  defsig.o ABSOLUTE
    ../clib/stdio.c                          0x00000000   Number         0  stdio.o ABSOLUTE
    ../clib/stdio.c                          0x00000000   Number         0  fseek.o ABSOLUTE
    ../clib/stdio.c                          0x00000000   Number         0  ferror_locked.o ABSOLUTE
    ../clib/stdio.c                          0x00000000   Number         0  initio.o ABSOLUTE
    ../clib/stdio.c                          0x00000000   Number         0  initio_locked.o ABSOLUTE
    ../clib/stdio.c                          0x00000000   Number         0  stdio_streams.o ABSOLUTE
    ../clib/stdio.c                          0x00000000   Number         0  ftell.o ABSOLUTE
    ../clib/stdio.c                          0x00000000   Number         0  setvbuf_locked.o ABSOLUTE
    ../clib/stdio.c                          0x00000000   Number         0  fclose.o ABSOLUTE
    ../clib/stdio.c                          0x00000000   Number         0  fopen.o ABSOLUTE
    ../clib/stdio.c                          0x00000000   Number         0  streamlock.o ABSOLUTE
    ../clib/stdio.c                          0x00000000   Number         0  setvbuf.o ABSOLUTE
    ../clib/stdio.c                          0x00000000   Number         0  ferror.o ABSOLUTE
    ../clib/stdio.c                          0x00000000   Number         0  fopen_locked.o ABSOLUTE
    ../clib/stdlib.c                         0x00000000   Number         0  exit.o ABSOLUTE
    ../clib/string.c                         0x00000000   Number         0  strlen.o ABSOLUTE
    ../fplib/fpinit.s                        0x00000000   Number         0  fpinit.o ABSOLUTE
    App\\main.c                              0x00000000   Number         0  main.o ABSOLUTE
    App\\usbAPP.c                            0x00000000   Number         0  usbapp.o ABSOLUTE
    App\main.c                               0x00000000   Number         0  main.o ABSOLUTE
    App\usbAPP.c                             0x00000000   Number         0  usbapp.o ABSOLUTE
    Arm\\system_gd32f30x.c                   0x00000000   Number         0  system_gd32f30x.o ABSOLUTE
    Arm\startup_gd32f30x_hd.s                0x00000000   Number         0  startup_gd32f30x_hd.o ABSOLUTE
    Arm\system_gd32f30x.c                    0x00000000   Number         0  system_gd32f30x.o ABSOLUTE
    Driver\\key_drv.c                        0x00000000   Number         0  key_drv.o ABSOLUTE
    Driver\\led_drv.c                        0x00000000   Number         0  led_drv.o ABSOLUTE
    Driver\\systick.c                        0x00000000   Number         0  systick.o ABSOLUTE
    Driver\\usb_drv.c                        0x00000000   Number         0  usb_drv.o ABSOLUTE
    Driver\key_drv.c                         0x00000000   Number         0  key_drv.o ABSOLUTE
    Driver\led_drv.c                         0x00000000   Number         0  led_drv.o ABSOLUTE
    Driver\queue.c                           0x00000000   Number         0  queue.o ABSOLUTE
    Driver\systick.c                         0x00000000   Number         0  systick.o ABSOLUTE
    Driver\usb_drv.c                         0x00000000   Number         0  usb_drv.o ABSOLUTE
    GD32_Hal\Source\gd32f30x_exti.c          0x00000000   Number         0  gd32f30x_exti.o ABSOLUTE
    GD32_Hal\Source\gd32f30x_gpio.c          0x00000000   Number         0  gd32f30x_gpio.o ABSOLUTE
    GD32_Hal\Source\gd32f30x_misc.c          0x00000000   Number         0  gd32f30x_misc.o ABSOLUTE
    GD32_Hal\Source\gd32f30x_rcu.c           0x00000000   Number         0  gd32f30x_rcu.o ABSOLUTE
    GD32_Hal\Source\gd32f30x_timer.c         0x00000000   Number         0  gd32f30x_timer.o ABSOLUTE
    GD32_Hal\Source\gd32f30x_usart.c         0x00000000   Number         0  gd32f30x_usart.o ABSOLUTE
    GD32_Hal\\Source\\gd32f30x_exti.c        0x00000000   Number         0  gd32f30x_exti.o ABSOLUTE
    GD32_Hal\\Source\\gd32f30x_gpio.c        0x00000000   Number         0  gd32f30x_gpio.o ABSOLUTE
    GD32_Hal\\Source\\gd32f30x_misc.c        0x00000000   Number         0  gd32f30x_misc.o ABSOLUTE
    GD32_Hal\\Source\\gd32f30x_rcu.c         0x00000000   Number         0  gd32f30x_rcu.o ABSOLUTE
    GD32_Hal\\Source\\gd32f30x_timer.c       0x00000000   Number         0  gd32f30x_timer.o ABSOLUTE
    GD32_Hal\\Source\\gd32f30x_usart.c       0x00000000   Number         0  gd32f30x_usart.o ABSOLUTE
    dc.s                                     0x00000000   Number         0  dc.o ABSOLUTE
    RESET                                    0x08000000   Section      304  startup_gd32f30x_hd.o(RESET)
    !!!main                                  0x08000130   Section        8  __main.o(!!!main)
    !!!scatter                               0x08000138   Section       52  __scatter.o(!!!scatter)
    !!handler_copy                           0x0800016c   Section       26  __scatter_copy.o(!!handler_copy)
    !!handler_zi                             0x08000188   Section       28  __scatter_zi.o(!!handler_zi)
    .ARM.Collect$$_printf_percent$$00000000  0x080001a4   Section        0  _printf_percent.o(.ARM.Collect$$_printf_percent$$00000000)
    .ARM.Collect$$_printf_percent$$0000000C  0x080001a4   Section        6  _printf_x.o(.ARM.Collect$$_printf_percent$$0000000C)
    .ARM.Collect$$_printf_percent$$00000017  0x080001aa   Section        4  _printf_percent_end.o(.ARM.Collect$$_printf_percent$$00000017)
    .ARM.Collect$$libinit$$00000000          0x080001ae   Section        2  libinit.o(.ARM.Collect$$libinit$$00000000)
    .ARM.Collect$$libinit$$00000001          0x080001b0   Section        4  libinit2.o(.ARM.Collect$$libinit$$00000001)
    .ARM.Collect$$libinit$$00000004          0x080001b4   Section        0  libinit2.o(.ARM.Collect$$libinit$$00000004)
    .ARM.Collect$$libinit$$00000005          0x080001b4   Section        8  libinit2.o(.ARM.Collect$$libinit$$00000005)
    .ARM.Collect$$libinit$$0000000A          0x080001bc   Section        0  libinit2.o(.ARM.Collect$$libinit$$0000000A)
    .ARM.Collect$$libinit$$0000000C          0x080001bc   Section        0  libinit2.o(.ARM.Collect$$libinit$$0000000C)
    .ARM.Collect$$libinit$$0000000E          0x080001bc   Section        0  libinit2.o(.ARM.Collect$$libinit$$0000000E)
    .ARM.Collect$$libinit$$00000011          0x080001bc   Section        0  libinit2.o(.ARM.Collect$$libinit$$00000011)
    .ARM.Collect$$libinit$$00000013          0x080001bc   Section        0  libinit2.o(.ARM.Collect$$libinit$$00000013)
    .ARM.Collect$$libinit$$00000015          0x080001bc   Section        0  libinit2.o(.ARM.Collect$$libinit$$00000015)
    .ARM.Collect$$libinit$$00000017          0x080001bc   Section        0  libinit2.o(.ARM.Collect$$libinit$$00000017)
    .ARM.Collect$$libinit$$00000019          0x080001bc   Section        0  libinit2.o(.ARM.Collect$$libinit$$00000019)
    .ARM.Collect$$libinit$$0000001B          0x080001bc   Section        0  libinit2.o(.ARM.Collect$$libinit$$0000001B)
    .ARM.Collect$$libinit$$0000001D          0x080001bc   Section        0  libinit2.o(.ARM.Collect$$libinit$$0000001D)
    .ARM.Collect$$libinit$$0000001F          0x080001bc   Section        0  libinit2.o(.ARM.Collect$$libinit$$0000001F)
    .ARM.Collect$$libinit$$00000021          0x080001bc   Section        0  libinit2.o(.ARM.Collect$$libinit$$00000021)
    .ARM.Collect$$libinit$$00000023          0x080001bc   Section        0  libinit2.o(.ARM.Collect$$libinit$$00000023)
    .ARM.Collect$$libinit$$00000024          0x080001bc   Section        4  libinit2.o(.ARM.Collect$$libinit$$00000024)
    .ARM.Collect$$libinit$$00000025          0x080001c0   Section        0  libinit2.o(.ARM.Collect$$libinit$$00000025)
    .ARM.Collect$$libinit$$0000002C          0x080001c0   Section        0  libinit2.o(.ARM.Collect$$libinit$$0000002C)
    .ARM.Collect$$libinit$$0000002E          0x080001c0   Section        0  libinit2.o(.ARM.Collect$$libinit$$0000002E)
    .ARM.Collect$$libinit$$00000030          0x080001c0   Section        0  libinit2.o(.ARM.Collect$$libinit$$00000030)
    .ARM.Collect$$libinit$$00000032          0x080001c0   Section        0  libinit2.o(.ARM.Collect$$libinit$$00000032)
    .ARM.Collect$$libinit$$00000033          0x080001c0   Section        2  libinit2.o(.ARM.Collect$$libinit$$00000033)
    .ARM.Collect$$libshutdown$$00000000      0x080001c2   Section        2  libshutdown.o(.ARM.Collect$$libshutdown$$00000000)
    .ARM.Collect$$libshutdown$$00000002      0x080001c4   Section        0  libshutdown2.o(.ARM.Collect$$libshutdown$$00000002)
    .ARM.Collect$$libshutdown$$00000004      0x080001c4   Section        0  libshutdown2.o(.ARM.Collect$$libshutdown$$00000004)
    .ARM.Collect$$libshutdown$$00000005      0x080001c4   Section        4  libshutdown2.o(.ARM.Collect$$libshutdown$$00000005)
    .ARM.Collect$$libshutdown$$00000006      0x080001c8   Section        0  libshutdown2.o(.ARM.Collect$$libshutdown$$00000006)
    .ARM.Collect$$libshutdown$$00000009      0x080001c8   Section        0  libshutdown2.o(.ARM.Collect$$libshutdown$$00000009)
    .ARM.Collect$$libshutdown$$0000000C      0x080001c8   Section        0  libshutdown2.o(.ARM.Collect$$libshutdown$$0000000C)
    .ARM.Collect$$libshutdown$$0000000E      0x080001c8   Section        0  libshutdown2.o(.ARM.Collect$$libshutdown$$0000000E)
    .ARM.Collect$$libshutdown$$00000011      0x080001c8   Section        0  libshutdown2.o(.ARM.Collect$$libshutdown$$00000011)
    .ARM.Collect$$libshutdown$$00000012      0x080001c8   Section        2  libshutdown2.o(.ARM.Collect$$libshutdown$$00000012)
    .ARM.Collect$$rtentry$$00000000          0x080001ca   Section        0  __rtentry.o(.ARM.Collect$$rtentry$$00000000)
    .ARM.Collect$$rtentry$$00000002          0x080001ca   Section        0  __rtentry2.o(.ARM.Collect$$rtentry$$00000002)
    .ARM.Collect$$rtentry$$00000004          0x080001ca   Section        6  __rtentry4.o(.ARM.Collect$$rtentry$$00000004)
    .ARM.Collect$$rtentry$$00000009          0x080001d0   Section        0  __rtentry2.o(.ARM.Collect$$rtentry$$00000009)
    .ARM.Collect$$rtentry$$0000000A          0x080001d0   Section        4  __rtentry2.o(.ARM.Collect$$rtentry$$0000000A)
    .ARM.Collect$$rtentry$$0000000C          0x080001d4   Section        0  __rtentry2.o(.ARM.Collect$$rtentry$$0000000C)
    .ARM.Collect$$rtentry$$0000000D          0x080001d4   Section        8  __rtentry2.o(.ARM.Collect$$rtentry$$0000000D)
    .ARM.Collect$$rtexit$$00000000           0x080001dc   Section        2  rtexit.o(.ARM.Collect$$rtexit$$00000000)
    .ARM.Collect$$rtexit$$00000002           0x080001de   Section        0  rtexit2.o(.ARM.Collect$$rtexit$$00000002)
    .ARM.Collect$$rtexit$$00000003           0x080001de   Section        4  rtexit2.o(.ARM.Collect$$rtexit$$00000003)
    .ARM.Collect$$rtexit$$00000004           0x080001e2   Section        6  rtexit2.o(.ARM.Collect$$rtexit$$00000004)
    .emb_text                                0x080001e8   Section        0  maybetermalloc1.o(.emb_text)
    .text                                    0x080001e8   Section       64  startup_gd32f30x_hd.o(.text)
    $v0                                      0x080001e8   Number         0  startup_gd32f30x_hd.o(.text)
    .text                                    0x08000228   Section        0  noretval__2printf.o(.text)
    .text                                    0x08000240   Section        0  _printf_pad.o(.text)
    .text                                    0x08000290   Section        0  _printf_hex_int.o(.text)
    .text                                    0x080002e8   Section        0  __printf_flags_wp.o(.text)
    .text                                    0x08000420   Section        0  heapauxi.o(.text)
    .text                                    0x08000426   Section        0  _printf_intcommon.o(.text)
    .text                                    0x080004d8   Section        0  _printf_char_file.o(.text)
    .text                                    0x080004fc   Section        0  _printf_char_common.o(.text)
    _printf_input_char                       0x080004fd   Thumb Code    10  _printf_char_common.o(.text)
    .text                                    0x0800052c   Section        0  ferror.o(.text)
    .text                                    0x08000534   Section        0  initio.o(.text)
    .text                                    0x0800066c   Section        0  sys_io.o(.text)
    .text                                    0x080006d2   Section       74  sys_stackheap_outer.o(.text)
    .text                                    0x0800071c   Section        0  h1_free.o(.text)
    .text                                    0x0800076a   Section        0  setvbuf.o(.text)
    .text                                    0x080007b0   Section        0  fopen.o(.text)
    _freopen_locked                          0x080007b1   Thumb Code     0  fopen.o(.text)
    .text                                    0x0800089c   Section        0  fclose.o(.text)
    .text                                    0x080008e8   Section        0  exit.o(.text)
    .text                                    0x080008fa   Section        0  defsig_rtred_outer.o(.text)
    .text                                    0x08000908   Section       78  rt_memclr_w.o(.text)
    .text                                    0x08000958   Section        8  libspace.o(.text)
    .text                                    0x08000960   Section        2  use_no_semi.o(.text)
    .text                                    0x08000962   Section        0  indicate_semi.o(.text)
    .text                                    0x08000964   Section        8  rt_heap_descriptor_intlibspace.o(.text)
    .text                                    0x0800096c   Section        0  hguard.o(.text)
    .text                                    0x08000970   Section        0  init_alloc.o(.text)
    .text                                    0x080009fa   Section        0  h1_alloc.o(.text)
    .text                                    0x08000a58   Section        0  fseek.o(.text)
    .text                                    0x08000b50   Section        0  stdio.o(.text)
    .text                                    0x08000c40   Section        0  defsig_exit.o(.text)
    .text                                    0x08000c4c   Section        0  defsig_rtred_inner.o(.text)
    .text                                    0x08000c80   Section        0  strlen.o(.text)
    .text                                    0x08000cc0   Section        0  sys_exit.o(.text)
    .text                                    0x08000ccc   Section        0  h1_init.o(.text)
    .text                                    0x08000cda   Section        0  h1_extend.o(.text)
    .text                                    0x08000d0e   Section        0  ftell.o(.text)
    .text                                    0x08000d50   Section        0  defsig_general.o(.text)
    .text                                    0x08000d82   Section        0  defsig_rtmem_outer.o(.text)
    .text                                    0x08000d90   Section        0  sys_wrch.o(.text)
    .text                                    0x08000da0   Section        8  rt_errno_addr_intlibspace.o(.text)
    .text                                    0x08000da8   Section        0  defsig_rtmem_inner.o(.text)
    i.CalXorSum                              0x08000df8   Section        0  usbapp.o(i.CalXorSum)
    CalXorSum                                0x08000df9   Thumb Code    24  usbapp.o(i.CalXorSum)
    i.CtrlLed                                0x08000e10   Section        0  usbapp.o(i.CtrlLed)
    CtrlLed                                  0x08000e11   Thumb Code    24  usbapp.o(i.CtrlLed)
    i.KeyDrvInit                             0x08000e28   Section        0  key_drv.o(i.KeyDrvInit)
    i.LedDrvInit                             0x08000e68   Section        0  led_drv.o(i.LedDrvInit)
    i.ProcUartData                           0x08000ec4   Section        0  usbapp.o(i.ProcUartData)
    ProcUartData                             0x08000ec5   Thumb Code    14  usbapp.o(i.ProcUartData)
    i.QueueInit                              0x08000ed8   Section        0  queue.o(i.QueueInit)
    i.QueuePop                               0x08000ee4   Section        0  queue.o(i.QueuePop)
    i.QueuePopArray                          0x08000f10   Section        0  queue.o(i.QueuePopArray)
    i.QueuePush                              0x08000f36   Section        0  queue.o(i.QueuePush)
    i.SysTick_Handler                        0x08000f60   Section        0  systick.o(i.SysTick_Handler)
    i.SystemInit                             0x08000f78   Section        0  system_gd32f30x.o(i.SystemInit)
    i.SystickInit                            0x08001020   Section        0  systick.o(i.SystickInit)
    i.TurnOffLed                             0x08001084   Section        0  led_drv.o(i.TurnOffLed)
    i.TurnOnLed                              0x080010b0   Section        0  led_drv.o(i.TurnOnLed)
    i.USART0_IRQHandler                      0x080010dc   Section        0  usb_drv.o(i.USART0_IRQHandler)
    i.UsbDrvInit                             0x08001118   Section        0  usb_drv.o(i.UsbDrvInit)
    i.UsbGpioInit                            0x08001128   Section        0  usb_drv.o(i.UsbGpioInit)
    UsbGpioInit                              0x08001129   Thumb Code    40  usb_drv.o(i.UsbGpioInit)
    i.UsbTask                                0x08001154   Section        0  usbapp.o(i.UsbTask)
    i.UsbUartInit                            0x08001220   Section        0  usb_drv.o(i.UsbUartInit)
    UsbUartInit                              0x08001221   Thumb Code    84  usb_drv.o(i.UsbUartInit)
    i._is_digit                              0x08001278   Section        0  __printf_wp.o(i._is_digit)
    i.appInit                                0x08001286   Section        0  main.o(i.appInit)
    i.driverInit                             0x0800128e   Section        0  main.o(i.driverInit)
    i.fputc                                  0x080012a4   Section        0  usb_drv.o(i.fputc)
    i.gpio_bit_reset                         0x080012cc   Section        0  gd32f30x_gpio.o(i.gpio_bit_reset)
    i.gpio_bit_set                           0x080012d0   Section        0  gd32f30x_gpio.o(i.gpio_bit_set)
    i.gpio_init                              0x080012d4   Section        0  gd32f30x_gpio.o(i.gpio_init)
    i.main                                   0x08001390   Section        0  main.o(i.main)
    i.nvic_irq_enable                        0x080013a0   Section        0  gd32f30x_misc.o(i.nvic_irq_enable)
    i.nvic_priority_group_set                0x08001464   Section        0  gd32f30x_misc.o(i.nvic_priority_group_set)
    i.rcu_clock_freq_get                     0x08001478   Section        0  gd32f30x_rcu.o(i.rcu_clock_freq_get)
    i.rcu_periph_clock_enable                0x080015d0   Section        0  gd32f30x_rcu.o(i.rcu_periph_clock_enable)
    i.rcu_periph_reset_disable               0x080015f0   Section        0  gd32f30x_rcu.o(i.rcu_periph_reset_disable)
    i.rcu_periph_reset_enable                0x08001610   Section        0  gd32f30x_rcu.o(i.rcu_periph_reset_enable)
    i.regUsb2ComCb                           0x08001630   Section        0  usb_drv.o(i.regUsb2ComCb)
    i.system_clock_120m_hxtal                0x0800163c   Section        0  system_gd32f30x.o(i.system_clock_120m_hxtal)
    system_clock_120m_hxtal                  0x0800163d   Thumb Code   258  system_gd32f30x.o(i.system_clock_120m_hxtal)
    i.system_clock_config                    0x08001750   Section        0  system_gd32f30x.o(i.system_clock_config)
    system_clock_config                      0x08001751   Thumb Code     8  system_gd32f30x.o(i.system_clock_config)
    i.usart_baudrate_set                     0x08001758   Section        0  gd32f30x_usart.o(i.usart_baudrate_set)
    i.usart_data_receive                     0x080017e8   Section        0  gd32f30x_usart.o(i.usart_data_receive)
    i.usart_data_transmit                    0x080017f2   Section        0  gd32f30x_usart.o(i.usart_data_transmit)
    i.usart_deinit                           0x080017fc   Section        0  gd32f30x_usart.o(i.usart_deinit)
    i.usart_enable                           0x0800188c   Section        0  gd32f30x_usart.o(i.usart_enable)
    i.usart_flag_get                         0x08001896   Section        0  gd32f30x_usart.o(i.usart_flag_get)
    i.usart_interrupt_enable                 0x080018b4   Section        0  gd32f30x_usart.o(i.usart_interrupt_enable)
    i.usart_interrupt_flag_clear             0x080018ce   Section        0  gd32f30x_usart.o(i.usart_interrupt_flag_clear)
    i.usart_interrupt_flag_get               0x080018e0   Section        0  gd32f30x_usart.o(i.usart_interrupt_flag_get)
    i.usart_receive_config                   0x08001918   Section        0  gd32f30x_usart.o(i.usart_receive_config)
    i.usart_transmit_config                  0x0800192c   Section        0  gd32f30x_usart.o(i.usart_transmit_config)
    i.usbAppInit                             0x08001940   Section        0  usbapp.o(i.usbAppInit)
    x$fpl$fpinit                             0x08001960   Section       10  fpinit.o(x$fpl$fpinit)
    $v0                                      0x08001960   Number         0  fpinit.o(x$fpl$fpinit)
    .constdata                               0x0800196a   Section       40  _printf_hex_int.o(.constdata)
    uc_hextab                                0x0800196a   Data          20  _printf_hex_int.o(.constdata)
    lc_hextab                                0x0800197e   Data          20  _printf_hex_int.o(.constdata)
    .constdata                               0x08001992   Section       17  __printf_flags_wp.o(.constdata)
    maptable                                 0x08001992   Data          17  __printf_flags_wp.o(.constdata)
    .constdata                               0x080019a3   Section        4  sys_io.o(.constdata)
    .constdata                               0x080019a7   Section        4  sys_io.o(.constdata)
    .constdata                               0x080019ab   Section        4  sys_io.o(.constdata)
    .data                                    0x20000000   Section       36  led_drv.o(.data)
    g_gpioList                               0x20000000   Data          36  led_drv.o(.data)
    .data                                    0x20000024   Section       48  key_drv.o(.data)
    g_gpioList                               0x20000024   Data          48  key_drv.o(.data)
    .data                                    0x20000058   Section        8  systick.o(.data)
    .data                                    0x20000060   Section       28  usb_drv.o(.data)
    g_uartHwInfo                             0x20000060   Data          24  usb_drv.o(.data)
    pProcUartData                            0x20000078   Data           4  usb_drv.o(.data)
    .data                                    0x2000007c   Section        4  stdio_streams.o(.data)
    .data                                    0x20000080   Section        4  stdio_streams.o(.data)
    .data                                    0x20000084   Section        4  stdio_streams.o(.data)
    .bss                                     0x20000088   Section       96  usbapp.o(.bss)
    g_rcvDataBuf                             0x20000088   Data          77  usbapp.o(.bss)
    g_rcvQueue                               0x200000d8   Data          16  usbapp.o(.bss)
    .bss                                     0x200000e8   Section       84  stdio_streams.o(.bss)
    .bss                                     0x2000013c   Section       84  stdio_streams.o(.bss)
    .bss                                     0x20000190   Section       84  stdio_streams.o(.bss)
    .bss                                     0x200001e4   Section       96  libspace.o(.bss)
    HEAP                                     0x20000248   Section     1024  startup_gd32f30x_hd.o(HEAP)
    Heap_Mem                                 0x20000248   Data        1024  startup_gd32f30x_hd.o(HEAP)
    STACK                                    0x20000648   Section     1024  startup_gd32f30x_hd.o(STACK)
    Stack_Mem                                0x20000648   Data        1024  startup_gd32f30x_hd.o(STACK)
    __initial_sp                             0x20000a48   Data           0  startup_gd32f30x_hd.o(STACK)

    Global Symbols

    Symbol Name                              Value     Ov Type        Size  Object(Section)

    BuildAttributes$$THM_ISAv4$E$P$D$K$B$S$7EM$VFPi3$EXTD16$VFPS$VFMA$PE$A:L22UL41UL21$X:L11$S22US41US21$IEEE1$IW$USESV6$~STKCKD$USESV7$~SHL$OTIME$ROPI$EBA8$UX$STANDARDLIB$REQ8$PRES8$EABIv2 0x00000000   Number         0  anon$$obj.o ABSOLUTE
    __ARM_use_no_argv                        0x00000000   Number         0  main.o ABSOLUTE
    _printf_flags                            0x00000000   Number         0  printf_stubs.o ABSOLUTE
    _printf_return_value                     0x00000000   Number         0  printf_stubs.o ABSOLUTE
    _printf_sizespec                         0x00000000   Number         0  printf_stubs.o ABSOLUTE
    _printf_widthprec                        0x00000000   Number         0  printf_stubs.o ABSOLUTE
    __ARM_exceptions_init                     - Undefined Weak Reference
    __alloca_initialize                       - Undefined Weak Reference
    __arm_fini_                               - Undefined Weak Reference
    __arm_preinit_                            - Undefined Weak Reference
    __cpp_initialize__aeabi_                  - Undefined Weak Reference
    __cxa_finalize                            - Undefined Weak Reference
    __rt_locale                               - Undefined Weak Reference
    __sigvec_lookup                           - Undefined Weak Reference
    __user_heap_extent                        - Undefined Weak Reference
    _atexit_init                              - Undefined Weak Reference
    _call_atexit_fns                          - Undefined Weak Reference
    _clock_init                               - Undefined Weak Reference
    _fp_trap_init                             - Undefined Weak Reference
    _fp_trap_shutdown                         - Undefined Weak Reference
    _get_lc_collate                           - Undefined Weak Reference
    _get_lc_ctype                             - Undefined Weak Reference
    _get_lc_monetary                          - Undefined Weak Reference
    _get_lc_numeric                           - Undefined Weak Reference
    _get_lc_time                              - Undefined Weak Reference
    _getenv_init                              - Undefined Weak Reference
    _handle_redirection                       - Undefined Weak Reference
    _mutex_acquire                            - Undefined Weak Reference
    _mutex_free                               - Undefined Weak Reference
    _mutex_release                            - Undefined Weak Reference
    _printf_truncate_unsigned                 - Undefined Weak Reference
    _rand_init                                - Undefined Weak Reference
    _signal_finish                            - Undefined Weak Reference
    _signal_init                              - Undefined Weak Reference
    __Vectors_Size                           0x00000130   Number         0  startup_gd32f30x_hd.o ABSOLUTE
    __Vectors                                0x08000000   Data           4  startup_gd32f30x_hd.o(RESET)
    __Vectors_End                            0x08000130   Data           0  startup_gd32f30x_hd.o(RESET)
    __main                                   0x08000131   Thumb Code     8  __main.o(!!!main)
    __scatterload                            0x08000139   Thumb Code     0  __scatter.o(!!!scatter)
    __scatterload_rt2                        0x08000139   Thumb Code    44  __scatter.o(!!!scatter)
    __scatterload_rt2_thumb_only             0x08000139   Thumb Code     0  __scatter.o(!!!scatter)
    __scatterload_null                       0x08000147   Thumb Code     0  __scatter.o(!!!scatter)
    __scatterload_copy                       0x0800016d   Thumb Code    26  __scatter_copy.o(!!handler_copy)
    __scatterload_zeroinit                   0x08000189   Thumb Code    28  __scatter_zi.o(!!handler_zi)
    _printf_percent                          0x080001a5   Thumb Code     0  _printf_percent.o(.ARM.Collect$$_printf_percent$$00000000)
    _printf_x                                0x080001a5   Thumb Code     0  _printf_x.o(.ARM.Collect$$_printf_percent$$0000000C)
    _printf_percent_end                      0x080001ab   Thumb Code     0  _printf_percent_end.o(.ARM.Collect$$_printf_percent$$00000017)
    __rt_lib_init                            0x080001af   Thumb Code     0  libinit.o(.ARM.Collect$$libinit$$00000000)
    __rt_lib_init_fp_1                       0x080001b1   Thumb Code     0  libinit2.o(.ARM.Collect$$libinit$$00000001)
    __rt_lib_init_heap_2                     0x080001b5   Thumb Code     0  libinit2.o(.ARM.Collect$$libinit$$00000005)
    __rt_lib_init_preinit_1                  0x080001b5   Thumb Code     0  libinit2.o(.ARM.Collect$$libinit$$00000004)
    __rt_lib_init_atexit_1                   0x080001bd   Thumb Code     0  libinit2.o(.ARM.Collect$$libinit$$0000001B)
    __rt_lib_init_clock_1                    0x080001bd   Thumb Code     0  libinit2.o(.ARM.Collect$$libinit$$00000021)
    __rt_lib_init_fp_trap_1                  0x080001bd   Thumb Code     0  libinit2.o(.ARM.Collect$$libinit$$0000001F)
    __rt_lib_init_getenv_1                   0x080001bd   Thumb Code     0  libinit2.o(.ARM.Collect$$libinit$$00000023)
    __rt_lib_init_heap_1                     0x080001bd   Thumb Code     0  libinit2.o(.ARM.Collect$$libinit$$0000000A)
    __rt_lib_init_lc_collate_1               0x080001bd   Thumb Code     0  libinit2.o(.ARM.Collect$$libinit$$00000011)
    __rt_lib_init_lc_ctype_1                 0x080001bd   Thumb Code     0  libinit2.o(.ARM.Collect$$libinit$$00000013)
    __rt_lib_init_lc_monetary_1              0x080001bd   Thumb Code     0  libinit2.o(.ARM.Collect$$libinit$$00000015)
    __rt_lib_init_lc_numeric_1               0x080001bd   Thumb Code     0  libinit2.o(.ARM.Collect$$libinit$$00000017)
    __rt_lib_init_lc_time_1                  0x080001bd   Thumb Code     0  libinit2.o(.ARM.Collect$$libinit$$00000019)
    __rt_lib_init_rand_1                     0x080001bd   Thumb Code     0  libinit2.o(.ARM.Collect$$libinit$$0000000E)
    __rt_lib_init_signal_1                   0x080001bd   Thumb Code     0  libinit2.o(.ARM.Collect$$libinit$$0000001D)
    __rt_lib_init_stdio_2                    0x080001bd   Thumb Code     0  libinit2.o(.ARM.Collect$$libinit$$00000024)
    __rt_lib_init_user_alloc_1               0x080001bd   Thumb Code     0  libinit2.o(.ARM.Collect$$libinit$$0000000C)
    __rt_lib_init_alloca_1                   0x080001c1   Thumb Code     0  libinit2.o(.ARM.Collect$$libinit$$0000002E)
    __rt_lib_init_argv_1                     0x080001c1   Thumb Code     0  libinit2.o(.ARM.Collect$$libinit$$0000002C)
    __rt_lib_init_cpp_1                      0x080001c1   Thumb Code     0  libinit2.o(.ARM.Collect$$libinit$$00000032)
    __rt_lib_init_exceptions_1               0x080001c1   Thumb Code     0  libinit2.o(.ARM.Collect$$libinit$$00000030)
    __rt_lib_init_return                     0x080001c1   Thumb Code     0  libinit2.o(.ARM.Collect$$libinit$$00000033)
    __rt_lib_init_stdio_1                    0x080001c1   Thumb Code     0  libinit2.o(.ARM.Collect$$libinit$$00000025)
    __rt_lib_shutdown                        0x080001c3   Thumb Code     0  libshutdown.o(.ARM.Collect$$libshutdown$$00000000)
    __rt_lib_shutdown_cpp_1                  0x080001c5   Thumb Code     0  libshutdown2.o(.ARM.Collect$$libshutdown$$00000004)
    __rt_lib_shutdown_fini_1                 0x080001c5   Thumb Code     0  libshutdown2.o(.ARM.Collect$$libshutdown$$00000002)
    __rt_lib_shutdown_stdio_2                0x080001c5   Thumb Code     0  libshutdown2.o(.ARM.Collect$$libshutdown$$00000005)
    __rt_lib_shutdown_fp_trap_1              0x080001c9   Thumb Code     0  libshutdown2.o(.ARM.Collect$$libshutdown$$00000009)
    __rt_lib_shutdown_heap_1                 0x080001c9   Thumb Code     0  libshutdown2.o(.ARM.Collect$$libshutdown$$00000011)
    __rt_lib_shutdown_return                 0x080001c9   Thumb Code     0  libshutdown2.o(.ARM.Collect$$libshutdown$$00000012)
    __rt_lib_shutdown_signal_1               0x080001c9   Thumb Code     0  libshutdown2.o(.ARM.Collect$$libshutdown$$0000000C)
    __rt_lib_shutdown_stdio_1                0x080001c9   Thumb Code     0  libshutdown2.o(.ARM.Collect$$libshutdown$$00000006)
    __rt_lib_shutdown_user_alloc_1           0x080001c9   Thumb Code     0  libshutdown2.o(.ARM.Collect$$libshutdown$$0000000E)
    __rt_entry                               0x080001cb   Thumb Code     0  __rtentry.o(.ARM.Collect$$rtentry$$00000000)
    __rt_entry_presh_1                       0x080001cb   Thumb Code     0  __rtentry2.o(.ARM.Collect$$rtentry$$00000002)
    __rt_entry_sh                            0x080001cb   Thumb Code     0  __rtentry4.o(.ARM.Collect$$rtentry$$00000004)
    __rt_entry_li                            0x080001d1   Thumb Code     0  __rtentry2.o(.ARM.Collect$$rtentry$$0000000A)
    __rt_entry_postsh_1                      0x080001d1   Thumb Code     0  __rtentry2.o(.ARM.Collect$$rtentry$$00000009)
    __rt_entry_main                          0x080001d5   Thumb Code     0  __rtentry2.o(.ARM.Collect$$rtentry$$0000000D)
    __rt_entry_postli_1                      0x080001d5   Thumb Code     0  __rtentry2.o(.ARM.Collect$$rtentry$$0000000C)
    __rt_exit                                0x080001dd   Thumb Code     0  rtexit.o(.ARM.Collect$$rtexit$$00000000)
    __rt_exit_ls                             0x080001df   Thumb Code     0  rtexit2.o(.ARM.Collect$$rtexit$$00000003)
    __rt_exit_prels_1                        0x080001df   Thumb Code     0  rtexit2.o(.ARM.Collect$$rtexit$$00000002)
    __rt_exit_exit                           0x080001e3   Thumb Code     0  rtexit2.o(.ARM.Collect$$rtexit$$00000004)
    Reset_Handler                            0x080001e9   Thumb Code     8  startup_gd32f30x_hd.o(.text)
    _maybe_terminate_alloc                   0x080001e9   Thumb Code     0  maybetermalloc1.o(.emb_text)
    NMI_Handler                              0x080001f1   Thumb Code     2  startup_gd32f30x_hd.o(.text)
    HardFault_Handler                        0x080001f3   Thumb Code     2  startup_gd32f30x_hd.o(.text)
    MemManage_Handler                        0x080001f5   Thumb Code     2  startup_gd32f30x_hd.o(.text)
    BusFault_Handler                         0x080001f7   Thumb Code     2  startup_gd32f30x_hd.o(.text)
    UsageFault_Handler                       0x080001f9   Thumb Code     2  startup_gd32f30x_hd.o(.text)
    SVC_Handler                              0x080001fb   Thumb Code     2  startup_gd32f30x_hd.o(.text)
    DebugMon_Handler                         0x080001fd   Thumb Code     2  startup_gd32f30x_hd.o(.text)
    PendSV_Handler                           0x080001ff   Thumb Code     2  startup_gd32f30x_hd.o(.text)
    ADC0_1_IRQHandler                        0x08000203   Thumb Code     0  startup_gd32f30x_hd.o(.text)
    ADC2_IRQHandler                          0x08000203   Thumb Code     0  startup_gd32f30x_hd.o(.text)
    CAN0_EWMC_IRQHandler                     0x08000203   Thumb Code     0  startup_gd32f30x_hd.o(.text)
    CAN0_RX1_IRQHandler                      0x08000203   Thumb Code     0  startup_gd32f30x_hd.o(.text)
    DMA0_Channel0_IRQHandler                 0x08000203   Thumb Code     0  startup_gd32f30x_hd.o(.text)
    DMA0_Channel1_IRQHandler                 0x08000203   Thumb Code     0  startup_gd32f30x_hd.o(.text)
    DMA0_Channel2_IRQHandler                 0x08000203   Thumb Code     0  startup_gd32f30x_hd.o(.text)
    DMA0_Channel3_IRQHandler                 0x08000203   Thumb Code     0  startup_gd32f30x_hd.o(.text)
    DMA0_Channel4_IRQHandler                 0x08000203   Thumb Code     0  startup_gd32f30x_hd.o(.text)
    DMA0_Channel5_IRQHandler                 0x08000203   Thumb Code     0  startup_gd32f30x_hd.o(.text)
    DMA0_Channel6_IRQHandler                 0x08000203   Thumb Code     0  startup_gd32f30x_hd.o(.text)
    DMA1_Channel0_IRQHandler                 0x08000203   Thumb Code     0  startup_gd32f30x_hd.o(.text)
    DMA1_Channel1_IRQHandler                 0x08000203   Thumb Code     0  startup_gd32f30x_hd.o(.text)
    DMA1_Channel2_IRQHandler                 0x08000203   Thumb Code     0  startup_gd32f30x_hd.o(.text)
    DMA1_Channel3_4_IRQHandler               0x08000203   Thumb Code     0  startup_gd32f30x_hd.o(.text)
    EXMC_IRQHandler                          0x08000203   Thumb Code     0  startup_gd32f30x_hd.o(.text)
    EXTI0_IRQHandler                         0x08000203   Thumb Code     0  startup_gd32f30x_hd.o(.text)
    EXTI10_15_IRQHandler                     0x08000203   Thumb Code     0  startup_gd32f30x_hd.o(.text)
    EXTI1_IRQHandler                         0x08000203   Thumb Code     0  startup_gd32f30x_hd.o(.text)
    EXTI2_IRQHandler                         0x08000203   Thumb Code     0  startup_gd32f30x_hd.o(.text)
    EXTI3_IRQHandler                         0x08000203   Thumb Code     0  startup_gd32f30x_hd.o(.text)
    EXTI4_IRQHandler                         0x08000203   Thumb Code     0  startup_gd32f30x_hd.o(.text)
    EXTI5_9_IRQHandler                       0x08000203   Thumb Code     0  startup_gd32f30x_hd.o(.text)
    FMC_IRQHandler                           0x08000203   Thumb Code     0  startup_gd32f30x_hd.o(.text)
    I2C0_ER_IRQHandler                       0x08000203   Thumb Code     0  startup_gd32f30x_hd.o(.text)
    I2C0_EV_IRQHandler                       0x08000203   Thumb Code     0  startup_gd32f30x_hd.o(.text)
    I2C1_ER_IRQHandler                       0x08000203   Thumb Code     0  startup_gd32f30x_hd.o(.text)
    I2C1_EV_IRQHandler                       0x08000203   Thumb Code     0  startup_gd32f30x_hd.o(.text)
    LVD_IRQHandler                           0x08000203   Thumb Code     0  startup_gd32f30x_hd.o(.text)
    RCU_CTC_IRQHandler                       0x08000203   Thumb Code     0  startup_gd32f30x_hd.o(.text)
    RTC_Alarm_IRQHandler                     0x08000203   Thumb Code     0  startup_gd32f30x_hd.o(.text)
    RTC_IRQHandler                           0x08000203   Thumb Code     0  startup_gd32f30x_hd.o(.text)
    SDIO_IRQHandler                          0x08000203   Thumb Code     0  startup_gd32f30x_hd.o(.text)
    SPI0_IRQHandler                          0x08000203   Thumb Code     0  startup_gd32f30x_hd.o(.text)
    SPI1_IRQHandler                          0x08000203   Thumb Code     0  startup_gd32f30x_hd.o(.text)
    SPI2_IRQHandler                          0x08000203   Thumb Code     0  startup_gd32f30x_hd.o(.text)
    TAMPER_IRQHandler                        0x08000203   Thumb Code     0  startup_gd32f30x_hd.o(.text)
    TIMER0_BRK_IRQHandler                    0x08000203   Thumb Code     0  startup_gd32f30x_hd.o(.text)
    TIMER0_Channel_IRQHandler                0x08000203   Thumb Code     0  startup_gd32f30x_hd.o(.text)
    TIMER0_TRG_CMT_IRQHandler                0x08000203   Thumb Code     0  startup_gd32f30x_hd.o(.text)
    TIMER0_UP_IRQHandler                     0x08000203   Thumb Code     0  startup_gd32f30x_hd.o(.text)
    TIMER1_IRQHandler                        0x08000203   Thumb Code     0  startup_gd32f30x_hd.o(.text)
    TIMER2_IRQHandler                        0x08000203   Thumb Code     0  startup_gd32f30x_hd.o(.text)
    TIMER3_IRQHandler                        0x08000203   Thumb Code     0  startup_gd32f30x_hd.o(.text)
    TIMER4_IRQHandler                        0x08000203   Thumb Code     0  startup_gd32f30x_hd.o(.text)
    TIMER5_IRQHandler                        0x08000203   Thumb Code     0  startup_gd32f30x_hd.o(.text)
    TIMER6_IRQHandler                        0x08000203   Thumb Code     0  startup_gd32f30x_hd.o(.text)
    TIMER7_BRK_IRQHandler                    0x08000203   Thumb Code     0  startup_gd32f30x_hd.o(.text)
    TIMER7_Channel_IRQHandler                0x08000203   Thumb Code     0  startup_gd32f30x_hd.o(.text)
    TIMER7_TRG_CMT_IRQHandler                0x08000203   Thumb Code     0  startup_gd32f30x_hd.o(.text)
    TIMER7_UP_IRQHandler                     0x08000203   Thumb Code     0  startup_gd32f30x_hd.o(.text)
    UART3_IRQHandler                         0x08000203   Thumb Code     0  startup_gd32f30x_hd.o(.text)
    UART4_IRQHandler                         0x08000203   Thumb Code     0  startup_gd32f30x_hd.o(.text)
    USART1_IRQHandler                        0x08000203   Thumb Code     0  startup_gd32f30x_hd.o(.text)
    USART2_IRQHandler                        0x08000203   Thumb Code     0  startup_gd32f30x_hd.o(.text)
    USBD_HP_CAN0_TX_IRQHandler               0x08000203   Thumb Code     0  startup_gd32f30x_hd.o(.text)
    USBD_LP_CAN0_RX0_IRQHandler              0x08000203   Thumb Code     0  startup_gd32f30x_hd.o(.text)
    USBD_WKUP_IRQHandler                     0x08000203   Thumb Code     0  startup_gd32f30x_hd.o(.text)
    WWDGT_IRQHandler                         0x08000203   Thumb Code     0  startup_gd32f30x_hd.o(.text)
    __user_initial_stackheap                 0x08000205   Thumb Code    10  startup_gd32f30x_hd.o(.text)
    __2printf                                0x08000229   Thumb Code    20  noretval__2printf.o(.text)
    _printf_pre_padding                      0x08000241   Thumb Code    44  _printf_pad.o(.text)
    _printf_post_padding                     0x0800026d   Thumb Code    34  _printf_pad.o(.text)
    _printf_int_hex                          0x08000291   Thumb Code    84  _printf_hex_int.o(.text)
    _printf_longlong_hex                     0x08000291   Thumb Code     0  _printf_hex_int.o(.text)
    __printf                                 0x080002e9   Thumb Code   308  __printf_flags_wp.o(.text)
    __use_two_region_memory                  0x08000421   Thumb Code     2  heapauxi.o(.text)
    __rt_heap_escrow                         0x08000423   Thumb Code     2  heapauxi.o(.text)
    __rt_heap_expand                         0x08000425   Thumb Code     2  heapauxi.o(.text)
    _printf_int_common                       0x08000427   Thumb Code   178  _printf_intcommon.o(.text)
    _printf_char_file                        0x080004d9   Thumb Code    32  _printf_char_file.o(.text)
    _printf_char_common                      0x08000507   Thumb Code    32  _printf_char_common.o(.text)
    ferror                                   0x0800052d   Thumb Code     8  ferror.o(.text)
    _initio                                  0x08000535   Thumb Code   210  initio.o(.text)
    _terminateio                             0x08000607   Thumb Code    56  initio.o(.text)
    _sys_open                                0x0800066d   Thumb Code    20  sys_io.o(.text)
    _sys_close                               0x08000681   Thumb Code    12  sys_io.o(.text)
    _sys_write                               0x0800068d   Thumb Code    16  sys_io.o(.text)
    _sys_read                                0x0800069d   Thumb Code    14  sys_io.o(.text)
    _sys_istty                               0x080006ab   Thumb Code    12  sys_io.o(.text)
    _sys_seek                                0x080006b7   Thumb Code    14  sys_io.o(.text)
    _sys_ensure                              0x080006c5   Thumb Code     2  sys_io.o(.text)
    _sys_flen                                0x080006c7   Thumb Code    12  sys_io.o(.text)
    __user_setup_stackheap                   0x080006d3   Thumb Code    74  sys_stackheap_outer.o(.text)
    free                                     0x0800071d   Thumb Code    78  h1_free.o(.text)
    setvbuf                                  0x0800076b   Thumb Code    70  setvbuf.o(.text)
    freopen                                  0x080007b1   Thumb Code   158  fopen.o(.text)
    fopen                                    0x0800084f   Thumb Code    74  fopen.o(.text)
    _fclose_internal                         0x0800089d   Thumb Code    76  fclose.o(.text)
    fclose                                   0x0800089d   Thumb Code     0  fclose.o(.text)
    exit                                     0x080008e9   Thumb Code    18  exit.o(.text)
    __rt_SIGRTRED                            0x080008fb   Thumb Code    14  defsig_rtred_outer.o(.text)
    __aeabi_memclr4                          0x08000909   Thumb Code     0  rt_memclr_w.o(.text)
    __aeabi_memclr8                          0x08000909   Thumb Code     0  rt_memclr_w.o(.text)
    __rt_memclr_w                            0x08000909   Thumb Code    78  rt_memclr_w.o(.text)
    _memset_w                                0x0800090d   Thumb Code     0  rt_memclr_w.o(.text)
    __user_libspace                          0x08000959   Thumb Code     8  libspace.o(.text)
    __user_perproc_libspace                  0x08000959   Thumb Code     0  libspace.o(.text)
    __user_perthread_libspace                0x08000959   Thumb Code     0  libspace.o(.text)
    __I$use$semihosting                      0x08000961   Thumb Code     0  use_no_semi.o(.text)
    __use_no_semihosting_swi                 0x08000961   Thumb Code     2  use_no_semi.o(.text)
    __semihosting_library_function           0x08000963   Thumb Code     0  indicate_semi.o(.text)
    __rt_heap_descriptor                     0x08000965   Thumb Code     8  rt_heap_descriptor_intlibspace.o(.text)
    __use_no_heap                            0x0800096d   Thumb Code     2  hguard.o(.text)
    __heap$guard                             0x0800096f   Thumb Code     2  hguard.o(.text)
    _terminate_user_alloc                    0x08000971   Thumb Code     2  init_alloc.o(.text)
    _init_user_alloc                         0x08000973   Thumb Code     2  init_alloc.o(.text)
    __Heap_Full                              0x08000975   Thumb Code    34  init_alloc.o(.text)
    __Heap_Broken                            0x08000997   Thumb Code     6  init_alloc.o(.text)
    _init_alloc                              0x0800099d   Thumb Code    94  init_alloc.o(.text)
    malloc                                   0x080009fb   Thumb Code    94  h1_alloc.o(.text)
    _fseek                                   0x08000a59   Thumb Code   242  fseek.o(.text)
    fseek                                    0x08000a59   Thumb Code     0  fseek.o(.text)
    _seterr                                  0x08000b51   Thumb Code    20  stdio.o(.text)
    _writebuf                                0x08000b65   Thumb Code    84  stdio.o(.text)
    _fflush                                  0x08000bb9   Thumb Code    70  stdio.o(.text)
    _deferredlazyseek                        0x08000bff   Thumb Code    60  stdio.o(.text)
    __sig_exit                               0x08000c41   Thumb Code    10  defsig_exit.o(.text)
    __rt_SIGRTRED_inner                      0x08000c4d   Thumb Code    14  defsig_rtred_inner.o(.text)
    strlen                                   0x08000c81   Thumb Code    62  strlen.o(.text)
    _sys_exit                                0x08000cc1   Thumb Code     8  sys_exit.o(.text)
    __Heap_Initialize                        0x08000ccd   Thumb Code    10  h1_init.o(.text)
    __Heap_DescSize                          0x08000cd7   Thumb Code     4  h1_init.o(.text)
    __Heap_ProvideMemory                     0x08000cdb   Thumb Code    52  h1_extend.o(.text)
    _ftell_internal                          0x08000d0f   Thumb Code    66  ftell.o(.text)
    ftell                                    0x08000d0f   Thumb Code     0  ftell.o(.text)
    __default_signal_display                 0x08000d51   Thumb Code    50  defsig_general.o(.text)
    __rt_SIGRTMEM                            0x08000d83   Thumb Code    14  defsig_rtmem_outer.o(.text)
    _ttywrch                                 0x08000d91   Thumb Code    14  sys_wrch.o(.text)
    __aeabi_errno_addr                       0x08000da1   Thumb Code     8  rt_errno_addr_intlibspace.o(.text)
    __errno$intlibspace                      0x08000da1   Thumb Code     0  rt_errno_addr_intlibspace.o(.text)
    __rt_errno_addr$intlibspace              0x08000da1   Thumb Code     0  rt_errno_addr_intlibspace.o(.text)
    __rt_SIGRTMEM_inner                      0x08000da9   Thumb Code    22  defsig_rtmem_inner.o(.text)
    KeyDrvInit                               0x08000e29   Thumb Code    60  key_drv.o(i.KeyDrvInit)
    LedDrvInit                               0x08000e69   Thumb Code    86  led_drv.o(i.LedDrvInit)
    QueueInit                                0x08000ed9   Thumb Code    12  queue.o(i.QueueInit)
    QueuePop                                 0x08000ee5   Thumb Code    44  queue.o(i.QueuePop)
    QueuePopArray                            0x08000f11   Thumb Code    38  queue.o(i.QueuePopArray)
    QueuePush                                0x08000f37   Thumb Code    40  queue.o(i.QueuePush)
    SysTick_Handler                          0x08000f61   Thumb Code    20  systick.o(i.SysTick_Handler)
    SystemInit                               0x08000f79   Thumb Code   156  system_gd32f30x.o(i.SystemInit)
    SystickInit                              0x08001021   Thumb Code    92  systick.o(i.SystickInit)
    TurnOffLed                               0x08001085   Thumb Code    40  led_drv.o(i.TurnOffLed)
    TurnOnLed                                0x080010b1   Thumb Code    40  led_drv.o(i.TurnOnLed)
    USART0_IRQHandler                        0x080010dd   Thumb Code    46  usb_drv.o(i.USART0_IRQHandler)
    UsbDrvInit                               0x08001119   Thumb Code    16  usb_drv.o(i.UsbDrvInit)
    UsbTask                                  0x08001155   Thumb Code   188  usbapp.o(i.UsbTask)
    _is_digit                                0x08001279   Thumb Code    14  __printf_wp.o(i._is_digit)
    appInit                                  0x08001287   Thumb Code     8  main.o(i.appInit)
    driverInit                               0x0800128f   Thumb Code    20  main.o(i.driverInit)
    fputc                                    0x080012a5   Thumb Code    36  usb_drv.o(i.fputc)
    gpio_bit_reset                           0x080012cd   Thumb Code     4  gd32f30x_gpio.o(i.gpio_bit_reset)
    gpio_bit_set                             0x080012d1   Thumb Code     4  gd32f30x_gpio.o(i.gpio_bit_set)
    gpio_init                                0x080012d5   Thumb Code   188  gd32f30x_gpio.o(i.gpio_init)
    main                                     0x08001391   Thumb Code    16  main.o(i.main)
    nvic_irq_enable                          0x080013a1   Thumb Code   186  gd32f30x_misc.o(i.nvic_irq_enable)
    nvic_priority_group_set                  0x08001465   Thumb Code    10  gd32f30x_misc.o(i.nvic_priority_group_set)
    rcu_clock_freq_get                       0x08001479   Thumb Code   310  gd32f30x_rcu.o(i.rcu_clock_freq_get)
    rcu_periph_clock_enable                  0x080015d1   Thumb Code    28  gd32f30x_rcu.o(i.rcu_periph_clock_enable)
    rcu_periph_reset_disable                 0x080015f1   Thumb Code    28  gd32f30x_rcu.o(i.rcu_periph_reset_disable)
    rcu_periph_reset_enable                  0x08001611   Thumb Code    28  gd32f30x_rcu.o(i.rcu_periph_reset_enable)
    regUsb2ComCb                             0x08001631   Thumb Code     6  usb_drv.o(i.regUsb2ComCb)
    usart_baudrate_set                       0x08001759   Thumb Code   136  gd32f30x_usart.o(i.usart_baudrate_set)
    usart_data_receive                       0x080017e9   Thumb Code    10  gd32f30x_usart.o(i.usart_data_receive)
    usart_data_transmit                      0x080017f3   Thumb Code     8  gd32f30x_usart.o(i.usart_data_transmit)
    usart_deinit                             0x080017fd   Thumb Code   136  gd32f30x_usart.o(i.usart_deinit)
    usart_enable                             0x0800188d   Thumb Code    10  gd32f30x_usart.o(i.usart_enable)
    usart_flag_get                           0x08001897   Thumb Code    30  gd32f30x_usart.o(i.usart_flag_get)
    usart_interrupt_enable                   0x080018b5   Thumb Code    26  gd32f30x_usart.o(i.usart_interrupt_enable)
    usart_interrupt_flag_clear               0x080018cf   Thumb Code    18  gd32f30x_usart.o(i.usart_interrupt_flag_clear)
    usart_interrupt_flag_get                 0x080018e1   Thumb Code    56  gd32f30x_usart.o(i.usart_interrupt_flag_get)
    usart_receive_config                     0x08001919   Thumb Code    20  gd32f30x_usart.o(i.usart_receive_config)
    usart_transmit_config                    0x0800192d   Thumb Code    20  gd32f30x_usart.o(i.usart_transmit_config)
    usbAppInit                               0x08001941   Thumb Code    20  usbapp.o(i.usbAppInit)
    _fp_init                                 0x08001961   Thumb Code    10  fpinit.o(x$fpl$fpinit)
    __fplib_config_fpu_vfp                   0x08001969   Thumb Code     0  fpinit.o(x$fpl$fpinit)
    __fplib_config_pureend_doubles           0x08001969   Thumb Code     0  fpinit.o(x$fpl$fpinit)
    __stdin_name                             0x080019a3   Data           4  sys_io.o(.constdata)
    __stdout_name                            0x080019a7   Data           4  sys_io.o(.constdata)
    __stderr_name                            0x080019ab   Data           4  sys_io.o(.constdata)
    Region$$Table$$Base                      0x080019b0   Number         0  anon$$obj.o(Region$$Table)
    Region$$Table$$Limit                     0x080019d0   Number         0  anon$$obj.o(Region$$Table)
    g_sysRunTime                             0x20000058   Data           8  systick.o(.data)
    __aeabi_stdin                            0x2000007c   Data           4  stdio_streams.o(.data)
    __aeabi_stdout                           0x20000080   Data           4  stdio_streams.o(.data)
    __aeabi_stderr                           0x20000084   Data           4  stdio_streams.o(.data)
    __stdin                                  0x200000e8   Data          84  stdio_streams.o(.bss)
    __stdout                                 0x2000013c   Data          84  stdio_streams.o(.bss)
    __stderr                                 0x20000190   Data          84  stdio_streams.o(.bss)
    __libspace_start                         0x200001e4   Data          96  libspace.o(.bss)
    __temporary_stack_top$libspace           0x20000244   Data           0  libspace.o(.bss)



==============================================================================

Memory Map of the image

  Image Entry point : 0x08000131

  Load Region LR_IROM1 (Base: 0x08000000, Size: 0x00001a58, Max: 0x00080000, ABSOLUTE)

    Execution Region ER_IROM1 (Exec base: 0x08000000, Load base: 0x08000000, Size: 0x000019d0, Max: 0x00080000, ABSOLUTE)

    Exec Addr    Load Addr    Size         Type   Attr      Idx    E Section Name        Object

    0x08000000   0x08000000   0x00000130   Data   RO         1782    RESET               startup_gd32f30x_hd.o
    0x08000130   0x08000130   0x00000008   Code   RO         1897  * !!!main             c_w.l(__main.o)
    0x08000138   0x08000138   0x00000034   Code   RO         2222    !!!scatter          c_w.l(__scatter.o)
    0x0800016c   0x0800016c   0x0000001a   Code   RO         2224    !!handler_copy      c_w.l(__scatter_copy.o)
    0x08000186   0x08000186   0x00000002   PAD
    0x08000188   0x08000188   0x0000001c   Code   RO         2226    !!handler_zi        c_w.l(__scatter_zi.o)
    0x080001a4   0x080001a4   0x00000000   Code   RO         1894    .ARM.Collect$$_printf_percent$$00000000  c_w.l(_printf_percent.o)
    0x080001a4   0x080001a4   0x00000006   Code   RO         1893    .ARM.Collect$$_printf_percent$$0000000C  c_w.l(_printf_x.o)
    0x080001aa   0x080001aa   0x00000004   Code   RO         1904    .ARM.Collect$$_printf_percent$$00000017  c_w.l(_printf_percent_end.o)
    0x080001ae   0x080001ae   0x00000002   Code   RO         2027    .ARM.Collect$$libinit$$00000000  c_w.l(libinit.o)
    0x080001b0   0x080001b0   0x00000004   Code   RO         2028    .ARM.Collect$$libinit$$00000001  c_w.l(libinit2.o)
    0x080001b4   0x080001b4   0x00000000   Code   RO         2031    .ARM.Collect$$libinit$$00000004  c_w.l(libinit2.o)
    0x080001b4   0x080001b4   0x00000008   Code   RO         2032    .ARM.Collect$$libinit$$00000005  c_w.l(libinit2.o)
    0x080001bc   0x080001bc   0x00000000   Code   RO         2034    .ARM.Collect$$libinit$$0000000A  c_w.l(libinit2.o)
    0x080001bc   0x080001bc   0x00000000   Code   RO         2036    .ARM.Collect$$libinit$$0000000C  c_w.l(libinit2.o)
    0x080001bc   0x080001bc   0x00000000   Code   RO         2038    .ARM.Collect$$libinit$$0000000E  c_w.l(libinit2.o)
    0x080001bc   0x080001bc   0x00000000   Code   RO         2041    .ARM.Collect$$libinit$$00000011  c_w.l(libinit2.o)
    0x080001bc   0x080001bc   0x00000000   Code   RO         2043    .ARM.Collect$$libinit$$00000013  c_w.l(libinit2.o)
    0x080001bc   0x080001bc   0x00000000   Code   RO         2045    .ARM.Collect$$libinit$$00000015  c_w.l(libinit2.o)
    0x080001bc   0x080001bc   0x00000000   Code   RO         2047    .ARM.Collect$$libinit$$00000017  c_w.l(libinit2.o)
    0x080001bc   0x080001bc   0x00000000   Code   RO         2049    .ARM.Collect$$libinit$$00000019  c_w.l(libinit2.o)
    0x080001bc   0x080001bc   0x00000000   Code   RO         2051    .ARM.Collect$$libinit$$0000001B  c_w.l(libinit2.o)
    0x080001bc   0x080001bc   0x00000000   Code   RO         2053    .ARM.Collect$$libinit$$0000001D  c_w.l(libinit2.o)
    0x080001bc   0x080001bc   0x00000000   Code   RO         2055    .ARM.Collect$$libinit$$0000001F  c_w.l(libinit2.o)
    0x080001bc   0x080001bc   0x00000000   Code   RO         2057    .ARM.Collect$$libinit$$00000021  c_w.l(libinit2.o)
    0x080001bc   0x080001bc   0x00000000   Code   RO         2059    .ARM.Collect$$libinit$$00000023  c_w.l(libinit2.o)
    0x080001bc   0x080001bc   0x00000004   Code   RO         2060    .ARM.Collect$$libinit$$00000024  c_w.l(libinit2.o)
    0x080001c0   0x080001c0   0x00000000   Code   RO         2061    .ARM.Collect$$libinit$$00000025  c_w.l(libinit2.o)
    0x080001c0   0x080001c0   0x00000000   Code   RO         2065    .ARM.Collect$$libinit$$0000002C  c_w.l(libinit2.o)
    0x080001c0   0x080001c0   0x00000000   Code   RO         2067    .ARM.Collect$$libinit$$0000002E  c_w.l(libinit2.o)
    0x080001c0   0x080001c0   0x00000000   Code   RO         2069    .ARM.Collect$$libinit$$00000030  c_w.l(libinit2.o)
    0x080001c0   0x080001c0   0x00000000   Code   RO         2071    .ARM.Collect$$libinit$$00000032  c_w.l(libinit2.o)
    0x080001c0   0x080001c0   0x00000002   Code   RO         2072    .ARM.Collect$$libinit$$00000033  c_w.l(libinit2.o)
    0x080001c2   0x080001c2   0x00000002   Code   RO         2201    .ARM.Collect$$libshutdown$$00000000  c_w.l(libshutdown.o)
    0x080001c4   0x080001c4   0x00000000   Code   RO         2074    .ARM.Collect$$libshutdown$$00000002  c_w.l(libshutdown2.o)
    0x080001c4   0x080001c4   0x00000000   Code   RO         2076    .ARM.Collect$$libshutdown$$00000004  c_w.l(libshutdown2.o)
    0x080001c4   0x080001c4   0x00000004   Code   RO         2077    .ARM.Collect$$libshutdown$$00000005  c_w.l(libshutdown2.o)
    0x080001c8   0x080001c8   0x00000000   Code   RO         2078    .ARM.Collect$$libshutdown$$00000006  c_w.l(libshutdown2.o)
    0x080001c8   0x080001c8   0x00000000   Code   RO         2081    .ARM.Collect$$libshutdown$$00000009  c_w.l(libshutdown2.o)
    0x080001c8   0x080001c8   0x00000000   Code   RO         2084    .ARM.Collect$$libshutdown$$0000000C  c_w.l(libshutdown2.o)
    0x080001c8   0x080001c8   0x00000000   Code   RO         2086    .ARM.Collect$$libshutdown$$0000000E  c_w.l(libshutdown2.o)
    0x080001c8   0x080001c8   0x00000000   Code   RO         2089    .ARM.Collect$$libshutdown$$00000011  c_w.l(libshutdown2.o)
    0x080001c8   0x080001c8   0x00000002   Code   RO         2090    .ARM.Collect$$libshutdown$$00000012  c_w.l(libshutdown2.o)
    0x080001ca   0x080001ca   0x00000000   Code   RO         1899    .ARM.Collect$$rtentry$$00000000  c_w.l(__rtentry.o)
    0x080001ca   0x080001ca   0x00000000   Code   RO         1912    .ARM.Collect$$rtentry$$00000002  c_w.l(__rtentry2.o)
    0x080001ca   0x080001ca   0x00000006   Code   RO         1924    .ARM.Collect$$rtentry$$00000004  c_w.l(__rtentry4.o)
    0x080001d0   0x080001d0   0x00000000   Code   RO         1914    .ARM.Collect$$rtentry$$00000009  c_w.l(__rtentry2.o)
    0x080001d0   0x080001d0   0x00000004   Code   RO         1915    .ARM.Collect$$rtentry$$0000000A  c_w.l(__rtentry2.o)
    0x080001d4   0x080001d4   0x00000000   Code   RO         1917    .ARM.Collect$$rtentry$$0000000C  c_w.l(__rtentry2.o)
    0x080001d4   0x080001d4   0x00000008   Code   RO         1918    .ARM.Collect$$rtentry$$0000000D  c_w.l(__rtentry2.o)
    0x080001dc   0x080001dc   0x00000002   Code   RO         2097    .ARM.Collect$$rtexit$$00000000  c_w.l(rtexit.o)
    0x080001de   0x080001de   0x00000000   Code   RO         2147    .ARM.Collect$$rtexit$$00000002  c_w.l(rtexit2.o)
    0x080001de   0x080001de   0x00000004   Code   RO         2148    .ARM.Collect$$rtexit$$00000003  c_w.l(rtexit2.o)
    0x080001e2   0x080001e2   0x00000006   Code   RO         2149    .ARM.Collect$$rtexit$$00000004  c_w.l(rtexit2.o)
    0x080001e8   0x080001e8   0x00000000   Code   RO         2153    .emb_text           c_w.l(maybetermalloc1.o)
    0x080001e8   0x080001e8   0x00000040   Code   RO         1783    .text               startup_gd32f30x_hd.o
    0x08000228   0x08000228   0x00000018   Code   RO         1846    .text               c_w.l(noretval__2printf.o)
    0x08000240   0x08000240   0x0000004e   Code   RO         1850    .text               c_w.l(_printf_pad.o)
    0x0800028e   0x0800028e   0x00000002   PAD
    0x08000290   0x08000290   0x00000058   Code   RO         1855    .text               c_w.l(_printf_hex_int.o)
    0x080002e8   0x080002e8   0x00000138   Code   RO         1885    .text               c_w.l(__printf_flags_wp.o)
    0x08000420   0x08000420   0x00000006   Code   RO         1895    .text               c_w.l(heapauxi.o)
    0x08000426   0x08000426   0x000000b2   Code   RO         1900    .text               c_w.l(_printf_intcommon.o)
    0x080004d8   0x080004d8   0x00000024   Code   RO         1902    .text               c_w.l(_printf_char_file.o)
    0x080004fc   0x080004fc   0x00000030   Code   RO         1926    .text               c_w.l(_printf_char_common.o)
    0x0800052c   0x0800052c   0x00000008   Code   RO         1928    .text               c_w.l(ferror.o)
    0x08000534   0x08000534   0x00000138   Code   RO         1930    .text               c_w.l(initio.o)
    0x0800066c   0x0800066c   0x00000066   Code   RO         1936    .text               c_w.l(sys_io.o)
    0x080006d2   0x080006d2   0x0000004a   Code   RO         1943    .text               c_w.l(sys_stackheap_outer.o)
    0x0800071c   0x0800071c   0x0000004e   Code   RO         1947    .text               c_w.l(h1_free.o)
    0x0800076a   0x0800076a   0x00000046   Code   RO         2003    .text               c_w.l(setvbuf.o)
    0x080007b0   0x080007b0   0x000000ec   Code   RO         2006    .text               c_w.l(fopen.o)
    0x0800089c   0x0800089c   0x0000004c   Code   RO         2008    .text               c_w.l(fclose.o)
    0x080008e8   0x080008e8   0x00000012   Code   RO         2014    .text               c_w.l(exit.o)
    0x080008fa   0x080008fa   0x0000000e   Code   RO         2016    .text               c_w.l(defsig_rtred_outer.o)
    0x08000908   0x08000908   0x0000004e   Code   RO         2020    .text               c_w.l(rt_memclr_w.o)
    0x08000956   0x08000956   0x00000002   PAD
    0x08000958   0x08000958   0x00000008   Code   RO         2091    .text               c_w.l(libspace.o)
    0x08000960   0x08000960   0x00000002   Code   RO         2094    .text               c_w.l(use_no_semi.o)
    0x08000962   0x08000962   0x00000000   Code   RO         2096    .text               c_w.l(indicate_semi.o)
    0x08000962   0x08000962   0x00000002   PAD
    0x08000964   0x08000964   0x00000008   Code   RO         2104    .text               c_w.l(rt_heap_descriptor_intlibspace.o)
    0x0800096c   0x0800096c   0x00000004   Code   RO         2106    .text               c_w.l(hguard.o)
    0x08000970   0x08000970   0x0000008a   Code   RO         2108    .text               c_w.l(init_alloc.o)
    0x080009fa   0x080009fa   0x0000005e   Code   RO         2114    .text               c_w.l(h1_alloc.o)
    0x08000a58   0x08000a58   0x000000f8   Code   RO         2128    .text               c_w.l(fseek.o)
    0x08000b50   0x08000b50   0x000000f0   Code   RO         2130    .text               c_w.l(stdio.o)
    0x08000c40   0x08000c40   0x0000000a   Code   RO         2132    .text               c_w.l(defsig_exit.o)
    0x08000c4a   0x08000c4a   0x00000002   PAD
    0x08000c4c   0x08000c4c   0x00000034   Code   RO         2134    .text               c_w.l(defsig_rtred_inner.o)
    0x08000c80   0x08000c80   0x0000003e   Code   RO         2136    .text               c_w.l(strlen.o)
    0x08000cbe   0x08000cbe   0x00000002   PAD
    0x08000cc0   0x08000cc0   0x0000000c   Code   RO         2144    .text               c_w.l(sys_exit.o)
    0x08000ccc   0x08000ccc   0x0000000e   Code   RO         2155    .text               c_w.l(h1_init.o)
    0x08000cda   0x08000cda   0x00000034   Code   RO         2157    .text               c_w.l(h1_extend.o)
    0x08000d0e   0x08000d0e   0x00000042   Code   RO         2163    .text               c_w.l(ftell.o)
    0x08000d50   0x08000d50   0x00000032   Code   RO         2167    .text               c_w.l(defsig_general.o)
    0x08000d82   0x08000d82   0x0000000e   Code   RO         2169    .text               c_w.l(defsig_rtmem_outer.o)
    0x08000d90   0x08000d90   0x0000000e   Code   RO         2182    .text               c_w.l(sys_wrch.o)
    0x08000d9e   0x08000d9e   0x00000002   PAD
    0x08000da0   0x08000da0   0x00000008   Code   RO         2189    .text               c_w.l(rt_errno_addr_intlibspace.o)
    0x08000da8   0x08000da8   0x00000050   Code   RO         2195    .text               c_w.l(defsig_rtmem_inner.o)
    0x08000df8   0x08000df8   0x00000018   Code   RO          155    i.CalXorSum         usbapp.o
    0x08000e10   0x08000e10   0x00000018   Code   RO          156    i.CtrlLed           usbapp.o
    0x08000e28   0x08000e28   0x00000040   Code   RO          249    i.KeyDrvInit        key_drv.o
    0x08000e68   0x08000e68   0x0000005c   Code   RO          208    i.LedDrvInit        led_drv.o
    0x08000ec4   0x08000ec4   0x00000014   Code   RO          157    i.ProcUartData      usbapp.o
    0x08000ed8   0x08000ed8   0x0000000c   Code   RO          377    i.QueueInit         queue.o
    0x08000ee4   0x08000ee4   0x0000002c   Code   RO          378    i.QueuePop          queue.o
    0x08000f10   0x08000f10   0x00000026   Code   RO          379    i.QueuePopArray     queue.o
    0x08000f36   0x08000f36   0x00000028   Code   RO          380    i.QueuePush         queue.o
    0x08000f5e   0x08000f5e   0x00000002   PAD
    0x08000f60   0x08000f60   0x00000018   Code   RO          286    i.SysTick_Handler   systick.o
    0x08000f78   0x08000f78   0x000000a8   Code   RO         1790    i.SystemInit        system_gd32f30x.o
    0x08001020   0x08001020   0x00000064   Code   RO          287    i.SystickInit       systick.o
    0x08001084   0x08001084   0x0000002c   Code   RO          210    i.TurnOffLed        led_drv.o
    0x080010b0   0x080010b0   0x0000002c   Code   RO          211    i.TurnOnLed         led_drv.o
    0x080010dc   0x080010dc   0x0000003c   Code   RO          324    i.USART0_IRQHandler  usb_drv.o
    0x08001118   0x08001118   0x00000010   Code   RO          325    i.UsbDrvInit        usb_drv.o
    0x08001128   0x08001128   0x0000002c   Code   RO          326    i.UsbGpioInit       usb_drv.o
    0x08001154   0x08001154   0x000000cc   Code   RO          158    i.UsbTask           usbapp.o
    0x08001220   0x08001220   0x00000058   Code   RO          327    i.UsbUartInit       usb_drv.o
    0x08001278   0x08001278   0x0000000e   Code   RO         1883    i._is_digit         c_w.l(__printf_wp.o)
    0x08001286   0x08001286   0x00000008   Code   RO            3    i.appInit           main.o
    0x0800128e   0x0800128e   0x00000014   Code   RO            4    i.driverInit        main.o
    0x080012a2   0x080012a2   0x00000002   PAD
    0x080012a4   0x080012a4   0x00000028   Code   RO          328    i.fputc             usb_drv.o
    0x080012cc   0x080012cc   0x00000004   Code   RO          424    i.gpio_bit_reset    gd32f30x_gpio.o
    0x080012d0   0x080012d0   0x00000004   Code   RO          425    i.gpio_bit_set      gd32f30x_gpio.o
    0x080012d4   0x080012d4   0x000000bc   Code   RO          434    i.gpio_init         gd32f30x_gpio.o
    0x08001390   0x08001390   0x00000010   Code   RO            5    i.main              main.o
    0x080013a0   0x080013a0   0x000000c4   Code   RO          624    i.nvic_irq_enable   gd32f30x_misc.o
    0x08001464   0x08001464   0x00000014   Code   RO          625    i.nvic_priority_group_set  gd32f30x_misc.o
    0x08001478   0x08001478   0x00000158   Code   RO          691    i.rcu_clock_freq_get  gd32f30x_rcu.o
    0x080015d0   0x080015d0   0x00000020   Code   RO          709    i.rcu_periph_clock_enable  gd32f30x_rcu.o
    0x080015f0   0x080015f0   0x00000020   Code   RO          712    i.rcu_periph_reset_disable  gd32f30x_rcu.o
    0x08001610   0x08001610   0x00000020   Code   RO          713    i.rcu_periph_reset_enable  gd32f30x_rcu.o
    0x08001630   0x08001630   0x0000000c   Code   RO          329    i.regUsb2ComCb      usb_drv.o
    0x0800163c   0x0800163c   0x00000114   Code   RO         1791    i.system_clock_120m_hxtal  system_gd32f30x.o
    0x08001750   0x08001750   0x00000008   Code   RO         1792    i.system_clock_config  system_gd32f30x.o
    0x08001758   0x08001758   0x00000090   Code   RO         1023    i.usart_baudrate_set  gd32f30x_usart.o
    0x080017e8   0x080017e8   0x0000000a   Code   RO         1026    i.usart_data_receive  gd32f30x_usart.o
    0x080017f2   0x080017f2   0x00000008   Code   RO         1027    i.usart_data_transmit  gd32f30x_usart.o
    0x080017fa   0x080017fa   0x00000002   PAD
    0x080017fc   0x080017fc   0x00000090   Code   RO         1028    i.usart_deinit      gd32f30x_usart.o
    0x0800188c   0x0800188c   0x0000000a   Code   RO         1032    i.usart_enable      gd32f30x_usart.o
    0x08001896   0x08001896   0x0000001e   Code   RO         1034    i.usart_flag_get    gd32f30x_usart.o
    0x080018b4   0x080018b4   0x0000001a   Code   RO         1041    i.usart_interrupt_enable  gd32f30x_usart.o
    0x080018ce   0x080018ce   0x00000012   Code   RO         1042    i.usart_interrupt_flag_clear  gd32f30x_usart.o
    0x080018e0   0x080018e0   0x00000038   Code   RO         1043    i.usart_interrupt_flag_get  gd32f30x_usart.o
    0x08001918   0x08001918   0x00000014   Code   RO         1056    i.usart_receive_config  gd32f30x_usart.o
    0x0800192c   0x0800192c   0x00000014   Code   RO         1070    i.usart_transmit_config  gd32f30x_usart.o
    0x08001940   0x08001940   0x00000020   Code   RO          159    i.usbAppInit        usbapp.o
    0x08001960   0x08001960   0x0000000a   Code   RO         2142    x$fpl$fpinit        fz_wm.l(fpinit.o)
    0x0800196a   0x0800196a   0x00000028   Data   RO         1856    .constdata          c_w.l(_printf_hex_int.o)
    0x08001992   0x08001992   0x00000011   Data   RO         1886    .constdata          c_w.l(__printf_flags_wp.o)
    0x080019a3   0x080019a3   0x00000004   Data   RO         1937    .constdata          c_w.l(sys_io.o)
    0x080019a7   0x080019a7   0x00000004   Data   RO         1938    .constdata          c_w.l(sys_io.o)
    0x080019ab   0x080019ab   0x00000004   Data   RO         1939    .constdata          c_w.l(sys_io.o)
    0x080019af   0x080019af   0x00000001   PAD
    0x080019b0   0x080019b0   0x00000020   Data   RO         2220    Region$$Table       anon$$obj.o


    Execution Region RW_IRAM1 (Exec base: 0x20000000, Load base: 0x080019d0, Size: 0x00000a48, Max: 0x00010000, ABSOLUTE)

    Exec Addr    Load Addr    Size         Type   Attr      Idx    E Section Name        Object

    0x20000000   0x080019d0   0x00000024   Data   RW          212    .data               led_drv.o
    0x20000024   0x080019f4   0x00000030   Data   RW          252    .data               key_drv.o
    0x20000054   0x08001a24   0x00000004   PAD
    0x20000058   0x08001a28   0x00000008   Data   RW          288    .data               systick.o
    0x20000060   0x08001a30   0x0000001c   Data   RW          330    .data               usb_drv.o
    0x2000007c   0x08001a4c   0x00000004   Data   RW         1908    .data               c_w.l(stdio_streams.o)
    0x20000080   0x08001a50   0x00000004   Data   RW         1909    .data               c_w.l(stdio_streams.o)
    0x20000084   0x08001a54   0x00000004   Data   RW         1910    .data               c_w.l(stdio_streams.o)
    0x20000088        -       0x00000060   Zero   RW          160    .bss                usbapp.o
    0x200000e8        -       0x00000054   Zero   RW         1905    .bss                c_w.l(stdio_streams.o)
    0x2000013c        -       0x00000054   Zero   RW         1906    .bss                c_w.l(stdio_streams.o)
    0x20000190        -       0x00000054   Zero   RW         1907    .bss                c_w.l(stdio_streams.o)
    0x200001e4        -       0x00000060   Zero   RW         2092    .bss                c_w.l(libspace.o)
    0x20000244   0x08001a58   0x00000004   PAD
    0x20000248        -       0x00000400   Zero   RW         1781    HEAP                startup_gd32f30x_hd.o
    0x20000648        -       0x00000400   Zero   RW         1780    STACK               startup_gd32f30x_hd.o


==============================================================================

Image component sizes


      Code (inc. data)   RO Data    RW Data    ZI Data      Debug   Object Name

       196          0          0          0          0       1904   gd32f30x_gpio.o
       216         20          0          0          0       1336   gd32f30x_misc.o
       440         46          0          0          0      19724   gd32f30x_rcu.o
       486         16          0          0          0      13115   gd32f30x_usart.o
        64          4          0         48          0       1457   key_drv.o
       180         14          0         36          0       2214   led_drv.o
        44          0          0          0          0      26946   main.o
       134          0          0          0          0       3239   queue.o
        64         26        304          0       2048        852   startup_gd32f30x_hd.o
       452         30          0          0          0       2309   system_gd32f30x.o
       124         12          0          8          0      27662   systick.o
       260         32          0         28          0       4912   usb_drv.o
       304         34          0          0         96       3859   usbapp.o

    ----------------------------------------------------------------------
      2970        234        336        124       2144     109529   Object Totals
         0          0         32          0          0          0   (incl. Generated)
         6          0          0          4          0          0   (incl. Padding)

    ----------------------------------------------------------------------

      Code (inc. data)   RO Data    RW Data    ZI Data      Debug   Library Member Name

         8          0          0          0          0         68   __main.o
       312          4         17          0          0         92   __printf_flags_wp.o
        14          0          0          0          0         68   __printf_wp.o
         0          0          0          0          0          0   __rtentry.o
        12          0          0          0          0          0   __rtentry2.o
         6          0          0          0          0          0   __rtentry4.o
        52          8          0          0          0          0   __scatter.o
        26          0          0          0          0          0   __scatter_copy.o
        28          0          0          0          0          0   __scatter_zi.o
        48          6          0          0          0         96   _printf_char_common.o
        36          4          0          0          0         80   _printf_char_file.o
        88          4         40          0          0         88   _printf_hex_int.o
       178          0          0          0          0         88   _printf_intcommon.o
        78          0          0          0          0        108   _printf_pad.o
         0          0          0          0          0          0   _printf_percent.o
         4          0          0          0          0          0   _printf_percent_end.o
         6          0          0          0          0          0   _printf_x.o
        10          0          0          0          0         68   defsig_exit.o
        50          0          0          0          0         88   defsig_general.o
        80         58          0          0          0         76   defsig_rtmem_inner.o
        14          0          0          0          0         80   defsig_rtmem_outer.o
        52         38          0          0          0         76   defsig_rtred_inner.o
        14          0          0          0          0         80   defsig_rtred_outer.o
        18          0          0          0          0         80   exit.o
        76          0          0          0          0         88   fclose.o
         8          0          0          0          0         68   ferror.o
       236          4          0          0          0        128   fopen.o
       248          6          0          0          0         84   fseek.o
        66          0          0          0          0         76   ftell.o
        94          0          0          0          0         80   h1_alloc.o
        52          0          0          0          0         68   h1_extend.o
        78          0          0          0          0         80   h1_free.o
        14          0          0          0          0         84   h1_init.o
         6          0          0          0          0        152   heapauxi.o
         4          0          0          0          0        136   hguard.o
         0          0          0          0          0          0   indicate_semi.o
       138          0          0          0          0        168   init_alloc.o
       312         46          0          0          0        112   initio.o
         2          0          0          0          0          0   libinit.o
        18          0          0          0          0          0   libinit2.o
         2          0          0          0          0          0   libshutdown.o
         6          0          0          0          0          0   libshutdown2.o
         8          4          0          0         96         68   libspace.o
         0          0          0          0          0          0   maybetermalloc1.o
        24          4          0          0          0         84   noretval__2printf.o
         8          4          0          0          0         68   rt_errno_addr_intlibspace.o
         8          4          0          0          0         68   rt_heap_descriptor_intlibspace.o
        78          0          0          0          0         80   rt_memclr_w.o
         2          0          0          0          0          0   rtexit.o
        10          0          0          0          0          0   rtexit2.o
        70          0          0          0          0         80   setvbuf.o
       240          6          0          0          0        156   stdio.o
         0          0          0         12        252          0   stdio_streams.o
        62          0          0          0          0         76   strlen.o
        12          4          0          0          0         68   sys_exit.o
       102          0         12          0          0        240   sys_io.o
        74          0          0          0          0         80   sys_stackheap_outer.o
        14          0          0          0          0         76   sys_wrch.o
         2          0          0          0          0         68   use_no_semi.o
        10          0          0          0          0        116   fpinit.o

    ----------------------------------------------------------------------
      3232        204         70         12        352       3888   Library Totals
        14          0          1          0          4          0   (incl. Padding)

    ----------------------------------------------------------------------

      Code (inc. data)   RO Data    RW Data    ZI Data      Debug   Library Name

      3208        204         69         12        348       3772   c_w.l
        10          0          0          0          0        116   fz_wm.l

    ----------------------------------------------------------------------
      3232        204         70         12        352       3888   Library Totals

    ----------------------------------------------------------------------

==============================================================================


      Code (inc. data)   RO Data    RW Data    ZI Data      Debug   

      6202        438        406        136       2496     107141   Grand Totals
      6202        438        406        136       2496     107141   ELF Image Totals
      6202        438        406        136          0          0   ROM Totals

==============================================================================

    Total RO  Size (Code + RO Data)                 6608 (   6.45kB)
    Total RW  Size (RW Data + ZI Data)              2632 (   2.57kB)
    Total ROM Size (Code + RO Data + RW Data)       6744 (   6.59kB)

==============================================================================

