Component: ARM Compiler 5.06 update 7 (build 960) Tool: armlink [4d3601]

==============================================================================

Section Cross References

    main.o(i.main) refers to systick.o(i.SystickInit) for SystickInit
    main.o(i.main) refers to led_drv.o(i.LedDrvInit) for LedDrvInit
    main.o(i.main) refers to key_drv.o(i.KeyDrvInit) for KeyDrvInit
    main.o(i.main) refers to usb_drv.o(i.UsbDrvInit) for UsbDrvInit
    main.o(i.main) refers to usb_drv.o(i.UsbTask) for UsbTask
    led_drv.o(i.LedDrvInit) refers to gd32f30x_rcu.o(i.rcu_periph_clock_enable) for rcu_periph_clock_enable
    led_drv.o(i.LedDrvInit) refers to gd32f30x_gpio.o(i.gpio_init) for gpio_init
    led_drv.o(i.LedDrvInit) refers to gd32f30x_gpio.o(i.gpio_bit_reset) for gpio_bit_reset
    led_drv.o(i.LedDrvInit) refers to led_drv.o(.data) for g_gpioList
    led_drv.o(i.ToggleLed) refers to gd32f30x_gpio.o(i.gpio_input_bit_get) for gpio_input_bit_get
    led_drv.o(i.ToggleLed) refers to gd32f30x_gpio.o(i.gpio_bit_write) for gpio_bit_write
    led_drv.o(i.ToggleLed) refers to led_drv.o(.data) for g_gpioList
    led_drv.o(i.TurnOffLed) refers to gd32f30x_gpio.o(i.gpio_bit_reset) for gpio_bit_reset
    led_drv.o(i.TurnOffLed) refers to led_drv.o(.data) for g_gpioList
    led_drv.o(i.TurnOnLed) refers to gd32f30x_gpio.o(i.gpio_bit_set) for gpio_bit_set
    led_drv.o(i.TurnOnLed) refers to led_drv.o(.data) for g_gpioList
    key_drv.o(i.GetKeyVal) refers to key_drv.o(i.KeyScan) for KeyScan
    key_drv.o(i.KeyDrvInit) refers to gd32f30x_rcu.o(i.rcu_periph_clock_enable) for rcu_periph_clock_enable
    key_drv.o(i.KeyDrvInit) refers to gd32f30x_gpio.o(i.gpio_init) for gpio_init
    key_drv.o(i.KeyDrvInit) refers to key_drv.o(.data) for g_gpioList
    key_drv.o(i.KeyScan) refers to gd32f30x_gpio.o(i.gpio_input_bit_get) for gpio_input_bit_get
    key_drv.o(i.KeyScan) refers to systick.o(i.GetSysRunTime) for GetSysRunTime
    key_drv.o(i.KeyScan) refers to key_drv.o(.data) for g_gpioList
    key_drv.o(i.KeyScan) refers to key_drv.o(.bss) for g_keyInfo
    systick.o(i.GetSysRunTime) refers to systick.o(.data) for g_sysRunTime
    systick.o(i.SysTick_Handler) refers to systick.o(.data) for g_sysRunTime
    systick.o(i.SystickInit) refers to gd32f30x_rcu.o(i.rcu_clock_freq_get) for rcu_clock_freq_get
    usb_drv.o(i.CtrlLed) refers to led_drv.o(i.TurnOnLed) for TurnOnLed
    usb_drv.o(i.CtrlLed) refers to led_drv.o(i.TurnOffLed) for TurnOffLed
    usb_drv.o(i.ProcUartData) refers to usb_drv.o(.data) for index
    usb_drv.o(i.ProcUartData) refers to usb_drv.o(.bss) for g_rcvDataBuf
    usb_drv.o(i.USART0_IRQHandler) refers to gd32f30x_usart.o(i.usart_interrupt_flag_get) for usart_interrupt_flag_get
    usb_drv.o(i.USART0_IRQHandler) refers to gd32f30x_usart.o(i.usart_interrupt_flag_clear) for usart_interrupt_flag_clear
    usb_drv.o(i.USART0_IRQHandler) refers to gd32f30x_usart.o(i.usart_data_receive) for usart_data_receive
    usb_drv.o(i.USART0_IRQHandler) refers to usb_drv.o(i.ProcUartData) for ProcUartData
    usb_drv.o(i.USART0_IRQHandler) refers to usb_drv.o(.data) for g_uartHwInfo
    usb_drv.o(i.Usb2ComGpioInit) refers to gd32f30x_rcu.o(i.rcu_periph_clock_enable) for rcu_periph_clock_enable
    usb_drv.o(i.Usb2ComGpioInit) refers to gd32f30x_gpio.o(i.gpio_init) for gpio_init
    usb_drv.o(i.Usb2ComGpioInit) refers to usb_drv.o(.data) for g_uartHwInfo
    usb_drv.o(i.Usb2ComUartInit) refers to gd32f30x_rcu.o(i.rcu_periph_clock_enable) for rcu_periph_clock_enable
    usb_drv.o(i.Usb2ComUartInit) refers to gd32f30x_usart.o(i.usart_deinit) for usart_deinit
    usb_drv.o(i.Usb2ComUartInit) refers to gd32f30x_usart.o(i.usart_baudrate_set) for usart_baudrate_set
    usb_drv.o(i.Usb2ComUartInit) refers to gd32f30x_usart.o(i.usart_transmit_config) for usart_transmit_config
    usb_drv.o(i.Usb2ComUartInit) refers to gd32f30x_usart.o(i.usart_receive_config) for usart_receive_config
    usb_drv.o(i.Usb2ComUartInit) refers to gd32f30x_usart.o(i.usart_interrupt_enable) for usart_interrupt_enable
    usb_drv.o(i.Usb2ComUartInit) refers to gd32f30x_misc.o(i.nvic_irq_enable) for nvic_irq_enable
    usb_drv.o(i.Usb2ComUartInit) refers to gd32f30x_usart.o(i.usart_enable) for usart_enable
    usb_drv.o(i.Usb2ComUartInit) refers to usb_drv.o(.data) for g_uartHwInfo
    usb_drv.o(i.UsbDrvInit) refers to usb_drv.o(i.Usb2ComGpioInit) for Usb2ComGpioInit
    usb_drv.o(i.UsbDrvInit) refers to usb_drv.o(i.Usb2ComUartInit) for Usb2ComUartInit
    usb_drv.o(i.UsbTask) refers to usb_drv.o(i.CalXorSum) for CalXorSum
    usb_drv.o(i.UsbTask) refers to usb_drv.o(i.CtrlLed) for CtrlLed
    usb_drv.o(i.UsbTask) refers to usb_drv.o(.data) for g_pktRcvd
    usb_drv.o(i.UsbTask) refers to usb_drv.o(.bss) for g_rcvDataBuf
    usb_drv.o(i.fputc) refers to gd32f30x_usart.o(i.usart_data_transmit) for usart_data_transmit
    usb_drv.o(i.fputc) refers to gd32f30x_usart.o(i.usart_flag_get) for usart_flag_get
    usb_drv.o(i.fputc) refers to usb_drv.o(.data) for g_uartHwInfo
    gd32f30x_gpio.o(i.gpio_afio_deinit) refers to gd32f30x_rcu.o(i.rcu_periph_reset_enable) for rcu_periph_reset_enable
    gd32f30x_gpio.o(i.gpio_afio_deinit) refers to gd32f30x_rcu.o(i.rcu_periph_reset_disable) for rcu_periph_reset_disable
    gd32f30x_gpio.o(i.gpio_deinit) refers to gd32f30x_rcu.o(i.rcu_periph_reset_enable) for rcu_periph_reset_enable
    gd32f30x_gpio.o(i.gpio_deinit) refers to gd32f30x_rcu.o(i.rcu_periph_reset_disable) for rcu_periph_reset_disable
    gd32f30x_misc.o(i.nvic_irq_enable) refers to gd32f30x_misc.o(i.nvic_priority_group_set) for nvic_priority_group_set
    gd32f30x_rcu.o(i.rcu_deinit) refers to gd32f30x_rcu.o(i.rcu_osci_stab_wait) for rcu_osci_stab_wait
    gd32f30x_rcu.o(i.rcu_osci_stab_wait) refers to gd32f30x_rcu.o(i.rcu_flag_get) for rcu_flag_get
    gd32f30x_usart.o(i.usart_baudrate_set) refers to gd32f30x_rcu.o(i.rcu_clock_freq_get) for rcu_clock_freq_get
    gd32f30x_usart.o(i.usart_deinit) refers to gd32f30x_rcu.o(i.rcu_periph_reset_enable) for rcu_periph_reset_enable
    gd32f30x_usart.o(i.usart_deinit) refers to gd32f30x_rcu.o(i.rcu_periph_reset_disable) for rcu_periph_reset_disable
    gd32f30x_timer.o(i.timer_deinit) refers to gd32f30x_rcu.o(i.rcu_periph_reset_enable) for rcu_periph_reset_enable
    gd32f30x_timer.o(i.timer_deinit) refers to gd32f30x_rcu.o(i.rcu_periph_reset_disable) for rcu_periph_reset_disable
    gd32f30x_timer.o(i.timer_external_clock_mode0_config) refers to gd32f30x_timer.o(i.timer_external_trigger_config) for timer_external_trigger_config
    gd32f30x_timer.o(i.timer_external_clock_mode1_config) refers to gd32f30x_timer.o(i.timer_external_trigger_config) for timer_external_trigger_config
    gd32f30x_timer.o(i.timer_external_trigger_as_external_clock_config) refers to gd32f30x_timer.o(i.timer_input_trigger_source_select) for timer_input_trigger_source_select
    gd32f30x_timer.o(i.timer_input_capture_config) refers to gd32f30x_timer.o(i.timer_channel_input_capture_prescaler_config) for timer_channel_input_capture_prescaler_config
    gd32f30x_timer.o(i.timer_input_pwm_capture_config) refers to gd32f30x_timer.o(i.timer_channel_input_capture_prescaler_config) for timer_channel_input_capture_prescaler_config
    gd32f30x_timer.o(i.timer_internal_trigger_as_external_clock_config) refers to gd32f30x_timer.o(i.timer_input_trigger_source_select) for timer_input_trigger_source_select
    startup_gd32f30x_hd.o(STACK) refers (Special) to heapauxi.o(.text) for __use_two_region_memory
    startup_gd32f30x_hd.o(HEAP) refers (Special) to heapauxi.o(.text) for __use_two_region_memory
    startup_gd32f30x_hd.o(RESET) refers (Special) to heapauxi.o(.text) for __use_two_region_memory
    startup_gd32f30x_hd.o(RESET) refers to startup_gd32f30x_hd.o(STACK) for __initial_sp
    startup_gd32f30x_hd.o(RESET) refers to startup_gd32f30x_hd.o(.text) for Reset_Handler
    startup_gd32f30x_hd.o(RESET) refers to systick.o(i.SysTick_Handler) for SysTick_Handler
    startup_gd32f30x_hd.o(RESET) refers to usb_drv.o(i.USART0_IRQHandler) for USART0_IRQHandler
    startup_gd32f30x_hd.o(.text) refers (Special) to heapauxi.o(.text) for __use_two_region_memory
    startup_gd32f30x_hd.o(.text) refers to system_gd32f30x.o(i.SystemInit) for SystemInit
    startup_gd32f30x_hd.o(.text) refers to __main.o(!!!main) for __main
    startup_gd32f30x_hd.o(.text) refers to startup_gd32f30x_hd.o(HEAP) for Heap_Mem
    startup_gd32f30x_hd.o(.text) refers to startup_gd32f30x_hd.o(STACK) for Stack_Mem
    system_gd32f30x.o(i.SystemCoreClockUpdate) refers to system_gd32f30x.o(.data) for SystemCoreClock
    system_gd32f30x.o(i.SystemInit) refers to system_gd32f30x.o(i.system_clock_config) for system_clock_config
    system_gd32f30x.o(i.system_clock_config) refers to system_gd32f30x.o(i.system_clock_120m_hxtal) for system_clock_120m_hxtal
    __main.o(!!!main) refers to __rtentry.o(.ARM.Collect$$rtentry$$00000000) for __rt_entry
    __rtentry.o(.ARM.Collect$$rtentry$$00000000) refers (Special) to __rtentry2.o(.ARM.Collect$$rtentry$$0000000A) for __rt_entry_li
    __rtentry.o(.ARM.Collect$$rtentry$$00000000) refers (Special) to __rtentry2.o(.ARM.Collect$$rtentry$$0000000D) for __rt_entry_main
    __rtentry.o(.ARM.Collect$$rtentry$$00000000) refers (Special) to __rtentry2.o(.ARM.Collect$$rtentry$$0000000C) for __rt_entry_postli_1
    __rtentry.o(.ARM.Collect$$rtentry$$00000000) refers (Special) to __rtentry2.o(.ARM.Collect$$rtentry$$00000009) for __rt_entry_postsh_1
    __rtentry.o(.ARM.Collect$$rtentry$$00000000) refers (Special) to __rtentry2.o(.ARM.Collect$$rtentry$$00000002) for __rt_entry_presh_1
    __rtentry.o(.ARM.Collect$$rtentry$$00000000) refers (Special) to __rtentry4.o(.ARM.Collect$$rtentry$$00000004) for __rt_entry_sh
    __rtentry2.o(.ARM.Collect$$rtentry$$00000008) refers to boardinit2.o(.text) for _platform_post_stackheap_init
    __rtentry2.o(.ARM.Collect$$rtentry$$0000000A) refers to libinit.o(.ARM.Collect$$libinit$$00000000) for __rt_lib_init
    __rtentry2.o(.ARM.Collect$$rtentry$$0000000B) refers to boardinit3.o(.text) for _platform_post_lib_init
    __rtentry2.o(.ARM.Collect$$rtentry$$0000000D) refers to main.o(i.main) for main
    __rtentry2.o(.ARM.Collect$$rtentry$$0000000D) refers to exit.o(.text) for exit
    __rtentry2.o(.ARM.exidx) refers to __rtentry2.o(.ARM.Collect$$rtentry$$00000001) for .ARM.Collect$$rtentry$$00000001
    __rtentry2.o(.ARM.exidx) refers to __rtentry2.o(.ARM.Collect$$rtentry$$00000008) for .ARM.Collect$$rtentry$$00000008
    __rtentry2.o(.ARM.exidx) refers to __rtentry2.o(.ARM.Collect$$rtentry$$0000000A) for .ARM.Collect$$rtentry$$0000000A
    __rtentry2.o(.ARM.exidx) refers to __rtentry2.o(.ARM.Collect$$rtentry$$0000000B) for .ARM.Collect$$rtentry$$0000000B
    __rtentry2.o(.ARM.exidx) refers to __rtentry2.o(.ARM.Collect$$rtentry$$0000000D) for .ARM.Collect$$rtentry$$0000000D
    __rtentry4.o(.ARM.Collect$$rtentry$$00000004) refers to sys_stackheap_outer.o(.text) for __user_setup_stackheap
    __rtentry4.o(.ARM.exidx) refers to __rtentry4.o(.ARM.Collect$$rtentry$$00000004) for .ARM.Collect$$rtentry$$00000004
    sys_stackheap_outer.o(.text) refers to libspace.o(.text) for __user_perproc_libspace
    sys_stackheap_outer.o(.text) refers to startup_gd32f30x_hd.o(.text) for __user_initial_stackheap
    exit.o(.text) refers to rtexit.o(.ARM.Collect$$rtexit$$00000000) for __rt_exit
    libinit.o(.ARM.Collect$$libinit$$00000000) refers (Special) to libinit2.o(.ARM.Collect$$libinit$$0000002E) for __rt_lib_init_alloca_1
    libinit.o(.ARM.Collect$$libinit$$00000000) refers (Special) to libinit2.o(.ARM.Collect$$libinit$$0000002C) for __rt_lib_init_argv_1
    libinit.o(.ARM.Collect$$libinit$$00000000) refers (Special) to libinit2.o(.ARM.Collect$$libinit$$0000001B) for __rt_lib_init_atexit_1
    libinit.o(.ARM.Collect$$libinit$$00000000) refers (Special) to libinit2.o(.ARM.Collect$$libinit$$00000021) for __rt_lib_init_clock_1
    libinit.o(.ARM.Collect$$libinit$$00000000) refers (Special) to libinit2.o(.ARM.Collect$$libinit$$00000032) for __rt_lib_init_cpp_1
    libinit.o(.ARM.Collect$$libinit$$00000000) refers (Special) to libinit2.o(.ARM.Collect$$libinit$$00000030) for __rt_lib_init_exceptions_1
    libinit.o(.ARM.Collect$$libinit$$00000000) refers (Special) to libinit2.o(.ARM.Collect$$libinit$$00000001) for __rt_lib_init_fp_1
    libinit.o(.ARM.Collect$$libinit$$00000000) refers (Special) to libinit2.o(.ARM.Collect$$libinit$$0000001F) for __rt_lib_init_fp_trap_1
    libinit.o(.ARM.Collect$$libinit$$00000000) refers (Special) to libinit2.o(.ARM.Collect$$libinit$$00000023) for __rt_lib_init_getenv_1
    libinit.o(.ARM.Collect$$libinit$$00000000) refers (Special) to libinit2.o(.ARM.Collect$$libinit$$0000000A) for __rt_lib_init_heap_1
    libinit.o(.ARM.Collect$$libinit$$00000000) refers (Special) to libinit2.o(.ARM.Collect$$libinit$$00000011) for __rt_lib_init_lc_collate_1
    libinit.o(.ARM.Collect$$libinit$$00000000) refers (Special) to libinit2.o(.ARM.Collect$$libinit$$00000013) for __rt_lib_init_lc_ctype_1
    libinit.o(.ARM.Collect$$libinit$$00000000) refers (Special) to libinit2.o(.ARM.Collect$$libinit$$00000015) for __rt_lib_init_lc_monetary_1
    libinit.o(.ARM.Collect$$libinit$$00000000) refers (Special) to libinit2.o(.ARM.Collect$$libinit$$00000017) for __rt_lib_init_lc_numeric_1
    libinit.o(.ARM.Collect$$libinit$$00000000) refers (Special) to libinit2.o(.ARM.Collect$$libinit$$00000019) for __rt_lib_init_lc_time_1
    libinit.o(.ARM.Collect$$libinit$$00000000) refers (Special) to libinit2.o(.ARM.Collect$$libinit$$00000004) for __rt_lib_init_preinit_1
    libinit.o(.ARM.Collect$$libinit$$00000000) refers (Special) to libinit2.o(.ARM.Collect$$libinit$$0000000E) for __rt_lib_init_rand_1
    libinit.o(.ARM.Collect$$libinit$$00000000) refers (Special) to libinit2.o(.ARM.Collect$$libinit$$00000033) for __rt_lib_init_return
    libinit.o(.ARM.Collect$$libinit$$00000000) refers (Special) to libinit2.o(.ARM.Collect$$libinit$$0000001D) for __rt_lib_init_signal_1
    libinit.o(.ARM.Collect$$libinit$$00000000) refers (Special) to libinit2.o(.ARM.Collect$$libinit$$00000025) for __rt_lib_init_stdio_1
    libinit.o(.ARM.Collect$$libinit$$00000000) refers (Special) to libinit2.o(.ARM.Collect$$libinit$$0000000C) for __rt_lib_init_user_alloc_1
    libspace.o(.text) refers to libspace.o(.bss) for __libspace_start
    rtexit.o(.ARM.Collect$$rtexit$$00000000) refers (Special) to rtexit2.o(.ARM.Collect$$rtexit$$00000004) for __rt_exit_exit
    rtexit.o(.ARM.Collect$$rtexit$$00000000) refers (Special) to rtexit2.o(.ARM.Collect$$rtexit$$00000003) for __rt_exit_ls
    rtexit.o(.ARM.Collect$$rtexit$$00000000) refers (Special) to rtexit2.o(.ARM.Collect$$rtexit$$00000002) for __rt_exit_prels_1
    rtexit.o(.ARM.exidx) refers (Special) to rtexit2.o(.ARM.Collect$$rtexit$$00000004) for __rt_exit_exit
    rtexit.o(.ARM.exidx) refers (Special) to rtexit2.o(.ARM.Collect$$rtexit$$00000003) for __rt_exit_ls
    rtexit.o(.ARM.exidx) refers (Special) to rtexit2.o(.ARM.Collect$$rtexit$$00000002) for __rt_exit_prels_1
    rtexit.o(.ARM.exidx) refers to rtexit.o(.ARM.Collect$$rtexit$$00000000) for .ARM.Collect$$rtexit$$00000000
    libinit2.o(.ARM.Collect$$libinit$$00000001) refers to fpinit.o(x$fpl$fpinit) for _fp_init
    libinit2.o(.ARM.Collect$$libinit$$00000010) refers to libinit2.o(.ARM.Collect$$libinit$$0000000F) for .ARM.Collect$$libinit$$0000000F
    libinit2.o(.ARM.Collect$$libinit$$00000012) refers to libinit2.o(.ARM.Collect$$libinit$$0000000F) for .ARM.Collect$$libinit$$0000000F
    libinit2.o(.ARM.Collect$$libinit$$00000014) refers to libinit2.o(.ARM.Collect$$libinit$$0000000F) for .ARM.Collect$$libinit$$0000000F
    libinit2.o(.ARM.Collect$$libinit$$00000016) refers to libinit2.o(.ARM.Collect$$libinit$$0000000F) for .ARM.Collect$$libinit$$0000000F
    libinit2.o(.ARM.Collect$$libinit$$00000018) refers to libinit2.o(.ARM.Collect$$libinit$$0000000F) for .ARM.Collect$$libinit$$0000000F
    libinit2.o(.ARM.Collect$$libinit$$00000026) refers to argv_veneer.o(.emb_text) for __ARM_argv_veneer
    libinit2.o(.ARM.Collect$$libinit$$00000027) refers to argv_veneer.o(.emb_text) for __ARM_argv_veneer
    rtexit2.o(.ARM.Collect$$rtexit$$00000003) refers to libshutdown.o(.ARM.Collect$$libshutdown$$00000000) for __rt_lib_shutdown
    rtexit2.o(.ARM.Collect$$rtexit$$00000004) refers to sys_exit.o(.text) for _sys_exit
    rtexit2.o(.ARM.exidx) refers to rtexit2.o(.ARM.Collect$$rtexit$$00000001) for .ARM.Collect$$rtexit$$00000001
    rtexit2.o(.ARM.exidx) refers to rtexit2.o(.ARM.Collect$$rtexit$$00000003) for .ARM.Collect$$rtexit$$00000003
    rtexit2.o(.ARM.exidx) refers to rtexit2.o(.ARM.Collect$$rtexit$$00000004) for .ARM.Collect$$rtexit$$00000004
    argv_veneer.o(.emb_text) refers to no_argv.o(.text) for __ARM_get_argv
    sys_exit.o(.text) refers (Special) to use_no_semi.o(.text) for __I$use$semihosting
    sys_exit.o(.text) refers (Special) to indicate_semi.o(.text) for __semihosting_library_function
    _get_argv_nomalloc.o(.text) refers (Special) to hrguard.o(.text) for __heap_region$guard
    _get_argv_nomalloc.o(.text) refers to defsig_rtmem_outer.o(.text) for __rt_SIGRTMEM
    _get_argv_nomalloc.o(.text) refers to sys_command.o(.text) for _sys_command_string
    libshutdown.o(.ARM.Collect$$libshutdown$$00000000) refers (Special) to libshutdown2.o(.ARM.Collect$$libshutdown$$00000004) for __rt_lib_shutdown_cpp_1
    libshutdown.o(.ARM.Collect$$libshutdown$$00000000) refers (Special) to libshutdown2.o(.ARM.Collect$$libshutdown$$00000002) for __rt_lib_shutdown_fini_1
    libshutdown.o(.ARM.Collect$$libshutdown$$00000000) refers (Special) to libshutdown2.o(.ARM.Collect$$libshutdown$$00000009) for __rt_lib_shutdown_fp_trap_1
    libshutdown.o(.ARM.Collect$$libshutdown$$00000000) refers (Special) to libshutdown2.o(.ARM.Collect$$libshutdown$$00000011) for __rt_lib_shutdown_heap_1
    libshutdown.o(.ARM.Collect$$libshutdown$$00000000) refers (Special) to libshutdown2.o(.ARM.Collect$$libshutdown$$00000012) for __rt_lib_shutdown_return
    libshutdown.o(.ARM.Collect$$libshutdown$$00000000) refers (Special) to libshutdown2.o(.ARM.Collect$$libshutdown$$0000000C) for __rt_lib_shutdown_signal_1
    libshutdown.o(.ARM.Collect$$libshutdown$$00000000) refers (Special) to libshutdown2.o(.ARM.Collect$$libshutdown$$00000006) for __rt_lib_shutdown_stdio_1
    libshutdown.o(.ARM.Collect$$libshutdown$$00000000) refers (Special) to libshutdown2.o(.ARM.Collect$$libshutdown$$0000000E) for __rt_lib_shutdown_user_alloc_1
    sys_command.o(.text) refers (Special) to use_no_semi.o(.text) for __I$use$semihosting
    sys_command.o(.text) refers (Special) to indicate_semi.o(.text) for __semihosting_library_function
    defsig_rtmem_outer.o(.text) refers to defsig_rtmem_inner.o(.text) for __rt_SIGRTMEM_inner
    defsig_rtmem_outer.o(.text) refers to defsig_exit.o(.text) for __sig_exit
    defsig_rtmem_formal.o(.text) refers to rt_raise.o(.text) for __rt_raise
    rt_raise.o(.text) refers to __raise.o(.text) for __raise
    rt_raise.o(.text) refers to sys_exit.o(.text) for _sys_exit
    defsig_exit.o(.text) refers to sys_exit.o(.text) for _sys_exit
    defsig_rtmem_inner.o(.text) refers to defsig_general.o(.text) for __default_signal_display
    __raise.o(.text) refers to defsig.o(CL$$defsig) for __default_signal_handler
    defsig_general.o(.text) refers to sys_wrch.o(.text) for _ttywrch
    sys_wrch.o(.text) refers (Special) to use_no_semi.o(.text) for __I$use$semihosting
    sys_wrch.o(.text) refers (Special) to indicate_semi.o(.text) for __semihosting_library_function
    defsig.o(CL$$defsig) refers to defsig_rtmem_inner.o(.text) for __rt_SIGRTMEM_inner
    defsig_abrt_inner.o(.text) refers to defsig_general.o(.text) for __default_signal_display
    defsig_fpe_inner.o(.text) refers to defsig_general.o(.text) for __default_signal_display
    defsig_rtred_inner.o(.text) refers to defsig_general.o(.text) for __default_signal_display
    defsig_stak_inner.o(.text) refers to defsig_general.o(.text) for __default_signal_display
    defsig_pvfn_inner.o(.text) refers to defsig_general.o(.text) for __default_signal_display
    defsig_cppl_inner.o(.text) refers to defsig_general.o(.text) for __default_signal_display
    defsig_segv_inner.o(.text) refers to defsig_general.o(.text) for __default_signal_display
    defsig_other.o(.text) refers to defsig_general.o(.text) for __default_signal_display


==============================================================================

Removing Unused input sections from the image.

    Removing main.o(.rev16_text), (4 bytes).
    Removing main.o(.revsh_text), (4 bytes).
    Removing led_drv.o(.rev16_text), (4 bytes).
    Removing led_drv.o(.revsh_text), (4 bytes).
    Removing led_drv.o(i.ToggleLed), (80 bytes).
    Removing key_drv.o(.rev16_text), (4 bytes).
    Removing key_drv.o(.revsh_text), (4 bytes).
    Removing key_drv.o(i.GetKeyVal), (34 bytes).
    Removing key_drv.o(i.KeyScan), (264 bytes).
    Removing key_drv.o(.bss), (64 bytes).
    Removing systick.o(.rev16_text), (4 bytes).
    Removing systick.o(.revsh_text), (4 bytes).
    Removing systick.o(i.GetSysRunTime), (12 bytes).
    Removing usb_drv.o(.rev16_text), (4 bytes).
    Removing usb_drv.o(.revsh_text), (4 bytes).
    Removing usb_drv.o(i.fputc), (40 bytes).
    Removing gd32f30x_gpio.o(.rev16_text), (4 bytes).
    Removing gd32f30x_gpio.o(.revsh_text), (4 bytes).
    Removing gd32f30x_gpio.o(i.gpio_afio_deinit), (20 bytes).
    Removing gd32f30x_gpio.o(i.gpio_bit_write), (10 bytes).
    Removing gd32f30x_gpio.o(i.gpio_compensation_config), (24 bytes).
    Removing gd32f30x_gpio.o(i.gpio_compensation_flag_get), (24 bytes).
    Removing gd32f30x_gpio.o(i.gpio_deinit), (196 bytes).
    Removing gd32f30x_gpio.o(i.gpio_event_output_config), (28 bytes).
    Removing gd32f30x_gpio.o(i.gpio_event_output_disable), (20 bytes).
    Removing gd32f30x_gpio.o(i.gpio_event_output_enable), (20 bytes).
    Removing gd32f30x_gpio.o(i.gpio_exti_source_select), (152 bytes).
    Removing gd32f30x_gpio.o(i.gpio_input_bit_get), (16 bytes).
    Removing gd32f30x_gpio.o(i.gpio_input_port_get), (8 bytes).
    Removing gd32f30x_gpio.o(i.gpio_output_bit_get), (16 bytes).
    Removing gd32f30x_gpio.o(i.gpio_output_port_get), (8 bytes).
    Removing gd32f30x_gpio.o(i.gpio_pin_lock), (18 bytes).
    Removing gd32f30x_gpio.o(i.gpio_pin_remap_config), (144 bytes).
    Removing gd32f30x_gpio.o(i.gpio_port_write), (4 bytes).
    Removing gd32f30x_misc.o(.rev16_text), (4 bytes).
    Removing gd32f30x_misc.o(.revsh_text), (4 bytes).
    Removing gd32f30x_misc.o(i.nvic_irq_disable), (24 bytes).
    Removing gd32f30x_misc.o(i.nvic_vector_table_set), (24 bytes).
    Removing gd32f30x_misc.o(i.system_lowpower_reset), (16 bytes).
    Removing gd32f30x_misc.o(i.system_lowpower_set), (16 bytes).
    Removing gd32f30x_misc.o(i.systick_clksource_set), (40 bytes).
    Removing gd32f30x_rcu.o(.rev16_text), (4 bytes).
    Removing gd32f30x_rcu.o(.revsh_text), (4 bytes).
    Removing gd32f30x_rcu.o(i.rcu_adc_clock_config), (108 bytes).
    Removing gd32f30x_rcu.o(i.rcu_ahb_clock_config), (24 bytes).
    Removing gd32f30x_rcu.o(i.rcu_all_reset_flag_clear), (20 bytes).
    Removing gd32f30x_rcu.o(i.rcu_apb1_clock_config), (24 bytes).
    Removing gd32f30x_rcu.o(i.rcu_apb2_clock_config), (24 bytes).
    Removing gd32f30x_rcu.o(i.rcu_bkp_reset_disable), (20 bytes).
    Removing gd32f30x_rcu.o(i.rcu_bkp_reset_enable), (20 bytes).
    Removing gd32f30x_rcu.o(i.rcu_ck48m_clock_config), (28 bytes).
    Removing gd32f30x_rcu.o(i.rcu_ckout0_config), (24 bytes).
    Removing gd32f30x_rcu.o(i.rcu_deepsleep_voltage_set), (16 bytes).
    Removing gd32f30x_rcu.o(i.rcu_deinit), (120 bytes).
    Removing gd32f30x_rcu.o(i.rcu_flag_get), (36 bytes).
    Removing gd32f30x_rcu.o(i.rcu_hxtal_clock_monitor_disable), (20 bytes).
    Removing gd32f30x_rcu.o(i.rcu_hxtal_clock_monitor_enable), (20 bytes).
    Removing gd32f30x_rcu.o(i.rcu_interrupt_disable), (32 bytes).
    Removing gd32f30x_rcu.o(i.rcu_interrupt_enable), (32 bytes).
    Removing gd32f30x_rcu.o(i.rcu_interrupt_flag_clear), (32 bytes).
    Removing gd32f30x_rcu.o(i.rcu_interrupt_flag_get), (36 bytes).
    Removing gd32f30x_rcu.o(i.rcu_irc8m_adjust_value_set), (28 bytes).
    Removing gd32f30x_rcu.o(i.rcu_lxtal_drive_capability_config), (24 bytes).
    Removing gd32f30x_rcu.o(i.rcu_osci_bypass_mode_disable), (100 bytes).
    Removing gd32f30x_rcu.o(i.rcu_osci_bypass_mode_enable), (100 bytes).
    Removing gd32f30x_rcu.o(i.rcu_osci_off), (32 bytes).
    Removing gd32f30x_rcu.o(i.rcu_osci_on), (32 bytes).
    Removing gd32f30x_rcu.o(i.rcu_osci_stab_wait), (272 bytes).
    Removing gd32f30x_rcu.o(i.rcu_periph_clock_disable), (32 bytes).
    Removing gd32f30x_rcu.o(i.rcu_periph_clock_sleep_disable), (32 bytes).
    Removing gd32f30x_rcu.o(i.rcu_periph_clock_sleep_enable), (32 bytes).
    Removing gd32f30x_rcu.o(i.rcu_pll_config), (32 bytes).
    Removing gd32f30x_rcu.o(i.rcu_pllpresel_config), (24 bytes).
    Removing gd32f30x_rcu.o(i.rcu_predv0_config), (32 bytes).
    Removing gd32f30x_rcu.o(i.rcu_rtc_clock_config), (24 bytes).
    Removing gd32f30x_rcu.o(i.rcu_system_clock_source_config), (24 bytes).
    Removing gd32f30x_rcu.o(i.rcu_system_clock_source_get), (16 bytes).
    Removing gd32f30x_rcu.o(i.rcu_usb_clock_config), (24 bytes).
    Removing gd32f30x_exti.o(.rev16_text), (4 bytes).
    Removing gd32f30x_exti.o(.revsh_text), (4 bytes).
    Removing gd32f30x_exti.o(i.exti_deinit), (28 bytes).
    Removing gd32f30x_exti.o(i.exti_event_disable), (16 bytes).
    Removing gd32f30x_exti.o(i.exti_event_enable), (16 bytes).
    Removing gd32f30x_exti.o(i.exti_flag_clear), (12 bytes).
    Removing gd32f30x_exti.o(i.exti_flag_get), (24 bytes).
    Removing gd32f30x_exti.o(i.exti_init), (188 bytes).
    Removing gd32f30x_exti.o(i.exti_interrupt_disable), (16 bytes).
    Removing gd32f30x_exti.o(i.exti_interrupt_enable), (16 bytes).
    Removing gd32f30x_exti.o(i.exti_interrupt_flag_clear), (12 bytes).
    Removing gd32f30x_exti.o(i.exti_interrupt_flag_get), (24 bytes).
    Removing gd32f30x_exti.o(i.exti_software_interrupt_disable), (16 bytes).
    Removing gd32f30x_exti.o(i.exti_software_interrupt_enable), (16 bytes).
    Removing gd32f30x_usart.o(.rev16_text), (4 bytes).
    Removing gd32f30x_usart.o(.revsh_text), (4 bytes).
    Removing gd32f30x_usart.o(i.usart_address_config), (20 bytes).
    Removing gd32f30x_usart.o(i.usart_block_length_config), (28 bytes).
    Removing gd32f30x_usart.o(i.usart_data_first_config), (20 bytes).
    Removing gd32f30x_usart.o(i.usart_data_transmit), (8 bytes).
    Removing gd32f30x_usart.o(i.usart_disable), (10 bytes).
    Removing gd32f30x_usart.o(i.usart_dma_receive_config), (20 bytes).
    Removing gd32f30x_usart.o(i.usart_dma_transmit_config), (20 bytes).
    Removing gd32f30x_usart.o(i.usart_flag_clear), (18 bytes).
    Removing gd32f30x_usart.o(i.usart_flag_get), (30 bytes).
    Removing gd32f30x_usart.o(i.usart_guard_time_config), (24 bytes).
    Removing gd32f30x_usart.o(i.usart_halfduplex_disable), (10 bytes).
    Removing gd32f30x_usart.o(i.usart_halfduplex_enable), (10 bytes).
    Removing gd32f30x_usart.o(i.usart_hardware_flow_cts_config), (20 bytes).
    Removing gd32f30x_usart.o(i.usart_hardware_flow_rts_config), (20 bytes).
    Removing gd32f30x_usart.o(i.usart_interrupt_disable), (26 bytes).
    Removing gd32f30x_usart.o(i.usart_invert_config), (104 bytes).
    Removing gd32f30x_usart.o(i.usart_irda_lowpower_config), (20 bytes).
    Removing gd32f30x_usart.o(i.usart_irda_mode_disable), (10 bytes).
    Removing gd32f30x_usart.o(i.usart_irda_mode_enable), (10 bytes).
    Removing gd32f30x_usart.o(i.usart_lin_break_detection_length_config), (20 bytes).
    Removing gd32f30x_usart.o(i.usart_lin_mode_disable), (10 bytes).
    Removing gd32f30x_usart.o(i.usart_lin_mode_enable), (10 bytes).
    Removing gd32f30x_usart.o(i.usart_mute_mode_disable), (10 bytes).
    Removing gd32f30x_usart.o(i.usart_mute_mode_enable), (10 bytes).
    Removing gd32f30x_usart.o(i.usart_mute_mode_wakeup_config), (16 bytes).
    Removing gd32f30x_usart.o(i.usart_parity_config), (16 bytes).
    Removing gd32f30x_usart.o(i.usart_prescaler_config), (16 bytes).
    Removing gd32f30x_usart.o(i.usart_receiver_timeout_disable), (14 bytes).
    Removing gd32f30x_usart.o(i.usart_receiver_timeout_enable), (14 bytes).
    Removing gd32f30x_usart.o(i.usart_receiver_timeout_threshold_config), (20 bytes).
    Removing gd32f30x_usart.o(i.usart_send_break), (10 bytes).
    Removing gd32f30x_usart.o(i.usart_smartcard_autoretry_config), (26 bytes).
    Removing gd32f30x_usart.o(i.usart_smartcard_mode_disable), (10 bytes).
    Removing gd32f30x_usart.o(i.usart_smartcard_mode_enable), (10 bytes).
    Removing gd32f30x_usart.o(i.usart_smartcard_mode_nack_disable), (10 bytes).
    Removing gd32f30x_usart.o(i.usart_smartcard_mode_nack_enable), (10 bytes).
    Removing gd32f30x_usart.o(i.usart_stop_bit_set), (16 bytes).
    Removing gd32f30x_usart.o(i.usart_synchronous_clock_config), (34 bytes).
    Removing gd32f30x_usart.o(i.usart_synchronous_clock_disable), (10 bytes).
    Removing gd32f30x_usart.o(i.usart_synchronous_clock_enable), (10 bytes).
    Removing gd32f30x_usart.o(i.usart_word_length_set), (16 bytes).
    Removing gd32f30x_timer.o(.rev16_text), (4 bytes).
    Removing gd32f30x_timer.o(.revsh_text), (4 bytes).
    Removing gd32f30x_timer.o(i.timer_auto_reload_shadow_disable), (10 bytes).
    Removing gd32f30x_timer.o(i.timer_auto_reload_shadow_enable), (10 bytes).
    Removing gd32f30x_timer.o(i.timer_automatic_output_disable), (10 bytes).
    Removing gd32f30x_timer.o(i.timer_automatic_output_enable), (10 bytes).
    Removing gd32f30x_timer.o(i.timer_autoreload_value_config), (4 bytes).
    Removing gd32f30x_timer.o(i.timer_break_config), (30 bytes).
    Removing gd32f30x_timer.o(i.timer_break_disable), (10 bytes).
    Removing gd32f30x_timer.o(i.timer_break_enable), (10 bytes).
    Removing gd32f30x_timer.o(i.timer_break_struct_para_init), (18 bytes).
    Removing gd32f30x_timer.o(i.timer_channel_capture_value_register_read), (42 bytes).
    Removing gd32f30x_timer.o(i.timer_channel_complementary_output_polarity_config), (70 bytes).
    Removing gd32f30x_timer.o(i.timer_channel_complementary_output_state_config), (70 bytes).
    Removing gd32f30x_timer.o(i.timer_channel_control_shadow_config), (24 bytes).
    Removing gd32f30x_timer.o(i.timer_channel_control_shadow_update_config), (26 bytes).
    Removing gd32f30x_timer.o(i.timer_channel_dma_request_source_select), (26 bytes).
    Removing gd32f30x_timer.o(i.timer_channel_input_capture_prescaler_config), (90 bytes).
    Removing gd32f30x_timer.o(i.timer_channel_input_struct_para_init), (16 bytes).
    Removing gd32f30x_timer.o(i.timer_channel_output_clear_config), (90 bytes).
    Removing gd32f30x_timer.o(i.timer_channel_output_config), (492 bytes).
    Removing gd32f30x_timer.o(i.timer_channel_output_fast_config), (90 bytes).
    Removing gd32f30x_timer.o(i.timer_channel_output_mode_config), (90 bytes).
    Removing gd32f30x_timer.o(i.timer_channel_output_polarity_config), (92 bytes).
    Removing gd32f30x_timer.o(i.timer_channel_output_pulse_value_config), (38 bytes).
    Removing gd32f30x_timer.o(i.timer_channel_output_shadow_config), (90 bytes).
    Removing gd32f30x_timer.o(i.timer_channel_output_state_config), (92 bytes).
    Removing gd32f30x_timer.o(i.timer_channel_output_struct_para_init), (16 bytes).
    Removing gd32f30x_timer.o(i.timer_counter_alignment), (16 bytes).
    Removing gd32f30x_timer.o(i.timer_counter_down_direction), (10 bytes).
    Removing gd32f30x_timer.o(i.timer_counter_read), (8 bytes).
    Removing gd32f30x_timer.o(i.timer_counter_up_direction), (10 bytes).
    Removing gd32f30x_timer.o(i.timer_counter_value_config), (4 bytes).
    Removing gd32f30x_timer.o(i.timer_deinit), (220 bytes).
    Removing gd32f30x_timer.o(i.timer_disable), (10 bytes).
    Removing gd32f30x_timer.o(i.timer_dma_disable), (8 bytes).
    Removing gd32f30x_timer.o(i.timer_dma_enable), (8 bytes).
    Removing gd32f30x_timer.o(i.timer_dma_transfer_config), (24 bytes).
    Removing gd32f30x_timer.o(i.timer_enable), (10 bytes).
    Removing gd32f30x_timer.o(i.timer_event_software_generate), (8 bytes).
    Removing gd32f30x_timer.o(i.timer_external_clock_mode0_config), (40 bytes).
    Removing gd32f30x_timer.o(i.timer_external_clock_mode1_config), (32 bytes).
    Removing gd32f30x_timer.o(i.timer_external_clock_mode1_disable), (10 bytes).
    Removing gd32f30x_timer.o(i.timer_external_trigger_as_external_clock_config), (166 bytes).
    Removing gd32f30x_timer.o(i.timer_external_trigger_config), (30 bytes).
    Removing gd32f30x_timer.o(i.timer_flag_clear), (6 bytes).
    Removing gd32f30x_timer.o(i.timer_flag_get), (16 bytes).
    Removing gd32f30x_timer.o(i.timer_hall_mode_config), (26 bytes).
    Removing gd32f30x_timer.o(i.timer_init), (152 bytes).
    Removing gd32f30x_timer.o(i.timer_input_capture_config), (326 bytes).
    Removing gd32f30x_timer.o(i.timer_input_pwm_capture_config), (356 bytes).
    Removing gd32f30x_timer.o(i.timer_input_trigger_source_select), (16 bytes).
    Removing gd32f30x_timer.o(i.timer_internal_clock_config), (10 bytes).
    Removing gd32f30x_timer.o(i.timer_internal_trigger_as_external_clock_config), (32 bytes).
    Removing gd32f30x_timer.o(i.timer_interrupt_disable), (8 bytes).
    Removing gd32f30x_timer.o(i.timer_interrupt_enable), (8 bytes).
    Removing gd32f30x_timer.o(i.timer_interrupt_flag_clear), (6 bytes).
    Removing gd32f30x_timer.o(i.timer_interrupt_flag_get), (24 bytes).
    Removing gd32f30x_timer.o(i.timer_master_output_trigger_source_select), (16 bytes).
    Removing gd32f30x_timer.o(i.timer_master_slave_mode_config), (26 bytes).
    Removing gd32f30x_timer.o(i.timer_output_value_selection_config), (34 bytes).
    Removing gd32f30x_timer.o(i.timer_prescaler_config), (14 bytes).
    Removing gd32f30x_timer.o(i.timer_prescaler_read), (10 bytes).
    Removing gd32f30x_timer.o(i.timer_primary_output_config), (24 bytes).
    Removing gd32f30x_timer.o(i.timer_quadrature_decoder_mode_config), (64 bytes).
    Removing gd32f30x_timer.o(i.timer_repetition_value_config), (4 bytes).
    Removing gd32f30x_timer.o(i.timer_single_pulse_mode_config), (26 bytes).
    Removing gd32f30x_timer.o(i.timer_slave_mode_select), (16 bytes).
    Removing gd32f30x_timer.o(i.timer_struct_para_init), (22 bytes).
    Removing gd32f30x_timer.o(i.timer_update_event_disable), (10 bytes).
    Removing gd32f30x_timer.o(i.timer_update_event_enable), (10 bytes).
    Removing gd32f30x_timer.o(i.timer_update_source_config), (26 bytes).
    Removing gd32f30x_timer.o(i.timer_write_chxval_register_config), (34 bytes).
    Removing system_gd32f30x.o(.rev16_text), (4 bytes).
    Removing system_gd32f30x.o(.revsh_text), (4 bytes).
    Removing system_gd32f30x.o(i.SystemCoreClockUpdate), (316 bytes).
    Removing system_gd32f30x.o(.data), (4 bytes).

212 unused section(s) (total 7866 bytes) removed from the image.

==============================================================================

Image Symbol Table

    Local Symbols

    Symbol Name                              Value     Ov Type        Size  Object(Section)

    ../clib/angel/boardlib.s                 0x00000000   Number         0  boardinit1.o ABSOLUTE
    ../clib/angel/boardlib.s                 0x00000000   Number         0  boardinit2.o ABSOLUTE
    ../clib/angel/boardlib.s                 0x00000000   Number         0  boardinit3.o ABSOLUTE
    ../clib/angel/boardlib.s                 0x00000000   Number         0  boardshut.o ABSOLUTE
    ../clib/angel/handlers.s                 0x00000000   Number         0  __scatter_zi.o ABSOLUTE
    ../clib/angel/handlers.s                 0x00000000   Number         0  __scatter_copy.o ABSOLUTE
    ../clib/angel/kernel.s                   0x00000000   Number         0  rtexit.o ABSOLUTE
    ../clib/angel/kernel.s                   0x00000000   Number         0  rtexit2.o ABSOLUTE
    ../clib/angel/kernel.s                   0x00000000   Number         0  __rtentry2.o ABSOLUTE
    ../clib/angel/kernel.s                   0x00000000   Number         0  __rtentry.o ABSOLUTE
    ../clib/angel/kernel.s                   0x00000000   Number         0  __rtentry4.o ABSOLUTE
    ../clib/angel/rt.s                       0x00000000   Number         0  rt_raise.o ABSOLUTE
    ../clib/angel/scatter.s                  0x00000000   Number         0  __scatter.o ABSOLUTE
    ../clib/angel/startup.s                  0x00000000   Number         0  __main.o ABSOLUTE
    ../clib/angel/sys.s                      0x00000000   Number         0  indicate_semi.o ABSOLUTE
    ../clib/angel/sys.s                      0x00000000   Number         0  libspace.o ABSOLUTE
    ../clib/angel/sys.s                      0x00000000   Number         0  use_no_semi.o ABSOLUTE
    ../clib/angel/sys.s                      0x00000000   Number         0  sys_stackheap_outer.o ABSOLUTE
    ../clib/angel/sysapp.c                   0x00000000   Number         0  sys_command.o ABSOLUTE
    ../clib/angel/sysapp.c                   0x00000000   Number         0  sys_exit.o ABSOLUTE
    ../clib/angel/sysapp.c                   0x00000000   Number         0  sys_wrch.o ABSOLUTE
    ../clib/armsys.c                         0x00000000   Number         0  no_argv.o ABSOLUTE
    ../clib/armsys.c                         0x00000000   Number         0  _get_argv_nomalloc.o ABSOLUTE
    ../clib/armsys.c                         0x00000000   Number         0  argv_veneer.o ABSOLUTE
    ../clib/armsys.c                         0x00000000   Number         0  argv_veneer.o ABSOLUTE
    ../clib/heapalloc.c                      0x00000000   Number         0  hrguard.o ABSOLUTE
    ../clib/heapaux.c                        0x00000000   Number         0  heapauxi.o ABSOLUTE
    ../clib/libinit.s                        0x00000000   Number         0  libshutdown2.o ABSOLUTE
    ../clib/libinit.s                        0x00000000   Number         0  libinit2.o ABSOLUTE
    ../clib/libinit.s                        0x00000000   Number         0  libinit.o ABSOLUTE
    ../clib/libinit.s                        0x00000000   Number         0  libshutdown.o ABSOLUTE
    ../clib/signal.c                         0x00000000   Number         0  defsig_other.o ABSOLUTE
    ../clib/signal.c                         0x00000000   Number         0  defsig_cppl_inner.o ABSOLUTE
    ../clib/signal.c                         0x00000000   Number         0  defsig_pvfn_inner.o ABSOLUTE
    ../clib/signal.c                         0x00000000   Number         0  defsig_rtmem_formal.o ABSOLUTE
    ../clib/signal.c                         0x00000000   Number         0  defsig_rtmem_outer.o ABSOLUTE
    ../clib/signal.c                         0x00000000   Number         0  defsig_segv_inner.o ABSOLUTE
    ../clib/signal.c                         0x00000000   Number         0  defsig_abrt_inner.o ABSOLUTE
    ../clib/signal.c                         0x00000000   Number         0  __raise.o ABSOLUTE
    ../clib/signal.c                         0x00000000   Number         0  defsig_general.o ABSOLUTE
    ../clib/signal.c                         0x00000000   Number         0  defsig_rtred_inner.o ABSOLUTE
    ../clib/signal.c                         0x00000000   Number         0  defsig_fpe_inner.o ABSOLUTE
    ../clib/signal.c                         0x00000000   Number         0  defsig_stak_inner.o ABSOLUTE
    ../clib/signal.c                         0x00000000   Number         0  defsig_rtmem_inner.o ABSOLUTE
    ../clib/signal.c                         0x00000000   Number         0  defsig_exit.o ABSOLUTE
    ../clib/signal.s                         0x00000000   Number         0  defsig.o ABSOLUTE
    ../clib/stdlib.c                         0x00000000   Number         0  exit.o ABSOLUTE
    ../fplib/fpinit.s                        0x00000000   Number         0  fpinit.o ABSOLUTE
    App\\main.c                              0x00000000   Number         0  main.o ABSOLUTE
    App\main.c                               0x00000000   Number         0  main.o ABSOLUTE
    Arm\\system_gd32f30x.c                   0x00000000   Number         0  system_gd32f30x.o ABSOLUTE
    Arm\startup_gd32f30x_hd.s                0x00000000   Number         0  startup_gd32f30x_hd.o ABSOLUTE
    Arm\system_gd32f30x.c                    0x00000000   Number         0  system_gd32f30x.o ABSOLUTE
    Driver\\key_drv.c                        0x00000000   Number         0  key_drv.o ABSOLUTE
    Driver\\led_drv.c                        0x00000000   Number         0  led_drv.o ABSOLUTE
    Driver\\systick.c                        0x00000000   Number         0  systick.o ABSOLUTE
    Driver\\usb_drv.c                        0x00000000   Number         0  usb_drv.o ABSOLUTE
    Driver\key_drv.c                         0x00000000   Number         0  key_drv.o ABSOLUTE
    Driver\led_drv.c                         0x00000000   Number         0  led_drv.o ABSOLUTE
    Driver\systick.c                         0x00000000   Number         0  systick.o ABSOLUTE
    Driver\usb_drv.c                         0x00000000   Number         0  usb_drv.o ABSOLUTE
    GD32_Hal\Source\gd32f30x_exti.c          0x00000000   Number         0  gd32f30x_exti.o ABSOLUTE
    GD32_Hal\Source\gd32f30x_gpio.c          0x00000000   Number         0  gd32f30x_gpio.o ABSOLUTE
    GD32_Hal\Source\gd32f30x_misc.c          0x00000000   Number         0  gd32f30x_misc.o ABSOLUTE
    GD32_Hal\Source\gd32f30x_rcu.c           0x00000000   Number         0  gd32f30x_rcu.o ABSOLUTE
    GD32_Hal\Source\gd32f30x_timer.c         0x00000000   Number         0  gd32f30x_timer.o ABSOLUTE
    GD32_Hal\Source\gd32f30x_usart.c         0x00000000   Number         0  gd32f30x_usart.o ABSOLUTE
    GD32_Hal\\Source\\gd32f30x_exti.c        0x00000000   Number         0  gd32f30x_exti.o ABSOLUTE
    GD32_Hal\\Source\\gd32f30x_gpio.c        0x00000000   Number         0  gd32f30x_gpio.o ABSOLUTE
    GD32_Hal\\Source\\gd32f30x_misc.c        0x00000000   Number         0  gd32f30x_misc.o ABSOLUTE
    GD32_Hal\\Source\\gd32f30x_rcu.c         0x00000000   Number         0  gd32f30x_rcu.o ABSOLUTE
    GD32_Hal\\Source\\gd32f30x_timer.c       0x00000000   Number         0  gd32f30x_timer.o ABSOLUTE
    GD32_Hal\\Source\\gd32f30x_usart.c       0x00000000   Number         0  gd32f30x_usart.o ABSOLUTE
    dc.s                                     0x00000000   Number         0  dc.o ABSOLUTE
    RESET                                    0x08000000   Section      304  startup_gd32f30x_hd.o(RESET)
    !!!main                                  0x08000130   Section        8  __main.o(!!!main)
    !!!scatter                               0x08000138   Section       52  __scatter.o(!!!scatter)
    !!handler_copy                           0x0800016c   Section       26  __scatter_copy.o(!!handler_copy)
    !!handler_zi                             0x08000188   Section       28  __scatter_zi.o(!!handler_zi)
    .ARM.Collect$$libinit$$00000000          0x080001a4   Section        2  libinit.o(.ARM.Collect$$libinit$$00000000)
    .ARM.Collect$$libinit$$00000001          0x080001a6   Section        4  libinit2.o(.ARM.Collect$$libinit$$00000001)
    .ARM.Collect$$libinit$$00000004          0x080001aa   Section        0  libinit2.o(.ARM.Collect$$libinit$$00000004)
    .ARM.Collect$$libinit$$0000000A          0x080001aa   Section        0  libinit2.o(.ARM.Collect$$libinit$$0000000A)
    .ARM.Collect$$libinit$$0000000C          0x080001aa   Section        0  libinit2.o(.ARM.Collect$$libinit$$0000000C)
    .ARM.Collect$$libinit$$0000000E          0x080001aa   Section        0  libinit2.o(.ARM.Collect$$libinit$$0000000E)
    .ARM.Collect$$libinit$$00000011          0x080001aa   Section        0  libinit2.o(.ARM.Collect$$libinit$$00000011)
    .ARM.Collect$$libinit$$00000013          0x080001aa   Section        0  libinit2.o(.ARM.Collect$$libinit$$00000013)
    .ARM.Collect$$libinit$$00000015          0x080001aa   Section        0  libinit2.o(.ARM.Collect$$libinit$$00000015)
    .ARM.Collect$$libinit$$00000017          0x080001aa   Section        0  libinit2.o(.ARM.Collect$$libinit$$00000017)
    .ARM.Collect$$libinit$$00000019          0x080001aa   Section        0  libinit2.o(.ARM.Collect$$libinit$$00000019)
    .ARM.Collect$$libinit$$0000001B          0x080001aa   Section        0  libinit2.o(.ARM.Collect$$libinit$$0000001B)
    .ARM.Collect$$libinit$$0000001D          0x080001aa   Section        0  libinit2.o(.ARM.Collect$$libinit$$0000001D)
    .ARM.Collect$$libinit$$0000001F          0x080001aa   Section        0  libinit2.o(.ARM.Collect$$libinit$$0000001F)
    .ARM.Collect$$libinit$$00000021          0x080001aa   Section        0  libinit2.o(.ARM.Collect$$libinit$$00000021)
    .ARM.Collect$$libinit$$00000023          0x080001aa   Section        0  libinit2.o(.ARM.Collect$$libinit$$00000023)
    .ARM.Collect$$libinit$$00000025          0x080001aa   Section        0  libinit2.o(.ARM.Collect$$libinit$$00000025)
    .ARM.Collect$$libinit$$0000002C          0x080001aa   Section        0  libinit2.o(.ARM.Collect$$libinit$$0000002C)
    .ARM.Collect$$libinit$$0000002E          0x080001aa   Section        0  libinit2.o(.ARM.Collect$$libinit$$0000002E)
    .ARM.Collect$$libinit$$00000030          0x080001aa   Section        0  libinit2.o(.ARM.Collect$$libinit$$00000030)
    .ARM.Collect$$libinit$$00000032          0x080001aa   Section        0  libinit2.o(.ARM.Collect$$libinit$$00000032)
    .ARM.Collect$$libinit$$00000033          0x080001aa   Section        2  libinit2.o(.ARM.Collect$$libinit$$00000033)
    .ARM.Collect$$libshutdown$$00000000      0x080001ac   Section        2  libshutdown.o(.ARM.Collect$$libshutdown$$00000000)
    .ARM.Collect$$libshutdown$$00000002      0x080001ae   Section        0  libshutdown2.o(.ARM.Collect$$libshutdown$$00000002)
    .ARM.Collect$$libshutdown$$00000004      0x080001ae   Section        0  libshutdown2.o(.ARM.Collect$$libshutdown$$00000004)
    .ARM.Collect$$libshutdown$$00000006      0x080001ae   Section        0  libshutdown2.o(.ARM.Collect$$libshutdown$$00000006)
    .ARM.Collect$$libshutdown$$00000009      0x080001ae   Section        0  libshutdown2.o(.ARM.Collect$$libshutdown$$00000009)
    .ARM.Collect$$libshutdown$$0000000C      0x080001ae   Section        0  libshutdown2.o(.ARM.Collect$$libshutdown$$0000000C)
    .ARM.Collect$$libshutdown$$0000000E      0x080001ae   Section        0  libshutdown2.o(.ARM.Collect$$libshutdown$$0000000E)
    .ARM.Collect$$libshutdown$$00000011      0x080001ae   Section        0  libshutdown2.o(.ARM.Collect$$libshutdown$$00000011)
    .ARM.Collect$$libshutdown$$00000012      0x080001ae   Section        2  libshutdown2.o(.ARM.Collect$$libshutdown$$00000012)
    .ARM.Collect$$rtentry$$00000000          0x080001b0   Section        0  __rtentry.o(.ARM.Collect$$rtentry$$00000000)
    .ARM.Collect$$rtentry$$00000002          0x080001b0   Section        0  __rtentry2.o(.ARM.Collect$$rtentry$$00000002)
    .ARM.Collect$$rtentry$$00000004          0x080001b0   Section        6  __rtentry4.o(.ARM.Collect$$rtentry$$00000004)
    .ARM.Collect$$rtentry$$00000009          0x080001b6   Section        0  __rtentry2.o(.ARM.Collect$$rtentry$$00000009)
    .ARM.Collect$$rtentry$$0000000A          0x080001b6   Section        4  __rtentry2.o(.ARM.Collect$$rtentry$$0000000A)
    .ARM.Collect$$rtentry$$0000000C          0x080001ba   Section        0  __rtentry2.o(.ARM.Collect$$rtentry$$0000000C)
    .ARM.Collect$$rtentry$$0000000D          0x080001ba   Section        8  __rtentry2.o(.ARM.Collect$$rtentry$$0000000D)
    .ARM.Collect$$rtexit$$00000000           0x080001c2   Section        2  rtexit.o(.ARM.Collect$$rtexit$$00000000)
    .ARM.Collect$$rtexit$$00000002           0x080001c4   Section        0  rtexit2.o(.ARM.Collect$$rtexit$$00000002)
    .ARM.Collect$$rtexit$$00000003           0x080001c4   Section        4  rtexit2.o(.ARM.Collect$$rtexit$$00000003)
    .ARM.Collect$$rtexit$$00000004           0x080001c8   Section        6  rtexit2.o(.ARM.Collect$$rtexit$$00000004)
    .text                                    0x080001d0   Section       64  startup_gd32f30x_hd.o(.text)
    $v0                                      0x080001d0   Number         0  startup_gd32f30x_hd.o(.text)
    .text                                    0x08000210   Section        0  heapauxi.o(.text)
    .text                                    0x08000216   Section       74  sys_stackheap_outer.o(.text)
    .text                                    0x08000260   Section        0  exit.o(.text)
    .text                                    0x08000274   Section        8  libspace.o(.text)
    .text                                    0x0800027c   Section        0  sys_exit.o(.text)
    .text                                    0x08000288   Section        2  use_no_semi.o(.text)
    .text                                    0x0800028a   Section        0  indicate_semi.o(.text)
    i.CalXorSum                              0x0800028a   Section        0  usb_drv.o(i.CalXorSum)
    CalXorSum                                0x0800028b   Thumb Code    24  usb_drv.o(i.CalXorSum)
    i.CtrlLed                                0x080002a2   Section        0  usb_drv.o(i.CtrlLed)
    CtrlLed                                  0x080002a3   Thumb Code    24  usb_drv.o(i.CtrlLed)
    i.KeyDrvInit                             0x080002bc   Section        0  key_drv.o(i.KeyDrvInit)
    i.LedDrvInit                             0x080002fc   Section        0  led_drv.o(i.LedDrvInit)
    i.ProcUartData                           0x08000358   Section        0  usb_drv.o(i.ProcUartData)
    ProcUartData                             0x08000359   Thumb Code    86  usb_drv.o(i.ProcUartData)
    i.SysTick_Handler                        0x080003bc   Section        0  systick.o(i.SysTick_Handler)
    i.SystemInit                             0x080003d4   Section        0  system_gd32f30x.o(i.SystemInit)
    i.SystickInit                            0x0800047c   Section        0  systick.o(i.SystickInit)
    i.TurnOffLed                             0x080004e0   Section        0  led_drv.o(i.TurnOffLed)
    i.TurnOnLed                              0x0800050c   Section        0  led_drv.o(i.TurnOnLed)
    i.USART0_IRQHandler                      0x08000538   Section        0  usb_drv.o(i.USART0_IRQHandler)
    i.Usb2ComGpioInit                        0x0800056c   Section        0  usb_drv.o(i.Usb2ComGpioInit)
    Usb2ComGpioInit                          0x0800056d   Thumb Code    40  usb_drv.o(i.Usb2ComGpioInit)
    i.Usb2ComUartInit                        0x08000598   Section        0  usb_drv.o(i.Usb2ComUartInit)
    Usb2ComUartInit                          0x08000599   Thumb Code    84  usb_drv.o(i.Usb2ComUartInit)
    i.UsbDrvInit                             0x080005f0   Section        0  usb_drv.o(i.UsbDrvInit)
    i.UsbTask                                0x08000600   Section        0  usb_drv.o(i.UsbTask)
    i.gpio_bit_reset                         0x08000640   Section        0  gd32f30x_gpio.o(i.gpio_bit_reset)
    i.gpio_bit_set                           0x08000644   Section        0  gd32f30x_gpio.o(i.gpio_bit_set)
    i.gpio_init                              0x08000648   Section        0  gd32f30x_gpio.o(i.gpio_init)
    i.main                                   0x08000704   Section        0  main.o(i.main)
    i.nvic_irq_enable                        0x0800071c   Section        0  gd32f30x_misc.o(i.nvic_irq_enable)
    i.nvic_priority_group_set                0x080007e0   Section        0  gd32f30x_misc.o(i.nvic_priority_group_set)
    i.rcu_clock_freq_get                     0x080007f4   Section        0  gd32f30x_rcu.o(i.rcu_clock_freq_get)
    i.rcu_periph_clock_enable                0x0800094c   Section        0  gd32f30x_rcu.o(i.rcu_periph_clock_enable)
    i.rcu_periph_reset_disable               0x0800096c   Section        0  gd32f30x_rcu.o(i.rcu_periph_reset_disable)
    i.rcu_periph_reset_enable                0x0800098c   Section        0  gd32f30x_rcu.o(i.rcu_periph_reset_enable)
    i.system_clock_120m_hxtal                0x080009ac   Section        0  system_gd32f30x.o(i.system_clock_120m_hxtal)
    system_clock_120m_hxtal                  0x080009ad   Thumb Code   258  system_gd32f30x.o(i.system_clock_120m_hxtal)
    i.system_clock_config                    0x08000ac0   Section        0  system_gd32f30x.o(i.system_clock_config)
    system_clock_config                      0x08000ac1   Thumb Code     8  system_gd32f30x.o(i.system_clock_config)
    i.usart_baudrate_set                     0x08000ac8   Section        0  gd32f30x_usart.o(i.usart_baudrate_set)
    i.usart_data_receive                     0x08000b58   Section        0  gd32f30x_usart.o(i.usart_data_receive)
    i.usart_deinit                           0x08000b64   Section        0  gd32f30x_usart.o(i.usart_deinit)
    i.usart_enable                           0x08000bf4   Section        0  gd32f30x_usart.o(i.usart_enable)
    i.usart_interrupt_enable                 0x08000bfe   Section        0  gd32f30x_usart.o(i.usart_interrupt_enable)
    i.usart_interrupt_flag_clear             0x08000c18   Section        0  gd32f30x_usart.o(i.usart_interrupt_flag_clear)
    i.usart_interrupt_flag_get               0x08000c2a   Section        0  gd32f30x_usart.o(i.usart_interrupt_flag_get)
    i.usart_receive_config                   0x08000c62   Section        0  gd32f30x_usart.o(i.usart_receive_config)
    i.usart_transmit_config                  0x08000c76   Section        0  gd32f30x_usart.o(i.usart_transmit_config)
    x$fpl$fpinit                             0x08000c8a   Section       10  fpinit.o(x$fpl$fpinit)
    $v0                                      0x08000c8a   Number         0  fpinit.o(x$fpl$fpinit)
    .data                                    0x20000000   Section       36  led_drv.o(.data)
    g_gpioList                               0x20000000   Data          36  led_drv.o(.data)
    .data                                    0x20000024   Section       48  key_drv.o(.data)
    g_gpioList                               0x20000024   Data          48  key_drv.o(.data)
    .data                                    0x20000058   Section        8  systick.o(.data)
    .data                                    0x20000060   Section       26  usb_drv.o(.data)
    g_uartHwInfo                             0x20000060   Data          24  usb_drv.o(.data)
    g_pktRcvd                                0x20000078   Data           1  usb_drv.o(.data)
    index                                    0x20000079   Data           1  usb_drv.o(.data)
    .bss                                     0x2000007c   Section       20  usb_drv.o(.bss)
    g_rcvDataBuf                             0x2000007c   Data          20  usb_drv.o(.bss)
    .bss                                     0x20000090   Section       96  libspace.o(.bss)
    HEAP                                     0x200000f0   Section     1024  startup_gd32f30x_hd.o(HEAP)
    Heap_Mem                                 0x200000f0   Data        1024  startup_gd32f30x_hd.o(HEAP)
    STACK                                    0x200004f0   Section     1024  startup_gd32f30x_hd.o(STACK)
    Stack_Mem                                0x200004f0   Data        1024  startup_gd32f30x_hd.o(STACK)
    __initial_sp                             0x200008f0   Data           0  startup_gd32f30x_hd.o(STACK)

    Global Symbols

    Symbol Name                              Value     Ov Type        Size  Object(Section)

    BuildAttributes$$THM_ISAv4$E$P$D$K$B$S$7EM$VFPi3$EXTD16$VFPS$VFMA$PE$A:L22UL41UL21$X:L11$S22US41US21$IEEE1$IW$USESV6$~STKCKD$USESV7$~SHL$OSPACE$ROPI$EBA8$UX$STANDARDLIB$REQ8$PRES8$EABIv2 0x00000000   Number         0  anon$$obj.o ABSOLUTE
    __ARM_use_no_argv                        0x00000000   Number         0  main.o ABSOLUTE
    __ARM_exceptions_init                     - Undefined Weak Reference
    __alloca_initialize                       - Undefined Weak Reference
    __arm_fini_                               - Undefined Weak Reference
    __arm_preinit_                            - Undefined Weak Reference
    __cpp_initialize__aeabi_                  - Undefined Weak Reference
    __cxa_finalize                            - Undefined Weak Reference
    __rt_locale                               - Undefined Weak Reference
    __sigvec_lookup                           - Undefined Weak Reference
    _atexit_init                              - Undefined Weak Reference
    _call_atexit_fns                          - Undefined Weak Reference
    _clock_init                               - Undefined Weak Reference
    _fp_trap_init                             - Undefined Weak Reference
    _fp_trap_shutdown                         - Undefined Weak Reference
    _get_lc_collate                           - Undefined Weak Reference
    _get_lc_ctype                             - Undefined Weak Reference
    _get_lc_monetary                          - Undefined Weak Reference
    _get_lc_numeric                           - Undefined Weak Reference
    _get_lc_time                              - Undefined Weak Reference
    _getenv_init                              - Undefined Weak Reference
    _handle_redirection                       - Undefined Weak Reference
    _init_alloc                               - Undefined Weak Reference
    _init_user_alloc                          - Undefined Weak Reference
    _initio                                   - Undefined Weak Reference
    _rand_init                                - Undefined Weak Reference
    _signal_finish                            - Undefined Weak Reference
    _signal_init                              - Undefined Weak Reference
    _terminate_alloc                          - Undefined Weak Reference
    _terminate_user_alloc                     - Undefined Weak Reference
    _terminateio                              - Undefined Weak Reference
    __Vectors_Size                           0x00000130   Number         0  startup_gd32f30x_hd.o ABSOLUTE
    __Vectors                                0x08000000   Data           4  startup_gd32f30x_hd.o(RESET)
    __Vectors_End                            0x08000130   Data           0  startup_gd32f30x_hd.o(RESET)
    __main                                   0x08000131   Thumb Code     8  __main.o(!!!main)
    __scatterload                            0x08000139   Thumb Code     0  __scatter.o(!!!scatter)
    __scatterload_rt2                        0x08000139   Thumb Code    44  __scatter.o(!!!scatter)
    __scatterload_rt2_thumb_only             0x08000139   Thumb Code     0  __scatter.o(!!!scatter)
    __scatterload_null                       0x08000147   Thumb Code     0  __scatter.o(!!!scatter)
    __scatterload_copy                       0x0800016d   Thumb Code    26  __scatter_copy.o(!!handler_copy)
    __scatterload_zeroinit                   0x08000189   Thumb Code    28  __scatter_zi.o(!!handler_zi)
    __rt_lib_init                            0x080001a5   Thumb Code     0  libinit.o(.ARM.Collect$$libinit$$00000000)
    __rt_lib_init_fp_1                       0x080001a7   Thumb Code     0  libinit2.o(.ARM.Collect$$libinit$$00000001)
    __rt_lib_init_alloca_1                   0x080001ab   Thumb Code     0  libinit2.o(.ARM.Collect$$libinit$$0000002E)
    __rt_lib_init_argv_1                     0x080001ab   Thumb Code     0  libinit2.o(.ARM.Collect$$libinit$$0000002C)
    __rt_lib_init_atexit_1                   0x080001ab   Thumb Code     0  libinit2.o(.ARM.Collect$$libinit$$0000001B)
    __rt_lib_init_clock_1                    0x080001ab   Thumb Code     0  libinit2.o(.ARM.Collect$$libinit$$00000021)
    __rt_lib_init_cpp_1                      0x080001ab   Thumb Code     0  libinit2.o(.ARM.Collect$$libinit$$00000032)
    __rt_lib_init_exceptions_1               0x080001ab   Thumb Code     0  libinit2.o(.ARM.Collect$$libinit$$00000030)
    __rt_lib_init_fp_trap_1                  0x080001ab   Thumb Code     0  libinit2.o(.ARM.Collect$$libinit$$0000001F)
    __rt_lib_init_getenv_1                   0x080001ab   Thumb Code     0  libinit2.o(.ARM.Collect$$libinit$$00000023)
    __rt_lib_init_heap_1                     0x080001ab   Thumb Code     0  libinit2.o(.ARM.Collect$$libinit$$0000000A)
    __rt_lib_init_lc_collate_1               0x080001ab   Thumb Code     0  libinit2.o(.ARM.Collect$$libinit$$00000011)
    __rt_lib_init_lc_ctype_1                 0x080001ab   Thumb Code     0  libinit2.o(.ARM.Collect$$libinit$$00000013)
    __rt_lib_init_lc_monetary_1              0x080001ab   Thumb Code     0  libinit2.o(.ARM.Collect$$libinit$$00000015)
    __rt_lib_init_lc_numeric_1               0x080001ab   Thumb Code     0  libinit2.o(.ARM.Collect$$libinit$$00000017)
    __rt_lib_init_lc_time_1                  0x080001ab   Thumb Code     0  libinit2.o(.ARM.Collect$$libinit$$00000019)
    __rt_lib_init_preinit_1                  0x080001ab   Thumb Code     0  libinit2.o(.ARM.Collect$$libinit$$00000004)
    __rt_lib_init_rand_1                     0x080001ab   Thumb Code     0  libinit2.o(.ARM.Collect$$libinit$$0000000E)
    __rt_lib_init_return                     0x080001ab   Thumb Code     0  libinit2.o(.ARM.Collect$$libinit$$00000033)
    __rt_lib_init_signal_1                   0x080001ab   Thumb Code     0  libinit2.o(.ARM.Collect$$libinit$$0000001D)
    __rt_lib_init_stdio_1                    0x080001ab   Thumb Code     0  libinit2.o(.ARM.Collect$$libinit$$00000025)
    __rt_lib_init_user_alloc_1               0x080001ab   Thumb Code     0  libinit2.o(.ARM.Collect$$libinit$$0000000C)
    __rt_lib_shutdown                        0x080001ad   Thumb Code     0  libshutdown.o(.ARM.Collect$$libshutdown$$00000000)
    __rt_lib_shutdown_cpp_1                  0x080001af   Thumb Code     0  libshutdown2.o(.ARM.Collect$$libshutdown$$00000004)
    __rt_lib_shutdown_fini_1                 0x080001af   Thumb Code     0  libshutdown2.o(.ARM.Collect$$libshutdown$$00000002)
    __rt_lib_shutdown_fp_trap_1              0x080001af   Thumb Code     0  libshutdown2.o(.ARM.Collect$$libshutdown$$00000009)
    __rt_lib_shutdown_heap_1                 0x080001af   Thumb Code     0  libshutdown2.o(.ARM.Collect$$libshutdown$$00000011)
    __rt_lib_shutdown_return                 0x080001af   Thumb Code     0  libshutdown2.o(.ARM.Collect$$libshutdown$$00000012)
    __rt_lib_shutdown_signal_1               0x080001af   Thumb Code     0  libshutdown2.o(.ARM.Collect$$libshutdown$$0000000C)
    __rt_lib_shutdown_stdio_1                0x080001af   Thumb Code     0  libshutdown2.o(.ARM.Collect$$libshutdown$$00000006)
    __rt_lib_shutdown_user_alloc_1           0x080001af   Thumb Code     0  libshutdown2.o(.ARM.Collect$$libshutdown$$0000000E)
    __rt_entry                               0x080001b1   Thumb Code     0  __rtentry.o(.ARM.Collect$$rtentry$$00000000)
    __rt_entry_presh_1                       0x080001b1   Thumb Code     0  __rtentry2.o(.ARM.Collect$$rtentry$$00000002)
    __rt_entry_sh                            0x080001b1   Thumb Code     0  __rtentry4.o(.ARM.Collect$$rtentry$$00000004)
    __rt_entry_li                            0x080001b7   Thumb Code     0  __rtentry2.o(.ARM.Collect$$rtentry$$0000000A)
    __rt_entry_postsh_1                      0x080001b7   Thumb Code     0  __rtentry2.o(.ARM.Collect$$rtentry$$00000009)
    __rt_entry_main                          0x080001bb   Thumb Code     0  __rtentry2.o(.ARM.Collect$$rtentry$$0000000D)
    __rt_entry_postli_1                      0x080001bb   Thumb Code     0  __rtentry2.o(.ARM.Collect$$rtentry$$0000000C)
    __rt_exit                                0x080001c3   Thumb Code     0  rtexit.o(.ARM.Collect$$rtexit$$00000000)
    __rt_exit_ls                             0x080001c5   Thumb Code     0  rtexit2.o(.ARM.Collect$$rtexit$$00000003)
    __rt_exit_prels_1                        0x080001c5   Thumb Code     0  rtexit2.o(.ARM.Collect$$rtexit$$00000002)
    __rt_exit_exit                           0x080001c9   Thumb Code     0  rtexit2.o(.ARM.Collect$$rtexit$$00000004)
    Reset_Handler                            0x080001d1   Thumb Code     8  startup_gd32f30x_hd.o(.text)
    NMI_Handler                              0x080001d9   Thumb Code     2  startup_gd32f30x_hd.o(.text)
    HardFault_Handler                        0x080001db   Thumb Code     2  startup_gd32f30x_hd.o(.text)
    MemManage_Handler                        0x080001dd   Thumb Code     2  startup_gd32f30x_hd.o(.text)
    BusFault_Handler                         0x080001df   Thumb Code     2  startup_gd32f30x_hd.o(.text)
    UsageFault_Handler                       0x080001e1   Thumb Code     2  startup_gd32f30x_hd.o(.text)
    SVC_Handler                              0x080001e3   Thumb Code     2  startup_gd32f30x_hd.o(.text)
    DebugMon_Handler                         0x080001e5   Thumb Code     2  startup_gd32f30x_hd.o(.text)
    PendSV_Handler                           0x080001e7   Thumb Code     2  startup_gd32f30x_hd.o(.text)
    ADC0_1_IRQHandler                        0x080001eb   Thumb Code     0  startup_gd32f30x_hd.o(.text)
    ADC2_IRQHandler                          0x080001eb   Thumb Code     0  startup_gd32f30x_hd.o(.text)
    CAN0_EWMC_IRQHandler                     0x080001eb   Thumb Code     0  startup_gd32f30x_hd.o(.text)
    CAN0_RX1_IRQHandler                      0x080001eb   Thumb Code     0  startup_gd32f30x_hd.o(.text)
    DMA0_Channel0_IRQHandler                 0x080001eb   Thumb Code     0  startup_gd32f30x_hd.o(.text)
    DMA0_Channel1_IRQHandler                 0x080001eb   Thumb Code     0  startup_gd32f30x_hd.o(.text)
    DMA0_Channel2_IRQHandler                 0x080001eb   Thumb Code     0  startup_gd32f30x_hd.o(.text)
    DMA0_Channel3_IRQHandler                 0x080001eb   Thumb Code     0  startup_gd32f30x_hd.o(.text)
    DMA0_Channel4_IRQHandler                 0x080001eb   Thumb Code     0  startup_gd32f30x_hd.o(.text)
    DMA0_Channel5_IRQHandler                 0x080001eb   Thumb Code     0  startup_gd32f30x_hd.o(.text)
    DMA0_Channel6_IRQHandler                 0x080001eb   Thumb Code     0  startup_gd32f30x_hd.o(.text)
    DMA1_Channel0_IRQHandler                 0x080001eb   Thumb Code     0  startup_gd32f30x_hd.o(.text)
    DMA1_Channel1_IRQHandler                 0x080001eb   Thumb Code     0  startup_gd32f30x_hd.o(.text)
    DMA1_Channel2_IRQHandler                 0x080001eb   Thumb Code     0  startup_gd32f30x_hd.o(.text)
    DMA1_Channel3_4_IRQHandler               0x080001eb   Thumb Code     0  startup_gd32f30x_hd.o(.text)
    EXMC_IRQHandler                          0x080001eb   Thumb Code     0  startup_gd32f30x_hd.o(.text)
    EXTI0_IRQHandler                         0x080001eb   Thumb Code     0  startup_gd32f30x_hd.o(.text)
    EXTI10_15_IRQHandler                     0x080001eb   Thumb Code     0  startup_gd32f30x_hd.o(.text)
    EXTI1_IRQHandler                         0x080001eb   Thumb Code     0  startup_gd32f30x_hd.o(.text)
    EXTI2_IRQHandler                         0x080001eb   Thumb Code     0  startup_gd32f30x_hd.o(.text)
    EXTI3_IRQHandler                         0x080001eb   Thumb Code     0  startup_gd32f30x_hd.o(.text)
    EXTI4_IRQHandler                         0x080001eb   Thumb Code     0  startup_gd32f30x_hd.o(.text)
    EXTI5_9_IRQHandler                       0x080001eb   Thumb Code     0  startup_gd32f30x_hd.o(.text)
    FMC_IRQHandler                           0x080001eb   Thumb Code     0  startup_gd32f30x_hd.o(.text)
    I2C0_ER_IRQHandler                       0x080001eb   Thumb Code     0  startup_gd32f30x_hd.o(.text)
    I2C0_EV_IRQHandler                       0x080001eb   Thumb Code     0  startup_gd32f30x_hd.o(.text)
    I2C1_ER_IRQHandler                       0x080001eb   Thumb Code     0  startup_gd32f30x_hd.o(.text)
    I2C1_EV_IRQHandler                       0x080001eb   Thumb Code     0  startup_gd32f30x_hd.o(.text)
    LVD_IRQHandler                           0x080001eb   Thumb Code     0  startup_gd32f30x_hd.o(.text)
    RCU_CTC_IRQHandler                       0x080001eb   Thumb Code     0  startup_gd32f30x_hd.o(.text)
    RTC_Alarm_IRQHandler                     0x080001eb   Thumb Code     0  startup_gd32f30x_hd.o(.text)
    RTC_IRQHandler                           0x080001eb   Thumb Code     0  startup_gd32f30x_hd.o(.text)
    SDIO_IRQHandler                          0x080001eb   Thumb Code     0  startup_gd32f30x_hd.o(.text)
    SPI0_IRQHandler                          0x080001eb   Thumb Code     0  startup_gd32f30x_hd.o(.text)
    SPI1_IRQHandler                          0x080001eb   Thumb Code     0  startup_gd32f30x_hd.o(.text)
    SPI2_IRQHandler                          0x080001eb   Thumb Code     0  startup_gd32f30x_hd.o(.text)
    TAMPER_IRQHandler                        0x080001eb   Thumb Code     0  startup_gd32f30x_hd.o(.text)
    TIMER0_BRK_IRQHandler                    0x080001eb   Thumb Code     0  startup_gd32f30x_hd.o(.text)
    TIMER0_Channel_IRQHandler                0x080001eb   Thumb Code     0  startup_gd32f30x_hd.o(.text)
    TIMER0_TRG_CMT_IRQHandler                0x080001eb   Thumb Code     0  startup_gd32f30x_hd.o(.text)
    TIMER0_UP_IRQHandler                     0x080001eb   Thumb Code     0  startup_gd32f30x_hd.o(.text)
    TIMER1_IRQHandler                        0x080001eb   Thumb Code     0  startup_gd32f30x_hd.o(.text)
    TIMER2_IRQHandler                        0x080001eb   Thumb Code     0  startup_gd32f30x_hd.o(.text)
    TIMER3_IRQHandler                        0x080001eb   Thumb Code     0  startup_gd32f30x_hd.o(.text)
    TIMER4_IRQHandler                        0x080001eb   Thumb Code     0  startup_gd32f30x_hd.o(.text)
    TIMER5_IRQHandler                        0x080001eb   Thumb Code     0  startup_gd32f30x_hd.o(.text)
    TIMER6_IRQHandler                        0x080001eb   Thumb Code     0  startup_gd32f30x_hd.o(.text)
    TIMER7_BRK_IRQHandler                    0x080001eb   Thumb Code     0  startup_gd32f30x_hd.o(.text)
    TIMER7_Channel_IRQHandler                0x080001eb   Thumb Code     0  startup_gd32f30x_hd.o(.text)
    TIMER7_TRG_CMT_IRQHandler                0x080001eb   Thumb Code     0  startup_gd32f30x_hd.o(.text)
    TIMER7_UP_IRQHandler                     0x080001eb   Thumb Code     0  startup_gd32f30x_hd.o(.text)
    UART3_IRQHandler                         0x080001eb   Thumb Code     0  startup_gd32f30x_hd.o(.text)
    UART4_IRQHandler                         0x080001eb   Thumb Code     0  startup_gd32f30x_hd.o(.text)
    USART1_IRQHandler                        0x080001eb   Thumb Code     0  startup_gd32f30x_hd.o(.text)
    USART2_IRQHandler                        0x080001eb   Thumb Code     0  startup_gd32f30x_hd.o(.text)
    USBD_HP_CAN0_TX_IRQHandler               0x080001eb   Thumb Code     0  startup_gd32f30x_hd.o(.text)
    USBD_LP_CAN0_RX0_IRQHandler              0x080001eb   Thumb Code     0  startup_gd32f30x_hd.o(.text)
    USBD_WKUP_IRQHandler                     0x080001eb   Thumb Code     0  startup_gd32f30x_hd.o(.text)
    WWDGT_IRQHandler                         0x080001eb   Thumb Code     0  startup_gd32f30x_hd.o(.text)
    __user_initial_stackheap                 0x080001ed   Thumb Code    10  startup_gd32f30x_hd.o(.text)
    __use_two_region_memory                  0x08000211   Thumb Code     2  heapauxi.o(.text)
    __rt_heap_escrow$2region                 0x08000213   Thumb Code     2  heapauxi.o(.text)
    __rt_heap_expand$2region                 0x08000215   Thumb Code     2  heapauxi.o(.text)
    __user_setup_stackheap                   0x08000217   Thumb Code    74  sys_stackheap_outer.o(.text)
    exit                                     0x08000261   Thumb Code    18  exit.o(.text)
    __user_libspace                          0x08000275   Thumb Code     8  libspace.o(.text)
    __user_perproc_libspace                  0x08000275   Thumb Code     0  libspace.o(.text)
    __user_perthread_libspace                0x08000275   Thumb Code     0  libspace.o(.text)
    _sys_exit                                0x0800027d   Thumb Code     8  sys_exit.o(.text)
    __I$use$semihosting                      0x08000289   Thumb Code     0  use_no_semi.o(.text)
    __use_no_semihosting_swi                 0x08000289   Thumb Code     2  use_no_semi.o(.text)
    __semihosting_library_function           0x0800028b   Thumb Code     0  indicate_semi.o(.text)
    KeyDrvInit                               0x080002bd   Thumb Code    60  key_drv.o(i.KeyDrvInit)
    LedDrvInit                               0x080002fd   Thumb Code    86  led_drv.o(i.LedDrvInit)
    SysTick_Handler                          0x080003bd   Thumb Code    20  systick.o(i.SysTick_Handler)
    SystemInit                               0x080003d5   Thumb Code   156  system_gd32f30x.o(i.SystemInit)
    SystickInit                              0x0800047d   Thumb Code    92  systick.o(i.SystickInit)
    TurnOffLed                               0x080004e1   Thumb Code    40  led_drv.o(i.TurnOffLed)
    TurnOnLed                                0x0800050d   Thumb Code    40  led_drv.o(i.TurnOnLed)
    USART0_IRQHandler                        0x08000539   Thumb Code    44  usb_drv.o(i.USART0_IRQHandler)
    UsbDrvInit                               0x080005f1   Thumb Code    16  usb_drv.o(i.UsbDrvInit)
    UsbTask                                  0x08000601   Thumb Code    54  usb_drv.o(i.UsbTask)
    gpio_bit_reset                           0x08000641   Thumb Code     4  gd32f30x_gpio.o(i.gpio_bit_reset)
    gpio_bit_set                             0x08000645   Thumb Code     4  gd32f30x_gpio.o(i.gpio_bit_set)
    gpio_init                                0x08000649   Thumb Code   188  gd32f30x_gpio.o(i.gpio_init)
    main                                     0x08000705   Thumb Code    24  main.o(i.main)
    nvic_irq_enable                          0x0800071d   Thumb Code   186  gd32f30x_misc.o(i.nvic_irq_enable)
    nvic_priority_group_set                  0x080007e1   Thumb Code    10  gd32f30x_misc.o(i.nvic_priority_group_set)
    rcu_clock_freq_get                       0x080007f5   Thumb Code   310  gd32f30x_rcu.o(i.rcu_clock_freq_get)
    rcu_periph_clock_enable                  0x0800094d   Thumb Code    28  gd32f30x_rcu.o(i.rcu_periph_clock_enable)
    rcu_periph_reset_disable                 0x0800096d   Thumb Code    28  gd32f30x_rcu.o(i.rcu_periph_reset_disable)
    rcu_periph_reset_enable                  0x0800098d   Thumb Code    28  gd32f30x_rcu.o(i.rcu_periph_reset_enable)
    usart_baudrate_set                       0x08000ac9   Thumb Code   136  gd32f30x_usart.o(i.usart_baudrate_set)
    usart_data_receive                       0x08000b59   Thumb Code    10  gd32f30x_usart.o(i.usart_data_receive)
    usart_deinit                             0x08000b65   Thumb Code   136  gd32f30x_usart.o(i.usart_deinit)
    usart_enable                             0x08000bf5   Thumb Code    10  gd32f30x_usart.o(i.usart_enable)
    usart_interrupt_enable                   0x08000bff   Thumb Code    26  gd32f30x_usart.o(i.usart_interrupt_enable)
    usart_interrupt_flag_clear               0x08000c19   Thumb Code    18  gd32f30x_usart.o(i.usart_interrupt_flag_clear)
    usart_interrupt_flag_get                 0x08000c2b   Thumb Code    56  gd32f30x_usart.o(i.usart_interrupt_flag_get)
    usart_receive_config                     0x08000c63   Thumb Code    20  gd32f30x_usart.o(i.usart_receive_config)
    usart_transmit_config                    0x08000c77   Thumb Code    20  gd32f30x_usart.o(i.usart_transmit_config)
    _fp_init                                 0x08000c8b   Thumb Code    10  fpinit.o(x$fpl$fpinit)
    __fplib_config_fpu_vfp                   0x08000c93   Thumb Code     0  fpinit.o(x$fpl$fpinit)
    __fplib_config_pureend_doubles           0x08000c93   Thumb Code     0  fpinit.o(x$fpl$fpinit)
    Region$$Table$$Base                      0x08000c94   Number         0  anon$$obj.o(Region$$Table)
    Region$$Table$$Limit                     0x08000cb4   Number         0  anon$$obj.o(Region$$Table)
    g_sysRunTime                             0x20000058   Data           8  systick.o(.data)
    __libspace_start                         0x20000090   Data          96  libspace.o(.bss)
    __temporary_stack_top$libspace           0x200000f0   Data           0  libspace.o(.bss)



==============================================================================

Memory Map of the image

  Image Entry point : 0x08000131

  Load Region LR_IROM1 (Base: 0x08000000, Size: 0x00000d30, Max: 0x00080000, ABSOLUTE)

    Execution Region ER_IROM1 (Exec base: 0x08000000, Load base: 0x08000000, Size: 0x00000cb4, Max: 0x00080000, ABSOLUTE)

    Exec Addr    Load Addr    Size         Type   Attr      Idx    E Section Name        Object

    0x08000000   0x08000000   0x00000130   Data   RO         1691    RESET               startup_gd32f30x_hd.o
    0x08000130   0x08000130   0x00000008   Code   RO         1755  * !!!main             c_w.l(__main.o)
    0x08000138   0x08000138   0x00000034   Code   RO         1914    !!!scatter          c_w.l(__scatter.o)
    0x0800016c   0x0800016c   0x0000001a   Code   RO         1916    !!handler_copy      c_w.l(__scatter_copy.o)
    0x08000186   0x08000186   0x00000002   PAD
    0x08000188   0x08000188   0x0000001c   Code   RO         1918    !!handler_zi        c_w.l(__scatter_zi.o)
    0x080001a4   0x080001a4   0x00000002   Code   RO         1782    .ARM.Collect$$libinit$$00000000  c_w.l(libinit.o)
    0x080001a6   0x080001a6   0x00000004   Code   RO         1788    .ARM.Collect$$libinit$$00000001  c_w.l(libinit2.o)
    0x080001aa   0x080001aa   0x00000000   Code   RO         1791    .ARM.Collect$$libinit$$00000004  c_w.l(libinit2.o)
    0x080001aa   0x080001aa   0x00000000   Code   RO         1794    .ARM.Collect$$libinit$$0000000A  c_w.l(libinit2.o)
    0x080001aa   0x080001aa   0x00000000   Code   RO         1796    .ARM.Collect$$libinit$$0000000C  c_w.l(libinit2.o)
    0x080001aa   0x080001aa   0x00000000   Code   RO         1798    .ARM.Collect$$libinit$$0000000E  c_w.l(libinit2.o)
    0x080001aa   0x080001aa   0x00000000   Code   RO         1801    .ARM.Collect$$libinit$$00000011  c_w.l(libinit2.o)
    0x080001aa   0x080001aa   0x00000000   Code   RO         1803    .ARM.Collect$$libinit$$00000013  c_w.l(libinit2.o)
    0x080001aa   0x080001aa   0x00000000   Code   RO         1805    .ARM.Collect$$libinit$$00000015  c_w.l(libinit2.o)
    0x080001aa   0x080001aa   0x00000000   Code   RO         1807    .ARM.Collect$$libinit$$00000017  c_w.l(libinit2.o)
    0x080001aa   0x080001aa   0x00000000   Code   RO         1809    .ARM.Collect$$libinit$$00000019  c_w.l(libinit2.o)
    0x080001aa   0x080001aa   0x00000000   Code   RO         1811    .ARM.Collect$$libinit$$0000001B  c_w.l(libinit2.o)
    0x080001aa   0x080001aa   0x00000000   Code   RO         1813    .ARM.Collect$$libinit$$0000001D  c_w.l(libinit2.o)
    0x080001aa   0x080001aa   0x00000000   Code   RO         1815    .ARM.Collect$$libinit$$0000001F  c_w.l(libinit2.o)
    0x080001aa   0x080001aa   0x00000000   Code   RO         1817    .ARM.Collect$$libinit$$00000021  c_w.l(libinit2.o)
    0x080001aa   0x080001aa   0x00000000   Code   RO         1819    .ARM.Collect$$libinit$$00000023  c_w.l(libinit2.o)
    0x080001aa   0x080001aa   0x00000000   Code   RO         1821    .ARM.Collect$$libinit$$00000025  c_w.l(libinit2.o)
    0x080001aa   0x080001aa   0x00000000   Code   RO         1825    .ARM.Collect$$libinit$$0000002C  c_w.l(libinit2.o)
    0x080001aa   0x080001aa   0x00000000   Code   RO         1827    .ARM.Collect$$libinit$$0000002E  c_w.l(libinit2.o)
    0x080001aa   0x080001aa   0x00000000   Code   RO         1829    .ARM.Collect$$libinit$$00000030  c_w.l(libinit2.o)
    0x080001aa   0x080001aa   0x00000000   Code   RO         1831    .ARM.Collect$$libinit$$00000032  c_w.l(libinit2.o)
    0x080001aa   0x080001aa   0x00000002   Code   RO         1832    .ARM.Collect$$libinit$$00000033  c_w.l(libinit2.o)
    0x080001ac   0x080001ac   0x00000002   Code   RO         1852    .ARM.Collect$$libshutdown$$00000000  c_w.l(libshutdown.o)
    0x080001ae   0x080001ae   0x00000000   Code   RO         1865    .ARM.Collect$$libshutdown$$00000002  c_w.l(libshutdown2.o)
    0x080001ae   0x080001ae   0x00000000   Code   RO         1867    .ARM.Collect$$libshutdown$$00000004  c_w.l(libshutdown2.o)
    0x080001ae   0x080001ae   0x00000000   Code   RO         1869    .ARM.Collect$$libshutdown$$00000006  c_w.l(libshutdown2.o)
    0x080001ae   0x080001ae   0x00000000   Code   RO         1872    .ARM.Collect$$libshutdown$$00000009  c_w.l(libshutdown2.o)
    0x080001ae   0x080001ae   0x00000000   Code   RO         1875    .ARM.Collect$$libshutdown$$0000000C  c_w.l(libshutdown2.o)
    0x080001ae   0x080001ae   0x00000000   Code   RO         1877    .ARM.Collect$$libshutdown$$0000000E  c_w.l(libshutdown2.o)
    0x080001ae   0x080001ae   0x00000000   Code   RO         1880    .ARM.Collect$$libshutdown$$00000011  c_w.l(libshutdown2.o)
    0x080001ae   0x080001ae   0x00000002   Code   RO         1881    .ARM.Collect$$libshutdown$$00000012  c_w.l(libshutdown2.o)
    0x080001b0   0x080001b0   0x00000000   Code   RO         1757    .ARM.Collect$$rtentry$$00000000  c_w.l(__rtentry.o)
    0x080001b0   0x080001b0   0x00000000   Code   RO         1759    .ARM.Collect$$rtentry$$00000002  c_w.l(__rtentry2.o)
    0x080001b0   0x080001b0   0x00000006   Code   RO         1771    .ARM.Collect$$rtentry$$00000004  c_w.l(__rtentry4.o)
    0x080001b6   0x080001b6   0x00000000   Code   RO         1761    .ARM.Collect$$rtentry$$00000009  c_w.l(__rtentry2.o)
    0x080001b6   0x080001b6   0x00000004   Code   RO         1762    .ARM.Collect$$rtentry$$0000000A  c_w.l(__rtentry2.o)
    0x080001ba   0x080001ba   0x00000000   Code   RO         1764    .ARM.Collect$$rtentry$$0000000C  c_w.l(__rtentry2.o)
    0x080001ba   0x080001ba   0x00000008   Code   RO         1765    .ARM.Collect$$rtentry$$0000000D  c_w.l(__rtentry2.o)
    0x080001c2   0x080001c2   0x00000002   Code   RO         1786    .ARM.Collect$$rtexit$$00000000  c_w.l(rtexit.o)
    0x080001c4   0x080001c4   0x00000000   Code   RO         1834    .ARM.Collect$$rtexit$$00000002  c_w.l(rtexit2.o)
    0x080001c4   0x080001c4   0x00000004   Code   RO         1835    .ARM.Collect$$rtexit$$00000003  c_w.l(rtexit2.o)
    0x080001c8   0x080001c8   0x00000006   Code   RO         1836    .ARM.Collect$$rtexit$$00000004  c_w.l(rtexit2.o)
    0x080001ce   0x080001ce   0x00000002   PAD
    0x080001d0   0x080001d0   0x00000040   Code   RO         1692    .text               startup_gd32f30x_hd.o
    0x08000210   0x08000210   0x00000006   Code   RO         1753    .text               c_w.l(heapauxi.o)
    0x08000216   0x08000216   0x0000004a   Code   RO         1773    .text               c_w.l(sys_stackheap_outer.o)
    0x08000260   0x08000260   0x00000012   Code   RO         1775    .text               c_w.l(exit.o)
    0x08000272   0x08000272   0x00000002   PAD
    0x08000274   0x08000274   0x00000008   Code   RO         1783    .text               c_w.l(libspace.o)
    0x0800027c   0x0800027c   0x0000000c   Code   RO         1844    .text               c_w.l(sys_exit.o)
    0x08000288   0x08000288   0x00000002   Code   RO         1855    .text               c_w.l(use_no_semi.o)
    0x0800028a   0x0800028a   0x00000000   Code   RO         1857    .text               c_w.l(indicate_semi.o)
    0x0800028a   0x0800028a   0x00000018   Code   RO          256    i.CalXorSum         usb_drv.o
    0x080002a2   0x080002a2   0x00000018   Code   RO          257    i.CtrlLed           usb_drv.o
    0x080002ba   0x080002ba   0x00000002   PAD
    0x080002bc   0x080002bc   0x00000040   Code   RO          181    i.KeyDrvInit        key_drv.o
    0x080002fc   0x080002fc   0x0000005c   Code   RO          140    i.LedDrvInit        led_drv.o
    0x08000358   0x08000358   0x00000064   Code   RO          258    i.ProcUartData      usb_drv.o
    0x080003bc   0x080003bc   0x00000018   Code   RO          218    i.SysTick_Handler   systick.o
    0x080003d4   0x080003d4   0x000000a8   Code   RO         1699    i.SystemInit        system_gd32f30x.o
    0x0800047c   0x0800047c   0x00000064   Code   RO          219    i.SystickInit       systick.o
    0x080004e0   0x080004e0   0x0000002c   Code   RO          142    i.TurnOffLed        led_drv.o
    0x0800050c   0x0800050c   0x0000002c   Code   RO          143    i.TurnOnLed         led_drv.o
    0x08000538   0x08000538   0x00000034   Code   RO          259    i.USART0_IRQHandler  usb_drv.o
    0x0800056c   0x0800056c   0x0000002c   Code   RO          260    i.Usb2ComGpioInit   usb_drv.o
    0x08000598   0x08000598   0x00000058   Code   RO          261    i.Usb2ComUartInit   usb_drv.o
    0x080005f0   0x080005f0   0x00000010   Code   RO          262    i.UsbDrvInit        usb_drv.o
    0x08000600   0x08000600   0x00000040   Code   RO          263    i.UsbTask           usb_drv.o
    0x08000640   0x08000640   0x00000004   Code   RO          333    i.gpio_bit_reset    gd32f30x_gpio.o
    0x08000644   0x08000644   0x00000004   Code   RO          334    i.gpio_bit_set      gd32f30x_gpio.o
    0x08000648   0x08000648   0x000000bc   Code   RO          343    i.gpio_init         gd32f30x_gpio.o
    0x08000704   0x08000704   0x00000018   Code   RO            3    i.main              main.o
    0x0800071c   0x0800071c   0x000000c4   Code   RO          533    i.nvic_irq_enable   gd32f30x_misc.o
    0x080007e0   0x080007e0   0x00000014   Code   RO          534    i.nvic_priority_group_set  gd32f30x_misc.o
    0x080007f4   0x080007f4   0x00000158   Code   RO          600    i.rcu_clock_freq_get  gd32f30x_rcu.o
    0x0800094c   0x0800094c   0x00000020   Code   RO          618    i.rcu_periph_clock_enable  gd32f30x_rcu.o
    0x0800096c   0x0800096c   0x00000020   Code   RO          621    i.rcu_periph_reset_disable  gd32f30x_rcu.o
    0x0800098c   0x0800098c   0x00000020   Code   RO          622    i.rcu_periph_reset_enable  gd32f30x_rcu.o
    0x080009ac   0x080009ac   0x00000114   Code   RO         1700    i.system_clock_120m_hxtal  system_gd32f30x.o
    0x08000ac0   0x08000ac0   0x00000008   Code   RO         1701    i.system_clock_config  system_gd32f30x.o
    0x08000ac8   0x08000ac8   0x00000090   Code   RO          932    i.usart_baudrate_set  gd32f30x_usart.o
    0x08000b58   0x08000b58   0x0000000a   Code   RO          935    i.usart_data_receive  gd32f30x_usart.o
    0x08000b62   0x08000b62   0x00000002   PAD
    0x08000b64   0x08000b64   0x00000090   Code   RO          937    i.usart_deinit      gd32f30x_usart.o
    0x08000bf4   0x08000bf4   0x0000000a   Code   RO          941    i.usart_enable      gd32f30x_usart.o
    0x08000bfe   0x08000bfe   0x0000001a   Code   RO          950    i.usart_interrupt_enable  gd32f30x_usart.o
    0x08000c18   0x08000c18   0x00000012   Code   RO          951    i.usart_interrupt_flag_clear  gd32f30x_usart.o
    0x08000c2a   0x08000c2a   0x00000038   Code   RO          952    i.usart_interrupt_flag_get  gd32f30x_usart.o
    0x08000c62   0x08000c62   0x00000014   Code   RO          965    i.usart_receive_config  gd32f30x_usart.o
    0x08000c76   0x08000c76   0x00000014   Code   RO          979    i.usart_transmit_config  gd32f30x_usart.o
    0x08000c8a   0x08000c8a   0x0000000a   Code   RO         1842    x$fpl$fpinit        fz_wm.l(fpinit.o)
    0x08000c94   0x08000c94   0x00000020   Data   RO         1912    Region$$Table       anon$$obj.o


    Execution Region RW_IRAM1 (Exec base: 0x20000000, Load base: 0x08000cb4, Size: 0x000008f0, Max: 0x00010000, ABSOLUTE)

    Exec Addr    Load Addr    Size         Type   Attr      Idx    E Section Name        Object

    0x20000000   0x08000cb4   0x00000024   Data   RW          144    .data               led_drv.o
    0x20000024   0x08000cd8   0x00000030   Data   RW          184    .data               key_drv.o
    0x20000054   0x08000d08   0x00000004   PAD
    0x20000058   0x08000d0c   0x00000008   Data   RW          220    .data               systick.o
    0x20000060   0x08000d14   0x0000001a   Data   RW          266    .data               usb_drv.o
    0x2000007a   0x08000d2e   0x00000002   PAD
    0x2000007c        -       0x00000014   Zero   RW          265    .bss                usb_drv.o
    0x20000090        -       0x00000060   Zero   RW         1784    .bss                c_w.l(libspace.o)
    0x200000f0        -       0x00000400   Zero   RW         1690    HEAP                startup_gd32f30x_hd.o
    0x200004f0        -       0x00000400   Zero   RW         1689    STACK               startup_gd32f30x_hd.o


==============================================================================

Image component sizes


      Code (inc. data)   RO Data    RW Data    ZI Data      Debug   Object Name

       196          0          0          0          0       1904   gd32f30x_gpio.o
       216         20          0          0          0       1336   gd32f30x_misc.o
       440         46          0          0          0      19724   gd32f30x_rcu.o
       448         16          0          0          0      11936   gd32f30x_usart.o
        64          4          0         48          0       1457   key_drv.o
       180         14          0         36          0       2214   led_drv.o
        24          0          0          0          0      26083   main.o
        64         26        304          0       2048        852   startup_gd32f30x_hd.o
       452         30          0          0          0       2309   system_gd32f30x.o
       124         12          0          8          0      27662   systick.o
       412         40          0         26         20       4991   usb_drv.o

    ----------------------------------------------------------------------
      2624        208        336        124       2068     100468   Object Totals
         0          0         32          0          0          0   (incl. Generated)
         4          0          0          6          0          0   (incl. Padding)

    ----------------------------------------------------------------------

      Code (inc. data)   RO Data    RW Data    ZI Data      Debug   Library Member Name

         8          0          0          0          0         68   __main.o
         0          0          0          0          0          0   __rtentry.o
        12          0          0          0          0          0   __rtentry2.o
         6          0          0          0          0          0   __rtentry4.o
        52          8          0          0          0          0   __scatter.o
        26          0          0          0          0          0   __scatter_copy.o
        28          0          0          0          0          0   __scatter_zi.o
        18          0          0          0          0         80   exit.o
         6          0          0          0          0        152   heapauxi.o
         0          0          0          0          0          0   indicate_semi.o
         2          0          0          0          0          0   libinit.o
         6          0          0          0          0          0   libinit2.o
         2          0          0          0          0          0   libshutdown.o
         2          0          0          0          0          0   libshutdown2.o
         8          4          0          0         96         68   libspace.o
         2          0          0          0          0          0   rtexit.o
        10          0          0          0          0          0   rtexit2.o
        12          4          0          0          0         68   sys_exit.o
        74          0          0          0          0         80   sys_stackheap_outer.o
         2          0          0          0          0         68   use_no_semi.o
        10          0          0          0          0        116   fpinit.o

    ----------------------------------------------------------------------
       292         16          0          0         96        700   Library Totals
         6          0          0          0          0          0   (incl. Padding)

    ----------------------------------------------------------------------

      Code (inc. data)   RO Data    RW Data    ZI Data      Debug   Library Name

       276         16          0          0         96        584   c_w.l
        10          0          0          0          0        116   fz_wm.l

    ----------------------------------------------------------------------
       292         16          0          0         96        700   Library Totals

    ----------------------------------------------------------------------

==============================================================================


      Code (inc. data)   RO Data    RW Data    ZI Data      Debug   

      2916        224        336        124       2164      97812   Grand Totals
      2916        224        336        124       2164      97812   ELF Image Totals
      2916        224        336        124          0          0   ROM Totals

==============================================================================

    Total RO  Size (Code + RO Data)                 3252 (   3.18kB)
    Total RW  Size (RW Data + ZI Data)              2288 (   2.23kB)
    Total ROM Size (Code + RO Data + RW Data)       3376 (   3.30kB)

==============================================================================

